<html>
<body>
<pre>
<h1>µVision Build Log</h1>
<h2>Tool Versions:</h2>
IDE-Version: ¦ÌVision V5.16.0.0
Copyright (C) 2015 ARM Ltd and ARM Germany GmbH. All rights reserved.
License Information: ora ang, 123, LIC=DSNMM-XPZW5-IL1CB-2LCCL-EMB3N-M89AR
 
Tool Versions:
Toolchain:       MDK-ARM Professional  Version: 5.16.0.0
Toolchain Path:  F:\install\softwares\Keil_v5\ARM\ARMCC\Bin
C Compiler:      Armcc.exe V5.06 (build 20)
Assembler:       Armasm.exe V5.06 (build 20)
Linker/Locator:  ArmLink.exe V5.06 (build 20)
Library Manager: ArmAr.exe V5.06 (build 20)
Hex Converter:   FromElf.exe V5.06 (build 20)
CPU DLL:         SARMCM3.DLL V5.16.0.0
Dialog DLL:      DCM.DLL V1.13.2.0
Target DLL:      Segger\JL2CM3.dll V2.99.15.2
Dialog DLL:      TCM.DLL V1.14.5.0
 
<h2>Project:</h2>
I:\Project\SharedPlug\SharedPlugs.uvprojx
Project File Date:  01/15/2018

<h2>Output:</h2>
*** Using Compiler 'V5.06 (build 20)', folder: 'F:\install\softwares\Keil_v5\ARM\ARMCC\Bin'
Build target 'SharedPlugs'
compiling UDPSocket.cpp...
compiling Socket.cpp...
compiling TCPSocketServer.cpp...
compiling TCPSocketConnection.cpp...
compiling Endpoint.cpp...
compiling ota.cpp...
compiling EthernetInterface.cpp...
compiling err.c...
compiling netbuf.c...
compiling api_lib.c...
compiling api_msg.c...
compiling plug.cpp...
Plugs\plug.cpp(68): warning:  #111-D: statement is unreachable
  			case 0:return relay0.read();break;
Plugs\plug.cpp(69): warning:  #111-D: statement is unreachable
  			case 1:return relay1.read();break;
Plugs\plug.cpp(70): warning:  #111-D: statement is unreachable
  			case 2:return relay2.read();break;
Plugs\plug.cpp(71): warning:  #111-D: statement is unreachable
  			case 3:return relay3.read();break;
Plugs\plug.cpp(72): warning:  #111-D: statement is unreachable
  			case 4:return relay4.read();break;
Plugs\plug.cpp(73): warning:  #111-D: statement is unreachable
  			case 5:return relay5.read();break;
Plugs\plug.cpp(74): warning:  #111-D: statement is unreachable
  			case 6:return relay6.read();break;
Plugs\plug.cpp(75): warning:  #111-D: statement is unreachable
  			case 7:return relay7.read();break;
Plugs\plug.cpp(76): warning:  #111-D: statement is unreachable
  			case 8:return relay8.read();break;
Plugs\plug.cpp(77): warning:  #111-D: statement is unreachable
  			case 9:return relay9.read();break;
Plugs\plug.cpp(78): warning:  #111-D: statement is unreachable
  			case 10:return relay10.read();break;
Plugs\plug.cpp(79): warning:  #111-D: statement is unreachable
  			case 11:return relay11.read();break;
Plugs\plug.cpp(80): warning:  #111-D: statement is unreachable
  			case 12:return relay12.read();break;
Plugs\plug.cpp(81): warning:  #111-D: statement is unreachable
  			case 13:return relay13.read();break;
Plugs\plug.cpp(82): warning:  #111-D: statement is unreachable
  			case 14:return relay14.read();break;
Plugs\plug.cpp(83): warning:  #111-D: statement is unreachable
  			case 15:return relay15.read();break;
Plugs\plug.cpp(86): warning:  #940-D: missing return statement at end of non-void function "getPortStatus"
  }
Plugs\plug.cpp: 17 warnings, 0 errors
compiling k64f_emac.c...
compiling main.cpp...
.\md5\md5Std.h(9): warning:  #1565-D: white space between backslash and newline in line splice ignored
  #define FF(a,b,c,d,x,s,ac) \  
.\md5\md5Std.h(10): warning:  #1565-D: white space between backslash and newline in line splice ignored
            { \  
.\md5\md5Std.h(11): warning:  #1565-D: white space between backslash and newline in line splice ignored
            a += F(b,c,d) + x + ac; \  
.\md5\md5Std.h(12): warning:  #1565-D: white space between backslash and newline in line splice ignored
            a = ROTATE_LEFT(a,s); \  
.\md5\md5Std.h(13): warning:  #1565-D: white space between backslash and newline in line splice ignored
            a += b; \  
.\md5\md5Std.h(15): warning:  #1565-D: white space between backslash and newline in line splice ignored
  #define GG(a,b,c,d,x,s,ac) \  
.\md5\md5Std.h(16): warning:  #1565-D: white space between backslash and newline in line splice ignored
            { \  
.\md5\md5Std.h(17): warning:  #1565-D: white space between backslash and newline in line splice ignored
            a += G(b,c,d) + x + ac; \  
.\md5\md5Std.h(18): warning:  #1565-D: white space between backslash and newline in line splice ignored
            a = ROTATE_LEFT(a,s); \  
.\md5\md5Std.h(19): warning:  #1565-D: white space between backslash and newline in line splice ignored
            a += b; \  
.\md5\md5Std.h(21): warning:  #1565-D: white space between backslash and newline in line splice ignored
  #define HH(a,b,c,d,x,s,ac) \  
.\md5\md5Std.h(22): warning:  #1565-D: white space between backslash and newline in line splice ignored
            { \  
.\md5\md5Std.h(23): warning:  #1565-D: white space between backslash and newline in line splice ignored
            a += H(b,c,d) + x + ac; \  
.\md5\md5Std.h(24): warning:  #1565-D: white space between backslash and newline in line splice ignored
            a = ROTATE_LEFT(a,s); \  
.\md5\md5Std.h(25): warning:  #1565-D: white space between backslash and newline in line splice ignored
            a += b; \  
.\md5\md5Std.h(27): warning:  #1565-D: white space between backslash and newline in line splice ignored
  #define II(a,b,c,d,x,s,ac)\  
.\md5\md5Std.h(28): warning:  #1565-D: white space between backslash and newline in line splice ignored
            {\  
.\md5\md5Std.h(29): warning:  #1565-D: white space between backslash and newline in line splice ignored
            a += I(b,c,d) + x + ac;\  
.\md5\md5Std.h(30): warning:  #1565-D: white space between backslash and newline in line splice ignored
            a = ROTATE_LEFT(a,s);\  
.\md5\md5Std.h(31): warning:  #1565-D: white space between backslash and newline in line splice ignored
            a += b;\  
.\md5\md5Std.h(46): warning:  #1-D: last line of file ends without a newline
  #endif
main.cpp(134): warning:  #2748-D: null argument provided for parameter marked with attribute "nonnull"
      if(strcmp(eth.getIPAddress(),
ULL) == NULL) {
main.cpp(141): warning:  #181-D: argument is incompatible with corresponding format string conversion
  		&MAC_ADDRESS[0],&MAC_ADDRESS[1],&MAC_ADDRESS[2],&MAC_ADDRESS[3],&MAC_ADDRESS[4],&MAC_ADDRESS[5]);
main.cpp(141): warning:  #181-D: argument is incompatible with corresponding format string conversion
  		&MAC_ADDRESS[0],&MAC_ADDRESS[1],&MAC_ADDRESS[2],&MAC_ADDRESS[3],&MAC_ADDRESS[4],&MAC_ADDRESS[5]);
main.cpp(141): warning:  #181-D: argument is incompatible with corresponding format string conversion
  		&MAC_ADDRESS[0],&MAC_ADDRESS[1],&MAC_ADDRESS[2],&MAC_ADDRESS[3],&MAC_ADDRESS[4],&MAC_ADDRESS[5]);
main.cpp(141): warning:  #181-D: argument is incompatible with corresponding format string conversion
  		&MAC_ADDRESS[0],&MAC_ADDRESS[1],&MAC_ADDRESS[2],&MAC_ADDRESS[3],&MAC_ADDRESS[4],&MAC_ADDRESS[5]);
main.cpp(141): warning:  #181-D: argument is incompatible with corresponding format string conversion
  		&MAC_ADDRESS[0],&MAC_ADDRESS[1],&MAC_ADDRESS[2],&MAC_ADDRESS[3],&MAC_ADDRESS[4],&MAC_ADDRESS[5]);
main.cpp(141): warning:  #181-D: argument is incompatible with corresponding format string conversion
  		&MAC_ADDRESS[0],&MAC_ADDRESS[1],&MAC_ADDRESS[2],&MAC_ADDRESS[3],&MAC_ADDRESS[4],&MAC_ADDRESS[5]);
main.cpp(938): warning:  #2570-D: function "rtos::Thread::Thread(void (*)(const void *), void *, osPriority, std::uint32_t, unsigned char *)" (declared at line 138 of "mbed-rtos/rtos/Thread.h") was declared deprecated ("Thread-spawning constructors hide errors and may lead to complex program state when a thread is declared")
  	Thread th1(oneSecondThread,
ULL,osPriorityNormal,512);
main.cpp: 29 warnings, 0 errors
compiling netdb.c...
compiling netifapi.c...
compiling def.c...
compiling sys_arch.c...
compiling tcpip.c...
compiling sockets.c...
compiling dhcp.c...
compiling dns.c...
compiling mem.c...
compiling raw.c...
compiling init.c...
compiling memp.c...
compiling netif.c...
compiling pbuf.c...
compiling autoip.c...
compiling stats.c...
compiling timers.c...
compiling tcp.c...
compiling tcp_in.c...
compiling udp.c...
compiling tcp_out.c...
compiling icmp.c...
compiling inet_chksum.c...
compiling inet.c...
compiling ip_addr.c...
compiling ip_frag.c...
compiling igmp.c...
compiling ip.c...
compiling auth.c...
compiling slipif.c...
compiling fsm.c...
compiling ethernetif.c...
compiling etharp.c...
compiling chap.c...
compiling chpms.c...
compiling ppp.c...
compiling pap.c...
compiling ipcp.c...
compiling ppp_oe.c...
compiling md5.c...
compiling lcp.c...
compiling magic.c...
compiling randm.c...
compiling asn1_enc.c...
compiling mib2.c...
compiling vj.c...
compiling msg_in.c...
compiling mib_structs.c...
compiling asn1_dec.c...
compiling msg_out.c...
linking...
Program Size: Code=90534 RO-data=5214 RW-data=584 ZI-data=62268  
After Build - User command #1: fromelf --bin -o .\build\uvision5\bin\SharedPlugs.bin .\build\uvision5\SharedPlugs.axf
".\build\uvision5\SharedPlugs.axf" - 0 Error(s), 46 Warning(s).

<h2>Collection of Component include folders:</h2>
  I:\Project\SharedPlug\RTE
  F:\install\softwares\Keil_v5\ARM\PACK\Keil\Kinetis_K60_DFP\1.4.0\Device\Include

<h2>Collection of Component Files used:</h2>
Build Time Elapsed:  00:00:42
</pre>
</body>
</html>
