Component: ARM Compiler 5.06 (build 20) Tool: armlink [4d35a3]

==============================================================================

Section Cross References

    bootloader.o(i._Z10bootloaderv) refers to bootloader.o(.data) for .data
    bootloader.o(i._Z8Jump_IAPv) refers to bootloader.o(.data) for .data
    bootloader.o(.ARM.exidx) refers to bootloader.o(i._Z8Jump_IAPv) for i._Z8Jump_IAPv
    bootloader.o(.ARM.exidx) refers to bootloader.o(i._Z10bootloaderv) for i._Z10bootloaderv
    main.o(i.main) refers to bootloader.o(i._Z10bootloaderv) for bootloader()
    main.o(.ARM.exidx) refers to main.o(i.main) for i.main
    freescaleiap.o(.ARM.exidx) refers to freescaleiap.o(i._Z11check_errorv) for i._Z11check_errorv
    freescaleiap.o(.ARM.exidx) refers to freescaleiap.o(i._Z11check_aligni) for i._Z11check_aligni
    freescaleiap.o(.ARM.exidx) refers to freescaleiap.o(i._Z12erase_sectori) for i._Z12erase_sectori
    freescaleiap.o(.ARM.exidx) refers to freescaleiap.o(i._Z12program_wordiPc) for i._Z12program_wordiPc
    freescaleiap.o(.ARM.exidx) refers to freescaleiap.o(i._Z13verify_erasedij) for i._Z13verify_erasedij
    freescaleiap.o(.ARM.exidx) refers to freescaleiap.o(i._Z13program_flashiPcj) for i._Z13program_flashiPcj
    freescaleiap.o(.ARM.exidx) refers to freescaleiap.o(i._Z10flash_sizev) for i._Z10flash_sizev
    freescaleiap.o(.ARM.exidx) refers to freescaleiap.o(i._Z14check_boundaryij) for i._Z14check_boundaryij
    board.o(i.mbed_die) refers to gpio.o(i.gpio_init_out) for gpio_init_out
    board.o(i.mbed_die) refers to assert.o(i.mbed_assert_internal) for mbed_assert_internal
    board.o(i.mbed_die) refers to fsl_gpio_hal.o(i.GPIO_HAL_WritePinOutput) for GPIO_HAL_WritePinOutput
    board.o(i.mbed_die) refers to wait_api.o(i.wait_ms) for wait_ms
    board.o(i.mbed_die) refers to board.o(.constdata) for .constdata
    cmsis_nvic.o(i.NVIC_SetVector) refers to rt_memmove_w.o(.text) for __aeabi_memmove4
    mbed_overrides.o(i.NMI_Handler) refers to gpio.o(i.gpio_init_in) for gpio_init_in
    retarget.o(i.$Sub$$main) refers to retarget.o(i.mbed_sdk_init) for mbed_sdk_init
    retarget.o(i.$Sub$$main) refers to retarget.o(i.mbed_main) for mbed_main
    retarget.o(i.$Sub$$main) refers to main.o(i.main) for $Super$$main
    retarget.o(i._ZN4mbed10FileHandleD0Ev) refers to delete.o(i._ZdlPv) for operator delete (void*)
    retarget.o(i._ZN4mbed10FileHandleD0Ev) refers to retarget.o(.constdata__ZTVN4mbed10FileHandleE) for vtable for mbed::FileHandle
    retarget.o(i._ZN4mbed10FileHandleD0Ev) refers to retarget.o(.bss) for .bss
    retarget.o(i._ZN4mbed10FileHandleD2Ev) refers to retarget.o(.constdata__ZTVN4mbed10FileHandleE) for vtable for mbed::FileHandle
    retarget.o(i._ZN4mbed10FileHandleD2Ev) refers to retarget.o(.bss) for .bss
    retarget.o(i._ZN4mbed26mbed_set_unbuffered_streamEPSt6__FILE) refers to setbuf.o(.text) for setbuf
    retarget.o(i._ZN4mbed9mbed_getcEPSt6__FILE) refers to fgetc.o(i.fgetc) for fgetc
    retarget.o(i._ZN4mbed9mbed_getsEPciPSt6__FILE) refers to fgets.o(.text) for fgets
    retarget.o(i._sys_close) refers to retarget.o(.bss) for .bss
    retarget.o(i._sys_ensure) refers to retarget.o(.bss) for .bss
    retarget.o(i._sys_flen) refers to retarget.o(.bss) for .bss
    retarget.o(i._sys_istty) refers to retarget.o(.bss) for .bss
    retarget.o(i._sys_open) refers to _scanf_int.o(.text) for _scanf_int
    retarget.o(i._sys_open) refers to strcmpv7m.o(.text) for strcmp
    retarget.o(i._sys_open) refers to serial_api.o(i.serial_init) for serial_init
    retarget.o(i._sys_open) refers to FilePath.o(i._ZN4mbed8FilePathC1EPKc) for mbed::FilePath::FilePath(const char*)
    retarget.o(i._sys_open) refers to FilePath.o(i._ZN4mbed8FilePath6existsEv) for mbed::FilePath::exists()
    retarget.o(i._sys_open) refers to FilePath.o(i._ZN4mbed8FilePath6isFileEv) for mbed::FilePath::isFile()
    retarget.o(i._sys_open) refers to FilePath.o(i._ZN4mbed8FilePath4fileEv) for mbed::FilePath::file()
    retarget.o(i._sys_open) refers to __0sscanf.o(.text) for __0sscanf
    retarget.o(i._sys_open) refers to FilePath.o(i._ZN4mbed8FilePath10fileSystemEv) for mbed::FilePath::fileSystem()
    retarget.o(i._sys_open) refers to FilePath.o(i._ZN4mbed8FilePath8fileNameEv) for mbed::FilePath::fileName()
    retarget.o(i._sys_open) refers to retarget.o(.constdata) for .constdata
    retarget.o(i._sys_open) refers to serial_api.o(.data) for stdio_uart_inited
    retarget.o(i._sys_open) refers to retarget.o(.bss) for .bss
    retarget.o(i._sys_read) refers to serial_api.o(i.serial_init) for serial_init
    retarget.o(i._sys_read) refers to serial_api.o(i.serial_getc) for serial_getc
    retarget.o(i._sys_read) refers to serial_api.o(.data) for stdio_uart_inited
    retarget.o(i._sys_read) refers to retarget.o(.bss) for .bss
    retarget.o(i._sys_seek) refers to retarget.o(.bss) for .bss
    retarget.o(i._sys_write) refers to serial_api.o(i.serial_init) for serial_init
[...]
    i.mbed_main                              0x00003fd0   Section        0  retarget.o(i.mbed_main)
    i.mbed_sdk_init                          0x00003fd2   Section        0  retarget.o(i.mbed_sdk_init)
    i.pin_function                           0x00003fd4   Section        0  pinmap.o(i.pin_function)
    i.pin_mode                               0x00004058   Section        0  pinmap.o(i.pin_mode)
    i.pinmap_merge                           0x000040fc   Section        0  pinmap_common.o(i.pinmap_merge)
    i.pinmap_peripheral                      0x00004134   Section        0  pinmap_common.o(i.pinmap_peripheral)
    i.pinmap_pinout                          0x0000418c   Section        0  pinmap_common.o(i.pinmap_pinout)
    i.serial_init                            0x000041dc   Section        0  serial_api.o(i.serial_init)
    i.serial_putc                            0x0000431c   Section        0  serial_api.o(i.serial_putc)
    i.us_ticker_clear_interrupt              0x00004390   Section        0  us_ticker.o(i.us_ticker_clear_interrupt)
    i.us_ticker_disable_interrupt            0x0000439c   Section        0  us_ticker.o(i.us_ticker_disable_interrupt)
    i.us_ticker_init                         0x000043a8   Section        0  us_ticker.o(i.us_ticker_init)
    i.us_ticker_irq_handler                  0x0000443c   Section        0  us_ticker_api.o(i.us_ticker_irq_handler)
    i.us_ticker_read                         0x0000447c   Section        0  us_ticker.o(i.us_ticker_read)
    i.us_ticker_set_interrupt                0x0000449c   Section        0  us_ticker.o(i.us_ticker_set_interrupt)
    i.wait_ms                                0x000044f0   Section        0  wait_api.o(i.wait_ms)
    locale$$code                             0x0000450c   Section       44  lc_numeric_c.o(locale$$code)
    locale$$code                             0x00004538   Section       44  lc_ctype_c.o(locale$$code)
    x$fpl$fpinit                             0x00004564   Section       10  fpinit.o(x$fpl$fpinit)
    $v0                                      0x00004564   Number         0  fpinit.o(x$fpl$fpinit)
    x$fpl$printf1                            0x0000456e   Section        4  printf1.o(x$fpl$printf1)
    $v0                                      0x0000456e   Number         0  printf1.o(x$fpl$printf1)
    x$fpl$printf2                            0x00004572   Section        4  printf2.o(x$fpl$printf2)
    $v0                                      0x00004572   Number         0  printf2.o(x$fpl$printf2)
    x$fpl$usenofp                            0x00004576   Section        0  usenofp.o(x$fpl$usenofp)
    .constdata                               0x00004578   Section      154  board.o(.constdata)
    .constdata                               0x00004612   Section       23  retarget.o(.constdata)
    .constdata                               0x0000462c   Section      144  fsl_gpio_hal.o(.constdata)
    .constdata                               0x000046bc   Section      353  serial_api.o(.constdata)
    .constdata                               0x00004820   Section      154  gpio.o(.constdata)
    .constdata                               0x000048bc   Section        4  fsl_clock_manager.o(.constdata)
    .constdata                               0x000048c0   Section      144  PeripheralPins.o(.constdata)
    .constdata                               0x00004950   Section      144  PeripheralPins.o(.constdata)
    .constdata                               0x000049e0   Section       18  fsl_sim_hal_K64F12.o(.constdata)
    .constdata                               0x000049f4   Section      296  gpio_api.o(.constdata)
    .constdata                               0x00004b1c   Section      308  pinmap.o(.constdata)
    .constdata                               0x00004c50   Section      140  fsl_sim_hal.o(.constdata)
    .constdata                               0x00004cdc   Section       17  __printf_flags_ss_wp.o(.constdata)
    maptable                                 0x00004cdc   Data          17  __printf_flags_ss_wp.o(.constdata)
    .constdata                               0x00004cf0   Section        8  _printf_wctomb.o(.constdata)
    initial_mbstate                          0x00004cf0   Data           8  _printf_wctomb.o(.constdata)
    .constdata                               0x00004cf8   Section       40  _printf_hex_int_ll_ptr.o(.constdata)
    uc_hextab                                0x00004cf8   Data          20  _printf_hex_int_ll_ptr.o(.constdata)
    lc_hextab                                0x00004d0c   Data          20  _printf_hex_int_ll_ptr.o(.constdata)
    .constdata                               0x00004d20   Section       38  _printf_fp_hex.o(.constdata)
    lc_hextab                                0x00004d20   Data          19  _printf_fp_hex.o(.constdata)
    uc_hextab                                0x00004d33   Data          19  _printf_fp_hex.o(.constdata)
    .constdata                               0x00004d48   Section      148  bigflt0.o(.constdata)
    tenpwrs_x                                0x00004d48   Data          60  bigflt0.o(.constdata)
    tenpwrs_i                                0x00004d84   Data          64  bigflt0.o(.constdata)
    locale$$data                             0x00004dfc   Section       28  lc_numeric_c.o(locale$$data)
    __lcnum_c_name                           0x00004e00   Data           2  lc_numeric_c.o(locale$$data)
    __lcnum_c_start                          0x00004e08   Data           0  lc_numeric_c.o(locale$$data)
    __lcnum_c_point                          0x00004e14   Data           0  lc_numeric_c.o(locale$$data)
    __lcnum_c_thousands                      0x00004e16   Data           0  lc_numeric_c.o(locale$$data)
    __lcnum_c_grouping                       0x00004e17   Data           0  lc_numeric_c.o(locale$$data)
    locale$$data                             0x00004e18   Section      272  lc_ctype_c.o(locale$$data)
    __lcnum_c_end                            0x00004e18   Data           0  lc_numeric_c.o(locale$$data)
    __lcctype_c_name                         0x00004e1c   Data           2  lc_ctype_c.o(locale$$data)
    __lcctype_c_start                        0x00004e24   Data           0  lc_ctype_c.o(locale$$data)
    __lcctype_c_end                          0x00004f28   Data           0  lc_ctype_c.o(locale$$data)
    .data                                    0x1fff0400   Section        8  bootloader.o(.data)
    .data                                    0x1fff0408   Section       12  serial_api.o(.data)
    irq_handler                              0x1fff040c   Data           4  serial_api.o(.data)
    .data                                    0x1fff0414   Section        4  us_ticker.o(.data)
    us_ticker_inited                         0x1fff0414   Data           4  us_ticker.o(.data)
    .data                                    0x1fff0418   Section        4  FileBase.o(.data)
    .data                                    0x1fff041c   Section        8  us_ticker_api.o(.data)
    head                                     0x1fff041c   Data           4  us_ticker_api.o(.data)
    event_handler                            0x1fff0420   Data           4  us_ticker_api.o(.data)
    .data                                    0x1fff0424   Section        4  stdio_streams.o(.data)
    .data                                    0x1fff0428   Section        4  stdio_streams.o(.data)
    .data                                    0x1fff042c   Section        4  stdio_streams.o(.data)
    .data                                    0x1fff0430   Section        4  heapauxa.o(.data)
    __rt_heap_escrow_base                    0x1fff0430   Data           4  heapauxa.o(.data)
    .bss                                     0x1fff0434   Section       64  retarget.o(.bss)
    filehandles                              0x1fff0434   Data          64  retarget.o(.bss)
    .bss                                     0x1fff0474   Section       84  stdio_streams.o(.bss)
    .bss                                     0x1fff04c8   Section       84  stdio_streams.o(.bss)
    .bss                                     0x1fff051c   Section       84  stdio_streams.o(.bss)
    .bss                                     0x1fff0570   Section        4  rt_heap_descriptor.o(.bss)
    __rt_heap_descriptor_data                0x1fff0570   Data           4  rt_heap_descriptor.o(.bss)
    .bss                                     0x1fff0574   Section       20  rt_locale.o(.bss)
    __rt_locale_data                         0x1fff0574   Data          20  rt_locale.o(.bss)
    .bss                                     0x1fff0588   Section        4  rt_errno_addr.o(.bss)
    __aeabi_errno_addr_data                  0x1fff0588   Data           4  rt_errno_addr.o(.bss)

    Global Symbols

    Symbol Name                              Value     Ov Type        Size  Object(Section)

    BuildAttributes$$THM_ISAv4$E$P$D$K$B$S$7EM$VFPi3$EXTD16$VFPS$VFMA$PE$A:L22UL41UL21$X:L11$S22US41US21$IEEE1$IW$USESV6$~STKCKD$USESV7$~SHL$OTIME$ROPI$IEEEJ$EBA8$UX$STANDARDLIB$REQ8$PRES8$EABIv2 0x00000000   Number         0  anon$$obj.o ABSOLUTE
    __ARM_use_no_argv                        0x00000000   Number         0  main.o ABSOLUTE
    __Vectors                                0x00000000   Data           4  startup_MK64F12.o(RESET)
    _printf_flags                            0x00000000   Number         0  printf_stubs.o ABSOLUTE
    _printf_return_value                     0x00000000   Number         0  printf_stubs.o ABSOLUTE
    _printf_sizespec                         0x00000000   Number         0  printf_stubs.o ABSOLUTE
    _printf_widthprec                        0x00000000   Number         0  printf_stubs.o ABSOLUTE
    SHT$$ARM_EXIDX$$Base                      - Undefined Reference
    SHT$$ARM_EXIDX$$Limit                     - Undefined Reference
    __ARM::default_unexpected_handler()       - Undefined Weak Reference
    __ARM_exceptions_buffer_required          - Undefined Weak Reference
    __ARM_exceptions_init                     - Undefined Weak Reference
    __aeabi_unwind_cpp_pr1                    - Undefined Weak Reference
    __aeabi_unwind_cpp_pr2                    - Undefined Weak Reference
    __alloca_initialize                       - Undefined Weak Reference
    __arm_preinit_                            - Undefined Weak Reference
    __cpp_initialize__aeabi_                  - Undefined Weak Reference
    __cxa_begin_cleanup                       - Undefined Weak Reference
    __cxa_finalize                            - Undefined Weak Reference
    __cxa_type_match                          - Undefined Weak Reference
    __rt_lib_shutdown                         - Undefined Weak Reference
    __sigvec_lookup                           - Undefined Weak Reference
    __user_heap_extent                        - Undefined Weak Reference
    _atexit_init                              - Undefined Weak Reference
    _clock_init                               - Undefined Weak Reference
    _fp_trap_init                             - Undefined Weak Reference
    _fp_trap_shutdown                         - Undefined Weak Reference
    _get_lc_collate                           - Undefined Weak Reference
    _get_lc_monetary                          - Undefined Weak Reference
    _get_lc_time                              - Undefined Weak Reference
    _getenv_init                              - Undefined Weak Reference
    _handle_redirection                       - Undefined Weak Reference
    _mutex_acquire                            - Undefined Weak Reference
    _mutex_free                               - Undefined Weak Reference
    _mutex_release                            - Undefined Weak Reference
    _printf_mbtowc                            - Undefined Weak Reference
    _printf_wc                                - Undefined Weak Reference
    _rand_init                                - Undefined Weak Reference
    _scanf_longlong                           - Undefined Weak Reference
    _scanf_mbtowc                             - Undefined Weak Reference
    _scanf_real                               - Undefined Weak Reference
    _scanf_string                             - Undefined Weak Reference
    _scanf_wctomb                             - Undefined Weak Reference
    _scanf_wstring                            - Undefined Weak Reference
    _signal_finish                            - Undefined Weak Reference
    _signal_init                              - Undefined Weak Reference
    __Vectors_End                            0x00000400   Data           0  startup_MK64F12.o(RESET)
    __Vectors_Size                           0x00000400   Number         0  startup_MK64F12.o ABSOLUTE
    __main                                   0x00000411   Thumb Code     8  __main.o(!!!main)
    __scatterload                            0x00000419   Thumb Code     0  __scatter.o(!!!scatter)
    __scatterload_rt2                        0x00000419   Thumb Code    44  __scatter.o(!!!scatter)
    __scatterload_rt2_thumb_only             0x00000419   Thumb Code     0  __scatter.o(!!!scatter)
    __scatterload_null                       0x00000427   Thumb Code     0  __scatter.o(!!!scatter)
    __scatterload_copy                       0x0000044d   Thumb Code    26  __scatter_copy.o(!!handler_copy)
    __scatterload_zeroinit                   0x00000469   Thumb Code    28  __scatter_zi.o(!!handler_zi)
    _printf_n                                0x00000485   Thumb Code     0  _printf_n.o(.ARM.Collect$$_printf_percent$$00000001)
    _printf_percent                          0x00000485   Thumb Code     0  _printf_percent.o(.ARM.Collect$$_printf_percent$$00000000)
    _printf_p                                0x0000048b   Thumb Code     0  _printf_p.o(.ARM.Collect$$_printf_percent$$00000002)
    _printf_f                                0x00000491   Thumb Code     0  _printf_f.o(.ARM.Collect$$_printf_percent$$00000003)
    _printf_e                                0x00000497   Thumb Code     0  _printf_e.o(.ARM.Collect$$_printf_percent$$00000004)
    _printf_g                                0x0000049d   Thumb Code     0  _printf_g.o(.ARM.Collect$$_printf_percent$$00000005)
    _printf_a                                0x000004a3   Thumb Code     0  _printf_a.o(.ARM.Collect$$_printf_percent$$00000006)
    _printf_ll                               0x000004a9   Thumb Code     0  _printf_ll.o(.ARM.Collect$$_printf_percent$$00000007)
    _printf_i                                0x000004b3   Thumb Code     0  _printf_i.o(.ARM.Collect$$_printf_percent$$00000008)
    _printf_d                                0x000004b9   Thumb Code     0  _printf_d.o(.ARM.Collect$$_printf_percent$$00000009)
    _printf_u                                0x000004bf   Thumb Code     0  _printf_u.o(.ARM.Collect$$_printf_percent$$0000000A)
    _printf_o                                0x000004c5   Thumb Code     0  _printf_o.o(.ARM.Collect$$_printf_percent$$0000000B)
    _printf_x                                0x000004cb   Thumb Code     0  _printf_x.o(.ARM.Collect$$_printf_percent$$0000000C)
    _printf_lli                              0x000004d1   Thumb Code     0  _printf_lli.o(.ARM.Collect$$_printf_percent$$0000000D)
    _printf_lld                              0x000004d7   Thumb Code     0  _printf_lld.o(.ARM.Collect$$_printf_percent$$0000000E)
    _printf_llu                              0x000004dd   Thumb Code     0  _printf_llu.o(.ARM.Collect$$_printf_percent$$0000000F)
    _printf_llo                              0x000004e3   Thumb Code     0  _printf_llo.o(.ARM.Collect$$_printf_percent$$00000010)
    _printf_llx                              0x000004e9   Thumb Code     0  _printf_llx.o(.ARM.Collect$$_printf_percent$$00000011)
    _printf_l                                0x000004ef   Thumb Code     0  _printf_l.o(.ARM.Collect$$_printf_percent$$00000012)
    _printf_c                                0x000004f9   Thumb Code     0  _printf_c.o(.ARM.Collect$$_printf_percent$$00000013)
    _printf_s                                0x000004ff   Thumb Code     0  _printf_s.o(.ARM.Collect$$_printf_percent$$00000014)
    _printf_lc                               0x00000505   Thumb Code     0  _printf_lc.o(.ARM.Collect$$_printf_percent$$00000015)
    _printf_ls                               0x0000050b   Thumb Code     0  _printf_ls.o(.ARM.Collect$$_printf_percent$$00000016)
    _printf_percent_end                      0x00000511   Thumb Code     0  _printf_percent_end.o(.ARM.Collect$$_printf_percent$$00000017)
    __rt_lib_init                            0x00000515   Thumb Code     0  libinit.o(.ARM.Collect$$libinit$$00000000)
    __rt_lib_init_fp_1                       0x00000517   Thumb Code     0  libinit2.o(.ARM.Collect$$libinit$$00000001)
    __rt_lib_init_heap_2                     0x0000051b   Thumb Code     0  libinit2.o(.ARM.Collect$$libinit$$00000005)
    __rt_lib_init_preinit_1                  0x0000051b   Thumb Code     0  libinit2.o(.ARM.Collect$$libinit$$00000004)
    __rt_lib_init_heap_1                     0x00000523   Thumb Code     0  libinit2.o(.ARM.Collect$$libinit$$0000000A)
    __rt_lib_init_lc_common                  0x00000523   Thumb Code     0  libinit2.o(.ARM.Collect$$libinit$$0000000F)
    __rt_lib_init_rand_1                     0x00000523   Thumb Code     0  libinit2.o(.ARM.Collect$$libinit$$0000000E)
    __rt_lib_init_user_alloc_1               0x00000523   Thumb Code     0  libinit2.o(.ARM.Collect$$libinit$$0000000C)
    __rt_lib_init_lc_collate_1               0x00000529   Thumb Code     0  libinit2.o(.ARM.Collect$$libinit$$00000011)
    __rt_lib_init_lc_ctype_2                 0x00000529   Thumb Code     0  libinit2.o(.ARM.Collect$$libinit$$00000012)
    __rt_lib_init_lc_ctype_1                 0x00000535   Thumb Code     0  libinit2.o(.ARM.Collect$$libinit$$00000013)
    __rt_lib_init_lc_monetary_1              0x00000535   Thumb Code     0  libinit2.o(.ARM.Collect$$libinit$$00000015)
    __rt_lib_init_lc_numeric_2               0x00000535   Thumb Code     0  libinit2.o(.ARM.Collect$$libinit$$00000016)
    __rt_lib_init_atexit_1                   0x0000053f   Thumb Code     0  libinit2.o(.ARM.Collect$$libinit$$0000001B)
    __rt_lib_init_clock_1                    0x0000053f   Thumb Code     0  libinit2.o(.ARM.Collect$$libinit$$00000021)
    __rt_lib_init_fp_trap_1                  0x0000053f   Thumb Code     0  libinit2.o(.ARM.Collect$$libinit$$0000001F)
    __rt_lib_init_getenv_1                   0x0000053f   Thumb Code     0  libinit2.o(.ARM.Collect$$libinit$$00000023)
    __rt_lib_init_lc_numeric_1               0x0000053f   Thumb Code     0  libinit2.o(.ARM.Collect$$libinit$$00000017)
    __rt_lib_init_lc_time_1                  0x0000053f   Thumb Code     0  libinit2.o(.ARM.Collect$$libinit$$00000019)
    __rt_lib_init_signal_1                   0x0000053f   Thumb Code     0  libinit2.o(.ARM.Collect$$libinit$$0000001D)
    __rt_lib_init_stdio_2                    0x0000053f   Thumb Code     0  libinit2.o(.ARM.Collect$$libinit$$00000024)
    __rt_lib_init_alloca_1                   0x00000543   Thumb Code     0  libinit2.o(.ARM.Collect$$libinit$$0000002E)
    __rt_lib_init_argv_1                     0x00000543   Thumb Code     0  libinit2.o(.ARM.Collect$$libinit$$0000002C)
    __rt_lib_init_cpp_1                      0x00000543   Thumb Code     0  libinit2.o(.ARM.Collect$$libinit$$00000032)
    __rt_lib_init_exceptions_1               0x00000543   Thumb Code     0  libinit2.o(.ARM.Collect$$libinit$$00000030)
    __rt_lib_init_return                     0x00000543   Thumb Code     0  libinit2.o(.ARM.Collect$$libinit$$00000033)
    __rt_lib_init_stdio_1                    0x00000543   Thumb Code     0  libinit2.o(.ARM.Collect$$libinit$$00000025)
    __rt_entry                               0x00000545   Thumb Code     0  __rtentry.o(.ARM.Collect$$rtentry$$00000000)
    __rt_entry_presh_1                       0x00000545   Thumb Code     0  __rtentry2.o(.ARM.Collect$$rtentry$$00000002)
    __rt_entry_sh                            0x00000545   Thumb Code     0  __rtentry4.o(.ARM.Collect$$rtentry$$00000004)
    __rt_lib_shutdown_stdio_2                0x00000545   Thumb Code     0  libshutdown2.o(.ARM.Collect$$libshutdown$$00000004)
    __rt_entry_li                            0x0000054b   Thumb Code     0  __rtentry2.o(.ARM.Collect$$rtentry$$0000000A)
    __rt_entry_postsh_1                      0x0000054b   Thumb Code     0  __rtentry2.o(.ARM.Collect$$rtentry$$00000009)
    __rt_entry_main                          0x0000054f   Thumb Code     0  __rtentry2.o(.ARM.Collect$$rtentry$$0000000D)
    __rt_entry_postli_1                      0x0000054f   Thumb Code     0  __rtentry2.o(.ARM.Collect$$rtentry$$0000000C)
    Reset_Handler                            0x00000559   Thumb Code     8  startup_MK64F12.o(.text)
    _maybe_terminate_alloc                   0x00000559   Thumb Code     0  maybetermalloc1.o(.emb_text)
    HardFault_Handler                        0x00000563   Thumb Code     2  startup_MK64F12.o(.text)
    MemManage_Handler                        0x00000565   Thumb Code     2  startup_MK64F12.o(.text)
    BusFault_Handler                         0x00000567   Thumb Code     2  startup_MK64F12.o(.text)
    UsageFault_Handler                       0x00000569   Thumb Code     2  startup_MK64F12.o(.text)
    SVC_Handler                              0x0000056b   Thumb Code     2  startup_MK64F12.o(.text)
    DebugMon_Handler                         0x0000056d   Thumb Code     2  startup_MK64F12.o(.text)
    PendSV_Handler                           0x0000056f   Thumb Code     2  startup_MK64F12.o(.text)
    SysTick_Handler                          0x00000571   Thumb Code     2  startup_MK64F12.o(.text)
    ADC0_IRQHandler                          0x00000573   Thumb Code     0  startup_MK64F12.o(.text)
    ADC1_IRQHandler                          0x00000573   Thumb Code     0  startup_MK64F12.o(.text)
    CAN0_Bus_Off_IRQHandler                  0x00000573   Thumb Code     0  startup_MK64F12.o(.text)
    CAN0_Error_IRQHandler                    0x00000573   Thumb Code     0  startup_MK64F12.o(.text)
    CAN0_ORed_Message_buffer_IRQHandler      0x00000573   Thumb Code     0  startup_MK64F12.o(.text)
    CAN0_Rx_Warning_IRQHandler               0x00000573   Thumb Code     0  startup_MK64F12.o(.text)
    CAN0_Tx_Warning_IRQHandler               0x00000573   Thumb Code     0  startup_MK64F12.o(.text)
    CAN0_Wake_Up_IRQHandler                  0x00000573   Thumb Code     0  startup_MK64F12.o(.text)
    CMP0_IRQHandler                          0x00000573   Thumb Code     0  startup_MK64F12.o(.text)
    CMP1_IRQHandler                          0x00000573   Thumb Code     0  startup_MK64F12.o(.text)
    CMP2_IRQHandler                          0x00000573   Thumb Code     0  startup_MK64F12.o(.text)
    CMT_IRQHandler                           0x00000573   Thumb Code     0  startup_MK64F12.o(.text)
    DAC0_IRQHandler                          0x00000573   Thumb Code     0  startup_MK64F12.o(.text)
    DAC1_IRQHandler                          0x00000573   Thumb Code     0  startup_MK64F12.o(.text)
    DMA0_IRQHandler                          0x00000573   Thumb Code     0  startup_MK64F12.o(.text)
    DMA10_IRQHandler                         0x00000573   Thumb Code     0  startup_MK64F12.o(.text)
    DMA11_IRQHandler                         0x00000573   Thumb Code     0  startup_MK64F12.o(.text)
    DMA12_IRQHandler                         0x00000573   Thumb Code     0  startup_MK64F12.o(.text)
    DMA13_IRQHandler                         0x00000573   Thumb Code     0  startup_MK64F12.o(.text)
    DMA14_IRQHandler                         0x00000573   Thumb Code     0  startup_MK64F12.o(.text)
    DMA15_IRQHandler                         0x00000573   Thumb Code     0  startup_MK64F12.o(.text)
    DMA1_IRQHandler                          0x00000573   Thumb Code     0  startup_MK64F12.o(.text)
    DMA2_IRQHandler                          0x00000573   Thumb Code     0  startup_MK64F12.o(.text)
    DMA3_IRQHandler                          0x00000573   Thumb Code     0  startup_MK64F12.o(.text)
    DMA4_IRQHandler                          0x00000573   Thumb Code     0  startup_MK64F12.o(.text)
    DMA5_IRQHandler                          0x00000573   Thumb Code     0  startup_MK64F12.o(.text)
    DMA6_IRQHandler                          0x00000573   Thumb Code     0  startup_MK64F12.o(.text)
    DMA7_IRQHandler                          0x00000573   Thumb Code     0  startup_MK64F12.o(.text)
    DMA8_IRQHandler                          0x00000573   Thumb Code     0  startup_MK64F12.o(.text)
    DMA9_IRQHandler                          0x00000573   Thumb Code     0  startup_MK64F12.o(.text)
    DMA_Error_IRQHandler                     0x00000573   Thumb Code     0  startup_MK64F12.o(.text)
    ENET_1588_Timer_IRQHandler               0x00000573   Thumb Code     0  startup_MK64F12.o(.text)
    ENET_Error_IRQHandler                    0x00000573   Thumb Code     0  startup_MK64F12.o(.text)
    ENET_Receive_IRQHandler                  0x00000573   Thumb Code     0  startup_MK64F12.o(.text)
    ENET_Transmit_IRQHandler                 0x00000573   Thumb Code     0  startup_MK64F12.o(.text)
    FTFE_IRQHandler                          0x00000573   Thumb Code     0  startup_MK64F12.o(.text)
    FTM0_IRQHandler                          0x00000573   Thumb Code     0  startup_MK64F12.o(.text)
    FTM1_IRQHandler                          0x00000573   Thumb Code     0  startup_MK64F12.o(.text)
    FTM2_IRQHandler                          0x00000573   Thumb Code     0  startup_MK64F12.o(.text)
    FTM3_IRQHandler                          0x00000573   Thumb Code     0  startup_MK64F12.o(.text)
    I2C0_IRQHandler                          0x00000573   Thumb Code     0  startup_MK64F12.o(.text)
    I2C1_IRQHandler                          0x00000573   Thumb Code     0  startup_MK64F12.o(.text)
    I2C2_IRQHandler                          0x00000573   Thumb Code     0  startup_MK64F12.o(.text)
    I2S0_Rx_IRQHandler                       0x00000573   Thumb Code     0  startup_MK64F12.o(.text)
    I2S0_Tx_IRQHandler                       0x00000573   Thumb Code     0  startup_MK64F12.o(.text)
    LLW_IRQHandler                           0x00000573   Thumb Code     0  startup_MK64F12.o(.text)
    LPTimer_IRQHandler                       0x00000573   Thumb Code     0  startup_MK64F12.o(.text)
    LVD_LVW_IRQHandler                       0x00000573   Thumb Code     0  startup_MK64F12.o(.text)
    MCG_IRQHandler                           0x00000573   Thumb Code     0  startup_MK64F12.o(.text)
    MCM_IRQHandler                           0x00000573   Thumb Code     0  startup_MK64F12.o(.text)
    PDB0_IRQHandler                          0x00000573   Thumb Code     0  startup_MK64F12.o(.text)
    PIT0_IRQHandler                          0x00000573   Thumb Code     0  startup_MK64F12.o(.text)
    PIT1_IRQHandler                          0x00000573   Thumb Code     0  startup_MK64F12.o(.text)
    PIT2_IRQHandler                          0x00000573   Thumb Code     0  startup_MK64F12.o(.text)
    PIT3_IRQHandler                          0x00000573   Thumb Code     0  startup_MK64F12.o(.text)
    PORTA_IRQHandler                         0x00000573   Thumb Code     0  startup_MK64F12.o(.text)
    PORTB_IRQHandler                         0x00000573   Thumb Code     0  startup_MK64F12.o(.text)
    PORTC_IRQHandler                         0x00000573   Thumb Code     0  startup_MK64F12.o(.text)
    PORTD_IRQHandler                         0x00000573   Thumb Code     0  startup_MK64F12.o(.text)
    PORTE_IRQHandler                         0x00000573   Thumb Code     0  startup_MK64F12.o(.text)
    RNG_IRQHandler                           0x00000573   Thumb Code     0  startup_MK64F12.o(.text)
    RTC_IRQHandler                           0x00000573   Thumb Code     0  startup_MK64F12.o(.text)
    RTC_Seconds_IRQHandler                   0x00000573   Thumb Code     0  startup_MK64F12.o(.text)
    Read_Collision_IRQHandler                0x00000573   Thumb Code     0  startup_MK64F12.o(.text)
    Reserved71_IRQHandler                    0x00000573   Thumb Code     0  startup_MK64F12.o(.text)
    SDHC_IRQHandler                          0x00000573   Thumb Code     0  startup_MK64F12.o(.text)
    SPI0_IRQHandler                          0x00000573   Thumb Code     0  startup_MK64F12.o(.text)
    SPI1_IRQHandler                          0x00000573   Thumb Code     0  startup_MK64F12.o(.text)
    SPI2_IRQHandler                          0x00000573   Thumb Code     0  startup_MK64F12.o(.text)
    SWI_IRQHandler                           0x00000573   Thumb Code     0  startup_MK64F12.o(.text)
    UART0_ERR_IRQHandler                     0x00000573   Thumb Code     0  startup_MK64F12.o(.text)
    UART0_LON_IRQHandler                     0x00000573   Thumb Code     0  startup_MK64F12.o(.text)
    UART0_RX_TX_IRQHandler                   0x00000573   Thumb Code     0  startup_MK64F12.o(.text)
    UART1_ERR_IRQHandler                     0x00000573   Thumb Code     0  startup_MK64F12.o(.text)
    UART1_RX_TX_IRQHandler                   0x00000573   Thumb Code     0  startup_MK64F12.o(.text)
    UART2_ERR_IRQHandler                     0x00000573   Thumb Code     0  startup_MK64F12.o(.text)
    UART2_RX_TX_IRQHandler                   0x00000573   Thumb Code     0  startup_MK64F12.o(.text)
    UART3_ERR_IRQHandler                     0x00000573   Thumb Code     0  startup_MK64F12.o(.text)
    UART3_RX_TX_IRQHandler                   0x00000573   Thumb Code     0  startup_MK64F12.o(.text)
    UART4_ERR_IRQHandler                     0x00000573   Thumb Code     0  startup_MK64F12.o(.text)
    UART4_RX_TX_IRQHandler                   0x00000573   Thumb Code     0  startup_MK64F12.o(.text)
    UART5_ERR_IRQHandler                     0x00000573   Thumb Code     0  startup_MK64F12.o(.text)
    UART5_RX_TX_IRQHandler                   0x00000573   Thumb Code     0  startup_MK64F12.o(.text)
    USB0_IRQHandler                          0x00000573   Thumb Code     0  startup_MK64F12.o(.text)
    USBDCD_IRQHandler                        0x00000573   Thumb Code     0  startup_MK64F12.o(.text)
    Watchdog_IRQHandler                      0x00000573   Thumb Code     0  startup_MK64F12.o(.text)
    vfprintf                                 0x0000057d   Thumb Code    10  vfprintf.o(.text)
    __2fprintf                               0x00000587   Thumb Code    20  __2fprintf.o(.text)
    _printf_str                              0x0000059b   Thumb Code    82  _printf_str.o(.text)
    _printf_int_dec                          0x000005ed   Thumb Code   104  _printf_dec.o(.text)
    __printf                                 0x00000665   Thumb Code   388  __printf_flags_ss_wp.o(.text)
    __0sscanf                                0x000007ed   Thumb Code    52  __0sscanf.o(.text)
    _scanf_int                               0x00000829   Thumb Code   332  _scanf_int.o(.text)
    _do_fflush                               0x00000975   Thumb Code    54  fflush.o(.text)
    fflush                                   0x000009ab   Thumb Code    42  fflush.o(.text)
    __aeabi_assert                           0x000009d9   Thumb Code    86  assert.o(.text)
    __assert                                 0x000009d9   Thumb Code     0  assert.o(.text)
    strlen                                   0x00000a59   Thumb Code    62  strlen.o(.text)
    strncmp                                  0x00000a97   Thumb Code   150  strncmp.o(.text)
    __aeabi_memmove4                         0x00000b2d   Thumb Code     0  rt_memmove_w.o(.text)
    __aeabi_memmove8                         0x00000b2d   Thumb Code     0  rt_memmove_w.o(.text)
    __rt_memmove_w                           0x00000b2d   Thumb Code   122  rt_memmove_w.o(.text)
    __memmove_aligned                        0x00000b53   Thumb Code     0  rt_memmove_w.o(.text)
    __memmove_lastfew_aligned                0x00000b8b   Thumb Code     0  rt_memmove_w.o(.text)
    __aeabi_memclr4                          0x00000ba7   Thumb Code     0  rt_memclr_w.o(.text)
    __aeabi_memclr8                          0x00000ba7   Thumb Code     0  rt_memclr_w.o(.text)
    __rt_memclr_w                            0x00000ba7   Thumb Code    78  rt_memclr_w.o(.text)
    _memset_w                                0x00000bab   Thumb Code     0  rt_memclr_w.o(.text)
    strcmp                                   0x00000bf5   Thumb Code   128  strcmpv7m.o(.text)
    malloc                                   0x00000c75   Thumb Code    94  h1_alloc.o(.text)
    free                                     0x00000cd3   Thumb Code    78  h1_free.o(.text)
    _printf_pre_padding                      0x00000d21   Thumb Code    44  _printf_pad.o(.text)
    _printf_post_padding                     0x00000d4d   Thumb Code    34  _printf_pad.o(.text)
    _printf_truncate_signed                  0x00000d6f   Thumb Code    18  _printf_truncate.o(.text)
    _printf_truncate_unsigned                0x00000d81   Thumb Code    18  _printf_truncate.o(.text)
    _printf_int_common                       0x00000d93   Thumb Code   178  _printf_intcommon.o(.text)
    _printf_charcount                        0x00000e45   Thumb Code    40  _printf_charcount.o(.text)
    _printf_cs_common                        0x00000e6d   Thumb Code    20  _printf_char.o(.text)
    _printf_char                             0x00000e81   Thumb Code    16  _printf_char.o(.text)
    _printf_string                           0x00000e91   Thumb Code     8  _printf_char.o(.text)
    _printf_char_file                        0x00000e99   Thumb Code    32  _printf_char_file.o(.text)
    _printf_wctomb                           0x00000ebd   Thumb Code   182  _printf_wctomb.o(.text)
    _printf_longlong_dec                     0x00000f79   Thumb Code   108  _printf_longlong_dec.o(.text)
    _printf_longlong_oct                     0x00000ff5   Thumb Code    68  _printf_oct_int_ll.o(.text)
    _printf_int_oct                          0x00001039   Thumb Code    24  _printf_oct_int_ll.o(.text)
    _printf_ll_oct                           0x00001051   Thumb Code    12  _printf_oct_int_ll.o(.text)
    _printf_longlong_hex                     0x00001065   Thumb Code    86  _printf_hex_int_ll_ptr.o(.text)
    _printf_int_hex                          0x000010bb   Thumb Code    28  _printf_hex_int_ll_ptr.o(.text)
    _printf_ll_hex                           0x000010d7   Thumb Code    12  _printf_hex_int_ll_ptr.o(.text)
    _printf_hex_ptr                          0x000010e3   Thumb Code    18  _printf_hex_int_ll_ptr.o(.text)
    _chval                                   0x000010f9   Thumb Code    28  _chval.o(.text)
    __vfscanf_char                           0x00001121   Thumb Code    24  scanf_char.o(.text)
    _sgetc                                   0x00001141   Thumb Code    30  _sgetc.o(.text)
    _sbackspace                              0x0000115f   Thumb Code    34  _sgetc.o(.text)
    ferror                                   0x00001181   Thumb Code     8  ferror.o(.text)
    _fseek                                   0x00001189   Thumb Code   242  fseek.o(.text)
    fseek                                    0x00001189   Thumb Code     0  fseek.o(.text)
    setvbuf                                  0x00001281   Thumb Code    70  setvbuf.o(.text)
    _seterr                                  0x000012c9   Thumb Code    20  stdio.o(.text)
    _writebuf                                0x000012dd   Thumb Code    84  stdio.o(.text)
    _fflush                                  0x00001331   Thumb Code    70  stdio.o(.text)
    _deferredlazyseek                        0x00001377   Thumb Code    60  stdio.o(.text)
    _initio                                  0x000013b9   Thumb Code   210  initio.o(.text)
    _terminateio                             0x0000148b   Thumb Code    56  initio.o(.text)
    abort                                    0x000014f1   Thumb Code    22  abort.o(.text)
    __aeabi_memcpy4                          0x00001507   Thumb Code     0  rt_memcpy_w.o(.text)
    __aeabi_memcpy8                          0x00001507   Thumb Code     0  rt_memcpy_w.o(.text)
    __rt_memcpy_w                            0x00001507   Thumb Code   100  rt_memcpy_w.o(.text)
    _memcpy_lastbytes_aligned                0x0000154f   Thumb Code     0  rt_memcpy_w.o(.text)
    _ttywrch                                 0x0000156b   Thumb Code    14  sys_wrch.o(.text)
    _sys_exit                                0x00001579   Thumb Code     8  sys_exit.o(.text)
    __rt_heap_descriptor                     0x00001585   Thumb Code     8  rt_heap_descriptor.o(.text)
    __use_no_heap                            0x0000158d   Thumb Code     2  hguard.o(.text)
    __heap$guard                             0x0000158f   Thumb Code     2  hguard.o(.text)
    _terminate_user_alloc                    0x00001591   Thumb Code     2  init_alloc.o(.text)
    _init_user_alloc                         0x00001593   Thumb Code     2  init_alloc.o(.text)
    __Heap_Full                              0x00001595   Thumb Code    34  init_alloc.o(.text)
    __Heap_Broken                            0x000015b7   Thumb Code     6  init_alloc.o(.text)
    _init_alloc                              0x000015bd   Thumb Code    94  init_alloc.o(.text)
    __Heap_Initialize                        0x0000161b   Thumb Code    10  h1_init.o(.text)
    __Heap_DescSize                          0x00001625   Thumb Code     4  h1_init.o(.text)
    _ll_udiv10                               0x00001629   Thumb Code   138  lludiv10.o(.text)
    isspace                                  0x000016b3   Thumb Code    18  isspace.o(.text)
    __lib_sel_fp_printf                      0x000016c5   Thumb Code     2  _printf_fp_dec.o(.text)
    _printf_fp_dec_real                      0x00001873   Thumb Code   620  _printf_fp_dec.o(.text)
    _printf_fp_hex_real                      0x00001ae1   Thumb Code   754  _printf_fp_hex.o(.text)
    _printf_char_common                      0x00001de7   Thumb Code    32  _printf_char_common.o(.text)
    _printf_lcs_common                       0x00001e0d   Thumb Code    20  _printf_wchar.o(.text)
    _printf_wchar                            0x00001e21   Thumb Code    16  _printf_wchar.o(.text)
    _printf_wstring                          0x00001e31   Thumb Code     8  _printf_wchar.o(.text)
    __vfscanf                                0x00001e39   Thumb Code   878  _scanf.o(.text)
    _ftell_internal                          0x000021ad   Thumb Code    66  ftell.o(.text)
    ftell                                    0x000021ad   Thumb Code     0  ftell.o(.text)
    freopen                                  0x000021f1   Thumb Code   158  fopen.o(.text)
    fopen                                    0x0000228f   Thumb Code    74  fopen.o(.text)
    _fclose_internal                         0x000022dd   Thumb Code    76  fclose.o(.text)
    fclose                                   0x000022dd   Thumb Code     0  fclose.o(.text)
    _wcrtomb                                 0x00002329   Thumb Code    64  _wcrtomb.o(.text)
    __sig_exit                               0x00002369   Thumb Code    10  defsig_exit.o(.text)
    __rt_SIGABRT                             0x00002373   Thumb Code    14  defsig_abrt_outer.o(.text)
    __rt_SIGRTRED                            0x00002381   Thumb Code    14  defsig_rtred_outer.o(.text)
    __I$use$semihosting                      0x0000238f   Thumb Code     0  use_no_semi.o(.text)
    __use_no_semihosting_swi                 0x0000238f   Thumb Code     2  use_no_semi.o(.text)
    __rt_ctype_table                         0x00002391   Thumb Code    16  rt_ctype_table.o(.text)
    __semihosting_library_function           0x00002391   Thumb Code     0  indicate_semi.o(.text)
    __rt_locale                              0x000023a1   Thumb Code     8  rt_locale.o(.text)
    __aeabi_errno_addr                       0x000023a9   Thumb Code     8  rt_errno_addr.o(.text)
    __errno                                  0x000023a9   Thumb Code     0  rt_errno_addr.o(.text)
    __rt_errno_addr                          0x000023a9   Thumb Code     0  rt_errno_addr.o(.text)
    __Heap_ProvideMemory                     0x000023b1   Thumb Code    52  h1_extend.o(.text)
    _printf_fp_infnan                        0x000023e5   Thumb Code   112  _printf_fp_infnan.o(.text)
    _btod_etento                             0x00002465   Thumb Code   216  bigflt0.o(.text)
    __flsbuf                                 0x00002541   Thumb Code   470  flsbuf.o(.text)
    __flsbuf_byte                            0x00002541   Thumb Code     0  flsbuf.o(.text)
    __flsbuf_wide                            0x00002541   Thumb Code     0  flsbuf.o(.text)
    __default_signal_display                 0x00002717   Thumb Code    50  defsig_general.o(.text)
    __rt_SIGABRT_inner                       0x00002749   Thumb Code    14  defsig_abrt_inner.o(.text)
    __rt_SIGRTRED_inner                      0x00002779   Thumb Code    14  defsig_rtred_inner.o(.text)
    __rt_SIGRTMEM                            0x000027ad   Thumb Code    14  defsig_rtmem_outer.o(.text)
    __rt_heap_escrow                         0x000027bd   Thumb Code    22  heapauxa.o(.text)
    __rt_heap_expand                         0x000027d3   Thumb Code    52  heapauxa.o(.text)
    __rt_SIGRTMEM_inner                      0x0000280d   Thumb Code    22  defsig_rtmem_inner.o(.text)
    __assert_puts                            0x0000285d   Thumb Code    18  assert_stdio.o(.text)
    fputs                                    0x00002875   Thumb Code    34  fputs.o(.text)
    _btod_d2e                                0x00002897   Thumb Code    62  btod.o(CL$$btod_d2e)
    _d2e_denorm_low                          0x000028d5   Thumb Code    70  btod.o(CL$$btod_d2e_denorm_low)
    _d2e_norm_op1                            0x0000291b   Thumb Code    96  btod.o(CL$$btod_d2e_norm_op1)
    __btod_div_common                        0x0000297b   Thumb Code   696  btod.o(CL$$btod_div_common)
    _e2e                                     0x00002cb3   Thumb Code   198  btod.o(CL$$btod_e2e)
    _btod_ediv                               0x00002d79   Thumb Code    40  btod.o(CL$$btod_ediv)
    _btod_emul                               0x00002da1   Thumb Code    40  btod.o(CL$$btod_emul)
    __btod_mult_common                       0x00002dc9   Thumb Code   580  btod.o(CL$$btod_mult_common)
    main                                     0x0000300d   Thumb Code    18  retarget.o(i.$Sub$$main)
    CLOCK_HAL_GetDivider                     0x00003021   Thumb Code   126  fsl_sim_hal.o(i.CLOCK_HAL_GetDivider)
    CLOCK_HAL_GetFllClk                      0x000030c9   Thumb Code   224  fsl_mcg_hal.o(i.CLOCK_HAL_GetFllClk)
    CLOCK_HAL_GetFllRefClk                   0x000031b1   Thumb Code    96  fsl_mcg_hal.o(i.CLOCK_HAL_GetFllRefClk)
    CLOCK_HAL_GetInternalRefClk              0x00003219   Thumb Code    42  fsl_mcg_hal.o(i.CLOCK_HAL_GetInternalRefClk)
    CLOCK_HAL_GetOutClk                      0x00003249   Thumb Code   180  fsl_mcg_hal.o(i.CLOCK_HAL_GetOutClk)
    CLOCK_HAL_GetPll0Clk                     0x00003309   Thumb Code    54  fsl_mcg_hal.o(i.CLOCK_HAL_GetPll0Clk)
    CLOCK_SYS_GetFreq                        0x00003349   Thumb Code   140  fsl_clock_manager.o(i.CLOCK_SYS_GetFreq)
    CLOCK_SYS_GetSysClkFreq                  0x000033e1   Thumb Code    76  fsl_clock_manager.o(i.CLOCK_SYS_GetSysClkFreq)
    CLOCK_SYS_GetUartFreq                    0x00003439   Thumb Code    38  fsl_clock_K64F12.o(i.CLOCK_SYS_GetUartFreq)
    GPIO_HAL_SetPinDir                       0x00003461   Thumb Code    38  fsl_gpio_hal.o(i.GPIO_HAL_SetPinDir)
    GPIO_HAL_WritePinOutput                  0x00003499   Thumb Code    32  fsl_gpio_hal.o(i.GPIO_HAL_WritePinOutput)
    NMI_Handler                              0x000034c9   Thumb Code    12  mbed_overrides.o(i.NMI_Handler)
    NVIC_SetVector                           0x000034d5   Thumb Code    96  cmsis_nvic.o(i.NVIC_SetVector)
    SIM_HAL_EnablePitClock                   0x0000353d   Thumb Code    12  fsl_sim_hal_K64F12.o(i.SIM_HAL_EnablePitClock)
    SIM_HAL_EnablePortClock                  0x0000354d   Thumb Code    68  fsl_sim_hal_K64F12.o(i.SIM_HAL_EnablePortClock)
    SIM_HAL_EnableUartClock                  0x000035a5   Thumb Code    78  fsl_sim_hal_K64F12.o(i.SIM_HAL_EnableUartClock)
    SystemInit                               0x0000360d   Thumb Code   274  system_MK64F12.o(i.SystemInit)
    UART_HAL_ClearStatusFlag                 0x0000374d   Thumb Code   100  fsl_uart_hal.o(i.UART_HAL_ClearStatusFlag)
    UART_HAL_GetStatusFlag                   0x000037b1   Thumb Code    68  fsl_uart_hal.o(i.UART_HAL_GetStatusFlag)
    UART_HAL_Init                            0x000037f5   Thumb Code    44  fsl_uart_hal.o(i.UART_HAL_Init)
    UART_HAL_Putchar                         0x00003821   Thumb Code     6  fsl_uart_hal.o(i.UART_HAL_Putchar)
    UART_HAL_SetBaudRate                     0x00003827   Thumb Code    76  fsl_uart_hal.o(i.UART_HAL_SetBaudRate)
    bootloader()                             0x00003875   Thumb Code   202  bootloader.o(i._Z10bootloaderv)
    mbed::FileBase::getPathType()            0x000039a1   Thumb Code     4  FileBase.o(i._ZN4mbed8FileBase11getPathTypeEv)
    mbed::FileBase::lookup(const char*, unsigned) 0x000039a5   Thumb Code    50  FileBase.o(i._ZN4mbed8FileBase6lookupEPKcj)
    mbed::FilePath::fileSystem()             0x000039dd   Thumb Code    24  FilePath.o(i._ZN4mbed8FilePath10fileSystemEv)
    mbed::FilePath::file()                   0x000039f5   Thumb Code    28  FilePath.o(i._ZN4mbed8FilePath4fileEv)
    mbed::FilePath::exists()                 0x00003a11   Thumb Code    10  FilePath.o(i._ZN4mbed8FilePath6existsEv)
    mbed::FilePath::isFile()                 0x00003a1b   Thumb Code    24  FilePath.o(i._ZN4mbed8FilePath6isFileEv)
    mbed::FilePath::fileName()               0x00003a33   Thumb Code     4  FilePath.o(i._ZN4mbed8FilePath8fileNameEv)
    mbed::FilePath::FilePath(const char*)    0x00003a37   Thumb Code    64  FilePath.o(i._ZN4mbed8FilePathC1EPKc)
    mbed::FilePath::FilePath__sub_object(const char*) 0x00003a37   Thumb Code     0  FilePath.o(i._ZN4mbed8FilePathC1EPKc)
    __ARM_fpclassify                         0x00003a77   Thumb Code    48  fpclassify.o(i.__ARM_fpclassify)
    __user_setup_stackheap                   0x00003aa9   Thumb Code    10  sys.o(i.__user_setup_stackheap)
    _is_digit                                0x00003ab9   Thumb Code    14  __printf_wp.o(i._is_digit)
    _sys_close                               0x00003ac9   Thumb Code    40  retarget.o(i._sys_close)
    _sys_flen                                0x00003af5   Thumb Code    34  retarget.o(i._sys_flen)
    _sys_istty                               0x00003b1d   Thumb Code    34  retarget.o(i._sys_istty)
    _sys_open                                0x00003b45   Thumb Code   288  retarget.o(i._sys_open)
    _sys_seek                                0x00003c81   Thumb Code    36  retarget.o(i._sys_seek)
    _sys_write                               0x00003ca9   Thumb Code    84  retarget.o(i._sys_write)
    error                                    0x00003d09   Thumb Code    20  error.o(i.error)
    exit                                     0x00003d21   Thumb Code    24  retarget.o(i.exit)
    fputc                                    0x00003d41   Thumb Code    26  fputc.o(i.fputc)
    gpio_dir                                 0x00003d5d   Thumb Code    90  gpio_api.o(i.gpio_dir)
    gpio_init                                0x00003dd9   Thumb Code    90  gpio_api.o(i.gpio_init)
    gpio_init_in                             0x00003e4d   Thumb Code    38  gpio.o(i.gpio_init_in)
    gpio_init_out                            0x00003e75   Thumb Code   108  gpio.o(i.gpio_init_out)
    gpio_mode                                0x00003ee9   Thumb Code     6  gpio_api.o(i.gpio_mode)
    $Super$$main                             0x00003eef   Thumb Code     6  main.o(i.main)
    mbed_assert_internal                     0x00003ef5   Thumb Code    24  assert.o(i.mbed_assert_internal)
    mbed_die                                 0x00003f45   Thumb Code   130  board.o(i.mbed_die)
    mbed_main                                0x00003fd1   Thumb Code     2  retarget.o(i.mbed_main)
    mbed_sdk_init                            0x00003fd3   Thumb Code     2  retarget.o(i.mbed_sdk_init)
    pin_function                             0x00003fd5   Thumb Code    84  pinmap.o(i.pin_function)
    pin_mode                                 0x00004059   Thumb Code   132  pinmap.o(i.pin_mode)
    pinmap_merge                             0x000040fd   Thumb Code    34  pinmap_common.o(i.pinmap_merge)
    pinmap_peripheral                        0x00004135   Thumb Code    54  pinmap_common.o(i.pinmap_peripheral)
    pinmap_pinout                            0x0000418d   Thumb Code    60  pinmap_common.o(i.pinmap_pinout)
    serial_init                              0x000041dd   Thumb Code   270  serial_api.o(i.serial_init)
    serial_putc                              0x0000431d   Thumb Code   110  serial_api.o(i.serial_putc)
    us_ticker_clear_interrupt                0x00004391   Thumb Code     8  us_ticker.o(i.us_ticker_clear_interrupt)
    us_ticker_disable_interrupt              0x0000439d   Thumb Code     8  us_ticker.o(i.us_ticker_disable_interrupt)
    us_ticker_init                           0x000043a9   Thumb Code   100  us_ticker.o(i.us_ticker_init)
    us_ticker_irq_handler                    0x0000443d   Thumb Code    60  us_ticker_api.o(i.us_ticker_irq_handler)
    us_ticker_read                           0x0000447d   Thumb Code    22  us_ticker.o(i.us_ticker_read)
    us_ticker_set_interrupt                  0x0000449d   Thumb Code    64  us_ticker.o(i.us_ticker_set_interrupt)
    wait_ms                                  0x000044f1   Thumb Code    28  wait_api.o(i.wait_ms)
    _get_lc_numeric                          0x0000450d   Thumb Code    44  lc_numeric_c.o(locale$$code)
    _get_lc_ctype                            0x00004539   Thumb Code    44  lc_ctype_c.o(locale$$code)
    _fp_init                                 0x00004565   Thumb Code    10  fpinit.o(x$fpl$fpinit)
    __fplib_config_fpu_vfp                   0x0000456d   Thumb Code     0  fpinit.o(x$fpl$fpinit)
    __fplib_config_pureend_doubles           0x0000456d   Thumb Code     0  fpinit.o(x$fpl$fpinit)
    _printf_fp_dec                           0x0000456f   Thumb Code     4  printf1.o(x$fpl$printf1)
    _printf_fp_hex                           0x00004573   Thumb Code     4  printf2.o(x$fpl$printf2)
    __I$use$fp                               0x00004576   Number         0  usenofp.o(x$fpl$usenofp)
    __stdin_name                             0x00004612   Data           7  retarget.o(.constdata)
    __stdout_name                            0x00004619   Data           8  retarget.o(.constdata)
    __stderr_name                            0x00004621   Data           8  retarget.o(.constdata)
    g_simBaseAddr                            0x000048bc   Data           4  fsl_clock_manager.o(.constdata)
    PinMap_UART_TX                           0x000048c0   Data         144  PeripheralPins.o(.constdata)
    PinMap_UART_RX                           0x00004950   Data         144  PeripheralPins.o(.constdata)
    kClockNameConfigTable                    0x000049e0   Data          18  fsl_sim_hal_K64F12.o(.constdata)
    Region$$Table$$Base                      0x00004ddc   Number         0  anon$$obj.o(Region$$Table)
    Region$$Table$$Limit                     0x00004dfc   Number         0  anon$$obj.o(Region$$Table)
    __ctype                                  0x00004e25   Data           0  lc_ctype_c.o(locale$$data)
    Jump_To_Application                      0x1fff0400   Data           4  bootloader.o(.data)
    JumpAddress                              0x1fff0404   Data           4  bootloader.o(.data)
    stdio_uart_inited                        0x1fff0408   Data           4  serial_api.o(.data)
    stdio_uart                               0x1fff0410   Data           4  serial_api.o(.data)
    mbed::FileBase::_head                    0x1fff0418   Data           4  FileBase.o(.data)
    __aeabi_stdin                            0x1fff0424   Data           4  stdio_streams.o(.data)
    __aeabi_stdout                           0x1fff0428   Data           4  stdio_streams.o(.data)
    __aeabi_stderr                           0x1fff042c   Data           4  stdio_streams.o(.data)
    __stdin                                  0x1fff0474   Data          84  stdio_streams.o(.bss)
    __stdout                                 0x1fff04c8   Data          84  stdio_streams.o(.bss)
    __stderr                                 0x1fff051c   Data          84  stdio_streams.o(.bss)
    Image$$RW_IRAM1$$ZI$$Limit               0x1fff058c   Number         0  anon$$obj.o ABSOLUTE



==============================================================================

Memory Map of the image

  Image Entry point : 0x00000411

  Load Region LR_IROM1 (Base: 0x00000000, Size: 0x00004f5c, Max: 0x00008000, ABSOLUTE)

    Execution Region ER_IROM1 (Base: 0x00000000, Size: 0x00004f28, Max: 0x00008000, ABSOLUTE)

    Base Addr    Size         Type   Attr      Idx    E Section Name        Object

    0x00000000   0x00000400   Data   RO          679    RESET               startup_MK64F12.o
    0x00000400   0x00000010   Code   RO          680    .ARM.__at_0x400     startup_MK64F12.o
    0x00000410   0x00000008   Code   RO         1422  * !!!main             c_w.l(__main.o)
    0x00000418   0x00000034   Code   RO         2106    !!!scatter          c_w.l(__scatter.o)
    0x0000044c   0x0000001a   Code   RO         2108    !!handler_copy      c_w.l(__scatter_copy.o)
    0x00000466   0x00000002   PAD
    0x00000468   0x0000001c   Code   RO         2110    !!handler_zi        c_w.l(__scatter_zi.o)
    0x00000484   0x00000000   Code   RO         1383    .ARM.Collect$$_printf_percent$$00000000  c_w.l(_printf_percent.o)
    0x00000484   0x00000006   Code   RO         1653    .ARM.Collect$$_printf_percent$$00000001  c_w.l(_printf_n.o)
    0x0000048a   0x00000006   Code   RO         1655    .ARM.Collect$$_printf_percent$$00000002  c_w.l(_printf_p.o)
    0x00000490   0x00000006   Code   RO         1659    .ARM.Collect$$_printf_percent$$00000003  c_w.l(_printf_f.o)
    0x00000496   0x00000006   Code   RO         1660    .ARM.Collect$$_printf_percent$$00000004  c_w.l(_printf_e.o)
    0x0000049c   0x00000006   Code   RO         1661    .ARM.Collect$$_printf_percent$$00000005  c_w.l(_printf_g.o)
    0x000004a2   0x00000006   Code   RO         1662    .ARM.Collect$$_printf_percent$$00000006  c_w.l(_printf_a.o)
    0x000004a8   0x0000000a   Code   RO         1667    .ARM.Collect$$_printf_percent$$00000007  c_w.l(_printf_ll.o)
    0x000004b2   0x00000006   Code   RO         1657    .ARM.Collect$$_printf_percent$$00000008  c_w.l(_printf_i.o)
    0x000004b8   0x00000006   Code   RO         1382    .ARM.Collect$$_printf_percent$$00000009  c_w.l(_printf_d.o)
    0x000004be   0x00000006   Code   RO         1658    .ARM.Collect$$_printf_percent$$0000000A  c_w.l(_printf_u.o)
    0x000004c4   0x00000006   Code   RO         1656    .ARM.Collect$$_printf_percent$$0000000B  c_w.l(_printf_o.o)
    0x000004ca   0x00000006   Code   RO         1654    .ARM.Collect$$_printf_percent$$0000000C  c_w.l(_printf_x.o)
    0x000004d0   0x00000006   Code   RO         1664    .ARM.Collect$$_printf_percent$$0000000D  c_w.l(_printf_lli.o)
    0x000004d6   0x00000006   Code   RO         1665    .ARM.Collect$$_printf_percent$$0000000E  c_w.l(_printf_lld.o)
    0x000004dc   0x00000006   Code   RO         1666    .ARM.Collect$$_printf_percent$$0000000F  c_w.l(_printf_llu.o)
    0x000004e2   0x00000006   Code   RO         1671    .ARM.Collect$$_printf_percent$$00000010  c_w.l(_printf_llo.o)
    0x000004e8   0x00000006   Code   RO         1672    .ARM.Collect$$_printf_percent$$00000011  c_w.l(_printf_llx.o)
    0x000004ee   0x0000000a   Code   RO         1668    .ARM.Collect$$_printf_percent$$00000012  c_w.l(_printf_l.o)
    0x000004f8   0x00000006   Code   RO         1652    .ARM.Collect$$_printf_percent$$00000013  c_w.l(_printf_c.o)
    0x000004fe   0x00000006   Code   RO         1381    .ARM.Collect$$_printf_percent$$00000014  c_w.l(_printf_s.o)
    0x00000504   0x00000006   Code   RO         1669    .ARM.Collect$$_printf_percent$$00000015  c_w.l(_printf_lc.o)
    0x0000050a   0x00000006   Code   RO         1670    .ARM.Collect$$_printf_percent$$00000016  c_w.l(_printf_ls.o)
    0x00000510   0x00000004   Code   RO         1663    .ARM.Collect$$_printf_percent$$00000017  c_w.l(_printf_percent_end.o)
    0x00000514   0x00000002   Code   RO         2040    .ARM.Collect$$libinit$$00000000  c_w.l(libinit.o)
    0x00000516   0x00000004   Code   RO         1862    .ARM.Collect$$libinit$$00000001  c_w.l(libinit2.o)
    0x0000051a   0x00000000   Code   RO         1865    .ARM.Collect$$libinit$$00000004  c_w.l(libinit2.o)
    0x0000051a   0x00000008   Code   RO         1866    .ARM.Collect$$libinit$$00000005  c_w.l(libinit2.o)
    0x00000522   0x00000000   Code   RO         1868    .ARM.Collect$$libinit$$0000000A  c_w.l(libinit2.o)
    0x00000522   0x00000000   Code   RO         1870    .ARM.Collect$$libinit$$0000000C  c_w.l(libinit2.o)
    0x00000522   0x00000000   Code   RO         1872    .ARM.Collect$$libinit$$0000000E  c_w.l(libinit2.o)
    0x00000522   0x00000006   Code   RO         1873    .ARM.Collect$$libinit$$0000000F  c_w.l(libinit2.o)
    0x00000528   0x00000000   Code   RO         1875    .ARM.Collect$$libinit$$00000011  c_w.l(libinit2.o)
    0x00000528   0x0000000c   Code   RO         1876    .ARM.Collect$$libinit$$00000012  c_w.l(libinit2.o)
    0x00000534   0x00000000   Code   RO         1877    .ARM.Collect$$libinit$$00000013  c_w.l(libinit2.o)
    0x00000534   0x00000000   Code   RO         1879    .ARM.Collect$$libinit$$00000015  c_w.l(libinit2.o)
    0x00000534   0x0000000a   Code   RO         1880    .ARM.Collect$$libinit$$00000016  c_w.l(libinit2.o)
    0x0000053e   0x00000000   Code   RO         1881    .ARM.Collect$$libinit$$00000017  c_w.l(libinit2.o)
    0x0000053e   0x00000000   Code   RO         1883    .ARM.Collect$$libinit$$00000019  c_w.l(libinit2.o)
    0x0000053e   0x00000000   Code   RO         1885    .ARM.Collect$$libinit$$0000001B  c_w.l(libinit2.o)
    0x0000053e   0x00000000   Code   RO         1887    .ARM.Collect$$libinit$$0000001D  c_w.l(libinit2.o)
    0x0000053e   0x00000000   Code   RO         1889    .ARM.Collect$$libinit$$0000001F  c_w.l(libinit2.o)
    0x0000053e   0x00000000   Code   RO         1891    .ARM.Collect$$libinit$$00000021  c_w.l(libinit2.o)
    0x0000053e   0x00000000   Code   RO         1893    .ARM.Collect$$libinit$$00000023  c_w.l(libinit2.o)
    0x0000053e   0x00000004   Code   RO         1894    .ARM.Collect$$libinit$$00000024  c_w.l(libinit2.o)
    0x00000542   0x00000000   Code   RO         1895    .ARM.Collect$$libinit$$00000025  c_w.l(libinit2.o)
    0x00000542   0x00000000   Code   RO         1899    .ARM.Collect$$libinit$$0000002C  c_w.l(libinit2.o)
    0x00000542   0x00000000   Code   RO         1901    .ARM.Collect$$libinit$$0000002E  c_w.l(libinit2.o)
    0x00000542   0x00000000   Code   RO         1903    .ARM.Collect$$libinit$$00000030  c_w.l(libinit2.o)
    0x00000542   0x00000000   Code   RO         1905    .ARM.Collect$$libinit$$00000032  c_w.l(libinit2.o)
    0x00000542   0x00000002   Code   RO         1906    .ARM.Collect$$libinit$$00000033  c_w.l(libinit2.o)
    0x00000544   0x00000000   Code   RO         1910    .ARM.Collect$$libshutdown$$00000004  c_w.l(libshutdown2.o)
    0x00000544   0x00000000   Code   RO         1540    .ARM.Collect$$rtentry$$00000000  c_w.l(__rtentry.o)
    0x00000544   0x00000000   Code   RO         1762    .ARM.Collect$$rtentry$$00000002  c_w.l(__rtentry2.o)
    0x00000544   0x00000006   Code   RO         1774    .ARM.Collect$$rtentry$$00000004  c_w.l(__rtentry4.o)
    0x0000054a   0x00000000   Code   RO         1764    .ARM.Collect$$rtentry$$00000009  c_w.l(__rtentry2.o)
    0x0000054a   0x00000004   Code   RO         1765    .ARM.Collect$$rtentry$$0000000A  c_w.l(__rtentry2.o)
    0x0000054e   0x00000000   Code   RO         1767    .ARM.Collect$$rtentry$$0000000C  c_w.l(__rtentry2.o)
    0x0000054e   0x00000008   Code   RO         1768    .ARM.Collect$$rtentry$$0000000D  c_w.l(__rtentry2.o)
    0x00000556   0x00000002   PAD
    0x00000558   0x00000000   Code   RO         1974    .emb_text           c_w.l(maybetermalloc1.o)
    0x00000558   0x00000024   Code   RO          681    .text               startup_MK64F12.o
    0x0000057c   0x0000000a   Code   RO         1349    .text               c_w.l(vfprintf.o)
    0x00000586   0x00000014   Code   RO         1351    .text               c_w.l(__2fprintf.o)
    0x0000059a   0x00000052   Code   RO         1357    .text               c_w.l(_printf_str.o)
    0x000005ec   0x00000078   Code   RO         1359    .text               c_w.l(_printf_dec.o)
    0x00000664   0x00000188   Code   RO         1378    .text               c_w.l(__printf_flags_ss_wp.o)
    0x000007ec   0x0000003c   Code   RO         1384    .text               c_w.l(__0sscanf.o)
    0x00000828   0x0000014c   Code   RO         1386    .text               c_w.l(_scanf_int.o)
    0x00000974   0x00000064   Code   RO         1388    .text               c_w.l(fflush.o)
    0x000009d8   0x00000080   Code   RO         1408    .text               c_w.l(assert.o)
    0x00000a58   0x0000003e   Code   RO         1410    .text               c_w.l(strlen.o)
    0x00000a96   0x00000096   Code   RO         1412    .text               c_w.l(strncmp.o)
    0x00000b2c   0x0000007a   Code   RO         1414    .text               c_w.l(rt_memmove_w.o)
    0x00000ba6   0x0000004e   Code   RO         1416    .text               c_w.l(rt_memclr_w.o)
    0x00000bf4   0x00000080   Code   RO         1420    .text               c_w.l(strcmpv7m.o)
    0x00000c74   0x0000005e   Code   RO         1550    .text               c_w.l(h1_alloc.o)
    0x00000cd2   0x0000004e   Code   RO         1552    .text               c_w.l(h1_free.o)
    0x00000d20   0x0000004e   Code   RO         1608    .text               c_w.l(_printf_pad.o)
    0x00000d6e   0x00000024   Code   RO         1610    .text               c_w.l(_printf_truncate.o)
    0x00000d92   0x000000b2   Code   RO         1612    .text               c_w.l(_printf_intcommon.o)
    0x00000e44   0x00000028   Code   RO         1614    .text               c_w.l(_printf_charcount.o)
    0x00000e6c   0x0000002c   Code   RO         1616    .text               c_w.l(_printf_char.o)
    0x00000e98   0x00000024   Code   RO         1618    .text               c_w.l(_printf_char_file.o)
    0x00000ebc   0x000000bc   Code   RO         1620    .text               c_w.l(_printf_wctomb.o)
    0x00000f78   0x0000007c   Code   RO         1623    .text               c_w.l(_printf_longlong_dec.o)
    0x00000ff4   0x00000070   Code   RO         1629    .text               c_w.l(_printf_oct_int_ll.o)
    0x00001064   0x00000094   Code   RO         1649    .text               c_w.l(_printf_hex_int_ll_ptr.o)
    0x000010f8   0x0000001c   Code   RO         1673    .text               c_w.l(_chval.o)
    0x00001114   0x0000002c   Code   RO         1675    .text               c_w.l(scanf_char.o)
    0x00001140   0x00000040   Code   RO         1677    .text               c_w.l(_sgetc.o)
    0x00001180   0x00000008   Code   RO         1679    .text               c_w.l(ferror.o)
    0x00001188   0x000000f8   Code   RO         1683    .text               c_w.l(fseek.o)
    0x00001280   0x00000046   Code   RO         1685    .text               c_w.l(setvbuf.o)
    0x000012c6   0x00000002   PAD
    0x000012c8   0x000000f0   Code   RO         1687    .text               c_w.l(stdio.o)
    0x000013b8   0x00000138   Code   RO         1690    .text               c_w.l(initio.o)
    0x000014f0   0x00000016   Code   RO         1698    .text               c_w.l(abort.o)
    0x00001506   0x00000064   Code   RO         1706    .text               c_w.l(rt_memcpy_w.o)
    0x0000156a   0x0000000e   Code   RO         1752    .text               c_w.l(sys_wrch.o)
    0x00001578   0x0000000c   Code   RO         1754    .text               c_w.l(sys_exit.o)
    0x00001584   0x00000008   Code   RO         1778    .text               c_w.l(rt_heap_descriptor.o)
    0x0000158c   0x00000004   Code   RO         1783    .text               c_w.l(hguard.o)
    0x00001590   0x0000008a   Code   RO         1785    .text               c_w.l(init_alloc.o)
    0x0000161a   0x0000000e   Code   RO         1789    .text               c_w.l(h1_init.o)
    0x00001628   0x0000008a   Code   RO         1803    .text               c_w.l(lludiv10.o)
    0x000016b2   0x00000012   Code   RO         1805    .text               c_w.l(isspace.o)
    0x000016c4   0x0000041a   Code   RO         1807    .text               c_w.l(_printf_fp_dec.o)
    0x00001ade   0x00000002   PAD
    0x00001ae0   0x000002fc   Code   RO         1809    .text               c_w.l(_printf_fp_hex.o)
    0x00001ddc   0x00000030   Code   RO         1812    .text               c_w.l(_printf_char_common.o)
    0x00001e0c   0x0000002c   Code   RO         1814    .text               c_w.l(_printf_wchar.o)
    0x00001e38   0x00000374   Code   RO         1816    .text               c_w.l(_scanf.o)
    0x000021ac   0x00000042   Code   RO         1822    .text               c_w.l(ftell.o)
    0x000021ee   0x00000002   PAD
    0x000021f0   0x000000ec   Code   RO         1828    .text               c_w.l(fopen.o)
    0x000022dc   0x0000004c   Code   RO         1830    .text               c_w.l(fclose.o)
    0x00002328   0x00000040   Code   RO         1846    .text               c_w.l(_wcrtomb.o)
    0x00002368   0x0000000a   Code   RO         1848    .text               c_w.l(defsig_exit.o)
    0x00002372   0x0000000e   Code   RO         1850    .text               c_w.l(defsig_abrt_outer.o)
    0x00002380   0x0000000e   Code   RO         1854    .text               c_w.l(defsig_rtred_outer.o)
    0x0000238e   0x00000002   Code   RO         1952    .text               c_w.l(use_no_semi.o)
    0x00002390   0x00000000   Code   RO         1954    .text               c_w.l(indicate_semi.o)
    0x00002390   0x00000010   Code   RO         1955    .text               c_w.l(rt_ctype_table.o)
    0x000023a0   0x00000008   Code   RO         1957    .text               c_w.l(rt_locale.o)
    0x000023a8   0x00000008   Code   RO         1967    .text               c_w.l(rt_errno_addr.o)
    0x000023b0   0x00000034   Code   RO         1976    .text               c_w.l(h1_extend.o)
    0x000023e4   0x00000080   Code   RO         1980    .text               c_w.l(_printf_fp_infnan.o)
    0x00002464   0x000000dc   Code   RO         1984    .text               c_w.l(bigflt0.o)
    0x00002540   0x000001d6   Code   RO         2009    .text               c_w.l(flsbuf.o)
    0x00002716   0x00000032   Code   RO         2016    .text               c_w.l(defsig_general.o)
    0x00002748   0x00000030   Code   RO         2018    .text               c_w.l(defsig_abrt_inner.o)
    0x00002778   0x00000034   Code   RO         2020    .text               c_w.l(defsig_rtred_inner.o)
    0x000027ac   0x0000000e   Code   RO         2022    .text               c_w.l(defsig_rtmem_outer.o)
    0x000027ba   0x00000002   PAD
    0x000027bc   0x00000050   Code   RO         2028    .text               c_w.l(heapauxa.o)
    0x0000280c   0x00000050   Code   RO         2076    .text               c_w.l(defsig_rtmem_inner.o)
    0x0000285c   0x00000018   Code   RO         2080    .text               c_w.l(assert_stdio.o)
    0x00002874   0x00000022   Code   RO         2090    .text               c_w.l(fputs.o)
    0x00002896   0x0000003e   Code   RO         1987    CL$$btod_d2e        c_w.l(btod.o)
    0x000028d4   0x00000046   Code   RO         1989    CL$$btod_d2e_denorm_low  c_w.l(btod.o)
    0x0000291a   0x00000060   Code   RO         1988    CL$$btod_d2e_norm_op1  c_w.l(btod.o)
    0x0000297a   0x00000338   Code   RO         1997    CL$$btod_div_common  c_w.l(btod.o)
    0x00002cb2   0x000000c6   Code   RO         1994    CL$$btod_e2e        c_w.l(btod.o)
    0x00002d78   0x00000028   Code   RO         1991    CL$$btod_ediv       c_w.l(btod.o)
    0x00002da0   0x00000028   Code   RO         1990    CL$$btod_emul       c_w.l(btod.o)
    0x00002dc8   0x00000244   Code   RO         1996    CL$$btod_mult_common  c_w.l(btod.o)
    0x0000300c   0x00000012   Code   RO          563    i.$Sub$$main        retarget.o
    0x0000301e   0x00000002   PAD
    0x00003020   0x000000a8   Code   RO         1277    i.CLOCK_HAL_GetDivider  mbed.ar(fsl_sim_hal.o)
    0x000030c8   0x000000e8   Code   RO         1263    i.CLOCK_HAL_GetFllClk  mbed.ar(fsl_mcg_hal.o)
    0x000031b0   0x00000068   Code   RO         1264    i.CLOCK_HAL_GetFllRefClk  mbed.ar(fsl_mcg_hal.o)
    0x00003218   0x00000030   Code   RO         1265    i.CLOCK_HAL_GetInternalRefClk  mbed.ar(fsl_mcg_hal.o)
    0x00003248   0x000000c0   Code   RO         1266    i.CLOCK_HAL_GetOutClk  mbed.ar(fsl_mcg_hal.o)
    0x00003308   0x00000040   Code   RO         1267    i.CLOCK_HAL_GetPll0Clk  mbed.ar(fsl_mcg_hal.o)
    0x00003348   0x00000098   Code   RO          864    i.CLOCK_SYS_GetFreq  mbed.ar(fsl_clock_manager.o)
    0x000033e0   0x00000058   Code   RO          866    i.CLOCK_SYS_GetSysClkFreq  mbed.ar(fsl_clock_manager.o)
    0x00003438   0x00000026   Code   RO         1149    i.CLOCK_SYS_GetUartFreq  mbed.ar(fsl_clock_K64F12.o)
    0x0000345e   0x00000002   PAD
    0x00003460   0x00000038   Code   RO          697    i.GPIO_HAL_SetPinDir  mbed.ar(fsl_gpio_hal.o)
    0x00003498   0x00000030   Code   RO          698    i.GPIO_HAL_WritePinOutput  mbed.ar(fsl_gpio_hal.o)
    0x000034c8   0x0000000c   Code   RO          555    i.NMI_Handler       mbed_overrides.o
    0x000034d4   0x00000068   Code   RO          548    i.NVIC_SetVector    cmsis_nvic.o
    0x0000353c   0x00000010   Code   RO          999    i.SIM_HAL_EnablePitClock  mbed.ar(fsl_sim_hal_K64F12.o)
    0x0000354c   0x00000058   Code   RO         1000    i.SIM_HAL_EnablePortClock  mbed.ar(fsl_sim_hal_K64F12.o)
    0x000035a4   0x00000068   Code   RO         1006    i.SIM_HAL_EnableUartClock  mbed.ar(fsl_sim_hal_K64F12.o)
    0x0000360c   0x00000140   Code   RO          689    i.SystemInit        system_MK64F12.o
    0x0000374c   0x00000064   Code   RO          882    i.UART_HAL_ClearStatusFlag  mbed.ar(fsl_uart_hal.o)
    0x000037b0   0x00000044   Code   RO          888    i.UART_HAL_GetStatusFlag  mbed.ar(fsl_uart_hal.o)
    0x000037f4   0x0000002c   Code   RO          891    i.UART_HAL_Init     mbed.ar(fsl_uart_hal.o)
    0x00003820   0x00000006   Code   RO          895    i.UART_HAL_Putchar  mbed.ar(fsl_uart_hal.o)
    0x00003826   0x0000004c   Code   RO          897    i.UART_HAL_SetBaudRate  mbed.ar(fsl_uart_hal.o)
    0x00003872   0x00000002   PAD
    0x00003874   0x0000012c   Code   RO            3    i._Z10bootloaderv   bootloader.o
    0x000039a0   0x00000004   Code   RO         1221    i._ZN4mbed8FileBase11getPathTypeEv  mbed.ar(FileBase.o)
    0x000039a4   0x00000038   Code   RO         1223    i._ZN4mbed8FileBase6lookupEPKcj  mbed.ar(FileBase.o)
    0x000039dc   0x00000018   Code   RO          751    i._ZN4mbed8FilePath10fileSystemEv  mbed.ar(FilePath.o)
    0x000039f4   0x0000001c   Code   RO          753    i._ZN4mbed8FilePath4fileEv  mbed.ar(FilePath.o)
    0x00003a10   0x0000000a   Code   RO          754    i._ZN4mbed8FilePath6existsEv  mbed.ar(FilePath.o)
    0x00003a1a   0x00000018   Code   RO          755    i._ZN4mbed8FilePath6isFileEv  mbed.ar(FilePath.o)
    0x00003a32   0x00000004   Code   RO          756    i._ZN4mbed8FilePath8fileNameEv  mbed.ar(FilePath.o)
    0x00003a36   0x00000040   Code   RO          757    i._ZN4mbed8FilePathC1EPKc  mbed.ar(FilePath.o)
    0x00003a76   0x00000030   Code   RO         2061    i.__ARM_fpclassify  m_wm.l(fpclassify.o)
    0x00003aa6   0x00000002   PAD
    0x00003aa8   0x00000010   Code   RO          683    i.__user_setup_stackheap  sys.o
    0x00003ab8   0x0000000e   Code   RO         1371    i._is_digit         c_w.l(__printf_wp.o)
    0x00003ac6   0x00000002   PAD
    0x00003ac8   0x0000002c   Code   RO          569    i._sys_close        retarget.o
    0x00003af4   0x00000028   Code   RO          572    i._sys_flen         retarget.o
    0x00003b1c   0x00000028   Code   RO          573    i._sys_istty        retarget.o
    0x00003b44   0x0000013c   Code   RO          574    i._sys_open         retarget.o
    0x00003c80   0x00000028   Code   RO          576    i._sys_seek         retarget.o
    0x00003ca8   0x00000060   Code   RO          577    i._sys_write        retarget.o
    0x00003d08   0x00000018   Code   RO         1328    i.error             mbed.ar(error.o)
    0x00003d20   0x00000020   Code   RO          579    i.exit              retarget.o
    0x00003d40   0x0000001a   Code   RO         1819    i.fputc             c_w.l(fputc.o)
    0x00003d5a   0x00000002   PAD
    0x00003d5c   0x0000007c   Code   RO         1183    i.gpio_dir          mbed.ar(gpio_api.o)
    0x00003dd8   0x00000074   Code   RO         1184    i.gpio_init         mbed.ar(gpio_api.o)
    0x00003e4c   0x00000026   Code   RO          848    i.gpio_init_in      mbed.ar(gpio.o)
    0x00003e72   0x00000002   PAD
    0x00003e74   0x00000074   Code   RO          851    i.gpio_init_out     mbed.ar(gpio.o)
    0x00003ee8   0x00000006   Code   RO         1185    i.gpio_mode         mbed.ar(gpio_api.o)
    0x00003eee   0x00000006   Code   RO          425    i.main              main.o
    0x00003ef4   0x00000050   Code   RO          836    i.mbed_assert_internal  mbed.ar(assert.o)
    0x00003f44   0x0000008c   Code   RO          540    i.mbed_die          board.o
    0x00003fd0   0x00000002   Code   RO          580    i.mbed_main         retarget.o
    0x00003fd2   0x00000002   Code   RO          581    i.mbed_sdk_init     retarget.o
    0x00003fd4   0x00000084   Code   RO         1196    i.pin_function      mbed.ar(pinmap.o)
    0x00004058   0x000000a4   Code   RO         1197    i.pin_mode          mbed.ar(pinmap.o)
    0x000040fc   0x00000038   Code   RO         1252    i.pinmap_merge      mbed.ar(pinmap_common.o)
    0x00004134   0x00000058   Code   RO         1253    i.pinmap_peripheral  mbed.ar(pinmap_common.o)
    0x0000418c   0x00000050   Code   RO         1254    i.pinmap_pinout     mbed.ar(pinmap_common.o)
    0x000041dc   0x00000140   Code   RO          713    i.serial_init       mbed.ar(serial_api.o)
    0x0000431c   0x00000074   Code   RO          717    i.serial_putc       mbed.ar(serial_api.o)
    0x00004390   0x0000000c   Code   RO         1205    i.us_ticker_clear_interrupt  mbed.ar(us_ticker.o)
    0x0000439c   0x0000000c   Code   RO         1206    i.us_ticker_disable_interrupt  mbed.ar(us_ticker.o)
    0x000043a8   0x00000094   Code   RO         1207    i.us_ticker_init    mbed.ar(us_ticker.o)
    0x0000443c   0x00000040   Code   RO         1336    i.us_ticker_irq_handler  mbed.ar(us_ticker_api.o)
    0x0000447c   0x00000020   Code   RO         1208    i.us_ticker_read    mbed.ar(us_ticker.o)
    0x0000449c   0x00000054   Code   RO         1209    i.us_ticker_set_interrupt  mbed.ar(us_ticker.o)
    0x000044f0   0x0000001c   Code   RO          841    i.wait_ms           mbed.ar(wait_api.o)
    0x0000450c   0x0000002c   Code   RO         2012    locale$$code        c_w.l(lc_numeric_c.o)
    0x00004538   0x0000002c   Code   RO         2072    locale$$code        c_w.l(lc_ctype_c.o)
    0x00004564   0x0000000a   Code   RO         2056    x$fpl$fpinit        fz_wm.l(fpinit.o)
    0x0000456e   0x00000004   Code   RO         1744    x$fpl$printf1       fz_wm.l(printf1.o)
    0x00004572   0x00000004   Code   RO         1746    x$fpl$printf2       fz_wm.l(printf2.o)
    0x00004576   0x00000000   Code   RO         2060    x$fpl$usenofp       fz_wm.l(usenofp.o)
    0x00004576   0x00000002   PAD
    0x00004578   0x0000009a   Data   RO          541    .constdata          board.o
    0x00004612   0x00000017   Data   RO          622    .constdata          retarget.o
    0x00004629   0x00000003   PAD
    0x0000462c   0x00000090   Data   RO          699    .constdata          mbed.ar(fsl_gpio_hal.o)
    0x000046bc   0x00000161   Data   RO          726    .constdata          mbed.ar(serial_api.o)
    0x0000481d   0x00000003   PAD
    0x00004820   0x0000009a   Data   RO          853    .constdata          mbed.ar(gpio.o)
    0x000048ba   0x00000002   PAD
    0x000048bc   0x00000004   Data   RO          869    .constdata          mbed.ar(fsl_clock_manager.o)
    0x000048c0   0x00000090   Data   RO          943    .constdata          mbed.ar(PeripheralPins.o)
    0x00004950   0x00000090   Data   RO          944    .constdata          mbed.ar(PeripheralPins.o)
    0x000049e0   0x00000012   Data   RO         1038    .constdata          mbed.ar(fsl_sim_hal_K64F12.o)
    0x000049f2   0x00000002   PAD
    0x000049f4   0x00000128   Data   RO         1187    .constdata          mbed.ar(gpio_api.o)
    0x00004b1c   0x00000134   Data   RO         1198    .constdata          mbed.ar(pinmap.o)
    0x00004c50   0x0000008c   Data   RO         1300    .constdata          mbed.ar(fsl_sim_hal.o)
    0x00004cdc   0x00000011   Data   RO         1379    .constdata          c_w.l(__printf_flags_ss_wp.o)
    0x00004ced   0x00000003   PAD
    0x00004cf0   0x00000008   Data   RO         1621    .constdata          c_w.l(_printf_wctomb.o)
    0x00004cf8   0x00000028   Data   RO         1650    .constdata          c_w.l(_printf_hex_int_ll_ptr.o)
    0x00004d20   0x00000026   Data   RO         1810    .constdata          c_w.l(_printf_fp_hex.o)
    0x00004d46   0x00000002   PAD
    0x00004d48   0x00000094   Data   RO         1985    .constdata          c_w.l(bigflt0.o)
    0x00004ddc   0x00000020   Data   RO         2104    Region$$Table       anon$$obj.o
    0x00004dfc   0x0000001c   Data   RO         2011    locale$$data        c_w.l(lc_numeric_c.o)
    0x00004e18   0x00000110   Data   RO         2071    locale$$data        c_w.l(lc_ctype_c.o)


    Execution Region RW_IRAM1 (Base: 0x1fff0400, Size: 0x0000018c, Max: 0x0003fc00, ABSOLUTE)

    Base Addr    Size         Type   Attr      Idx    E Section Name        Object

    0x1fff0400   0x00000008   Data   RW            7    .data               bootloader.o
    0x1fff0408   0x0000000c   Data   RW          727    .data               mbed.ar(serial_api.o)
    0x1fff0414   0x00000004   Data   RW         1211    .data               mbed.ar(us_ticker.o)
    0x1fff0418   0x00000004   Data   RW         1235    .data               mbed.ar(FileBase.o)
    0x1fff041c   0x00000008   Data   RW         1339    .data               mbed.ar(us_ticker_api.o)
    0x1fff0424   0x00000004   Data   RW         1401    .data               c_w.l(stdio_streams.o)
    0x1fff0428   0x00000004   Data   RW         1402    .data               c_w.l(stdio_streams.o)
    0x1fff042c   0x00000004   Data   RW         1403    .data               c_w.l(stdio_streams.o)
    0x1fff0430   0x00000004   Data   RW         2029    .data               c_w.l(heapauxa.o)
    0x1fff0434   0x00000040   Zero   RW          621    .bss                retarget.o
    0x1fff0474   0x00000054   Zero   RW         1398    .bss                c_w.l(stdio_streams.o)
    0x1fff04c8   0x00000054   Zero   RW         1399    .bss                c_w.l(stdio_streams.o)
    0x1fff051c   0x00000054   Zero   RW         1400    .bss                c_w.l(stdio_streams.o)
    0x1fff0570   0x00000004   Zero   RW         1779    .bss                c_w.l(rt_heap_descriptor.o)
    0x1fff0574   0x00000014   Zero   RW         1958    .bss                c_w.l(rt_locale.o)
    0x1fff0588   0x00000004   Zero   RW         1968    .bss                c_w.l(rt_errno_addr.o)


==============================================================================

Image component sizes


      Code (inc. data)   RO Data    RW Data    ZI Data      Debug   Object Name

       140         10        154          0          0        124   board.o
       300         98          0          8          0       8674   bootloader.o
       104          8          0          0          0        132   cmsis_nvic.o
         6          0          0          0          0        487   main.o
        12          0          0          0          0        124   mbed_overrides.o
       630         68         23          0         64       1236   retarget.o
        52         24       1024          0          0        276   startup_MK64F12.o
        16          6          0          0          0        116   sys.o
       320         46          0          0          0        116   system_MK64F12.o

    ----------------------------------------------------------------------
      1582        260       1236          8         64      11285   Object Totals
         0          0         32          0          0          0   (incl. Generated)
         2          0          3          0          0          0   (incl. Padding)

    ----------------------------------------------------------------------

      Code (inc. data)   RO Data    RW Data    ZI Data      Debug   Library Member Name

        60          8          0          0          0         84   __0sscanf.o
        20          0          0          0          0         84   __2fprintf.o
         8          0          0          0          0         68   __main.o
       392          4         17          0          0         92   __printf_flags_ss_wp.o
        14          0          0          0          0         68   __printf_wp.o
         0          0          0          0          0          0   __rtentry.o
        12          0          0          0          0          0   __rtentry2.o
         6          0          0          0          0          0   __rtentry4.o
        52          8          0          0          0          0   __scatter.o
        26          0          0          0          0          0   __scatter_copy.o
        28          0          0          0          0          0   __scatter_zi.o
        28          0          0          0          0         68   _chval.o
         6          0          0          0          0          0   _printf_a.o
         6          0          0          0          0          0   _printf_c.o
        44          0          0          0          0        108   _printf_char.o
        48          6          0          0          0         96   _printf_char_common.o
        36          4          0          0          0         80   _printf_char_file.o
        40          0          0          0          0         68   _printf_charcount.o
         6          0          0          0          0          0   _printf_d.o
       120         16          0          0          0         92   _printf_dec.o
         6          0          0          0          0          0   _printf_e.o
         6          0          0          0          0          0   _printf_f.o
      1050          0          0          0          0        216   _printf_fp_dec.o
       764         10         38          0          0        100   _printf_fp_hex.o
       128         16          0          0          0         84   _printf_fp_infnan.o
         6          0          0          0          0          0   _printf_g.o
       148          4         40          0          0        160   _printf_hex_int_ll_ptr.o
         6          0          0          0          0          0   _printf_i.o
       178          0          0          0          0         88   _printf_intcommon.o
        10          0          0          0          0          0   _printf_l.o
         6          0          0          0          0          0   _printf_lc.o
        10          0          0          0          0          0   _printf_ll.o
         6          0          0          0          0          0   _printf_lld.o
         6          0          0          0          0          0   _printf_lli.o
         6          0          0          0          0          0   _printf_llo.o
         6          0          0          0          0          0   _printf_llu.o
         6          0          0          0          0          0   _printf_llx.o
       124         16          0          0          0         92   _printf_longlong_dec.o
         6          0          0          0          0          0   _printf_ls.o
         6          0          0          0          0          0   _printf_n.o
         6          0          0          0          0          0   _printf_o.o
       112          8          0          0          0        124   _printf_oct_int_ll.o
         6          0          0          0          0          0   _printf_p.o
        78          0          0          0          0        108   _printf_pad.o
         0          0          0          0          0          0   _printf_percent.o
         4          0          0          0          0          0   _printf_percent_end.o
         6          0          0          0          0          0   _printf_s.o
        82          0          0          0          0         80   _printf_str.o
        36          0          0          0          0         84   _printf_truncate.o
         6          0          0          0          0          0   _printf_u.o
        44          0          0          0          0        108   _printf_wchar.o
       188          6          8          0          0         92   _printf_wctomb.o
         6          0          0          0          0          0   _printf_x.o
       884          6          0          0          0        100   _scanf.o
       332          0          0          0          0         96   _scanf_int.o
        64          0          0          0          0         84   _sgetc.o
        64          0          0          0          0         92   _wcrtomb.o
        22          0          0          0          0         80   abort.o
       128         42          0          0          0         76   assert.o
        24          6          0          0          0         80   assert_stdio.o
       220          4        148          0          0         96   bigflt0.o
      1910        128          0          0          0        672   btod.o
        48         34          0          0          0         76   defsig_abrt_inner.o
        14          0          0          0          0         80   defsig_abrt_outer.o
        10          0          0          0          0         68   defsig_exit.o
        50          0          0          0          0         88   defsig_general.o
        80         58          0          0          0         76   defsig_rtmem_inner.o
        14          0          0          0          0         80   defsig_rtmem_outer.o
        52         38          0          0          0         76   defsig_rtred_inner.o
        14          0          0          0          0         80   defsig_rtred_outer.o
        76          0          0          0          0         88   fclose.o
         8          0          0          0          0         68   ferror.o
       100          4          0          0          0        120   fflush.o
       470          0          0          0          0         88   flsbuf.o
       236          4          0          0          0        128   fopen.o
        26          0          0          0          0         68   fputc.o
        34          0          0          0          0         80   fputs.o
       248          6          0          0          0         84   fseek.o
        66          0          0          0          0         76   ftell.o
        94          0          0          0          0         80   h1_alloc.o
        52          0          0          0          0         68   h1_extend.o
        78          0          0          0          0         80   h1_free.o
        14          0          0          0          0         84   h1_init.o
        80          6          0          4          0         96   heapauxa.o
         4          0          0          0          0        136   hguard.o
         0          0          0          0          0          0   indicate_semi.o
       138          0          0          0          0        168   init_alloc.o
       312         46          0          0          0        112   initio.o
        18          0          0          0          0         76   isspace.o
        44         10        272          0          0         76   lc_ctype_c.o
        44         10         28          0          0         76   lc_numeric_c.o
         2          0          0          0          0          0   libinit.o
        46          0          0          0          0          0   libinit2.o
         0          0          0          0          0          0   libshutdown2.o
       138          0          0          0          0         80   lludiv10.o
         0          0          0          0          0          0   maybetermalloc1.o
        16          4          0          0          0         76   rt_ctype_table.o
         8          4          0          0          4         68   rt_errno_addr.o
         8          4          0          0          4         68   rt_heap_descriptor.o
         8          4          0          0         20         68   rt_locale.o
        78          0          0          0          0         80   rt_memclr_w.o
       100          0          0          0          0         80   rt_memcpy_w.o
       122          0          0          0          0         80   rt_memmove_w.o
        44          8          0          0          0         84   scanf_char.o
        70          0          0          0          0         80   setvbuf.o
       240          6          0          0          0        156   stdio.o
         0          0          0         12        252          0   stdio_streams.o
       128          0          0          0          0         68   strcmpv7m.o
        62          0          0          0          0         76   strlen.o
       150          0          0          0          0         80   strncmp.o
        12          4          0          0          0         68   sys_exit.o
        14          0          0          0          0         76   sys_wrch.o
         2          0          0          0          0         68   use_no_semi.o
        10          0          0          0          0         68   vfprintf.o
        10          0          0          0          0        116   fpinit.o
         4          0          0          0          0        116   printf1.o
         4          0          0          0          0        116   printf2.o
         0          0          0          0          0          0   usenofp.o
        48          0          0          0          0        124   fpclassify.o
        60          6          0          4          0        244   FileBase.o
       154          0          0          0          0        728   FilePath.o
         0          0        288          0          0          0   PeripheralPins.o
        80         56          0          0          0        128   assert.o
        24          4          0          0          0        128   error.o
        38          6          0          0          0        124   fsl_clock_K64F12.o
       240         48          4          0          0        256   fsl_clock_manager.o
       104         34        144          0          0        248   fsl_gpio_hal.o
       640         44          0          0          0        632   fsl_mcg_hal.o
       168         42        140          0          0        124   fsl_sim_hal.o
       208         62         18          0          0        348   fsl_sim_hal_K64F12.o
       294          0          0          0          0        596   fsl_uart_hal.o
       154          8        154          0          0        288   gpio.o
       246         60        296          0          0        396   gpio_api.o
       296         80        308          0          0        272   pinmap.o
       224         76          0          0          0        384   pinmap_common.o
       436         56        353         12          0        280   serial_api.o
       288         86          0          4          0        616   us_ticker.o
        64          4          0          8          0        136   us_ticker_api.o
        28          0          0          0          0        128   wait_api.o

    ----------------------------------------------------------------------
     15178       1214       2268         44        280      14048   Library Totals
        26          0         12          0          0          0   (incl. Padding)

    ----------------------------------------------------------------------

      Code (inc. data)   RO Data    RW Data    ZI Data      Debug   Library Name

     11340        542        551         16        280       7520   c_w.l
        18          0          0          0          0        348   fz_wm.l
        48          0          0          0          0        124   m_wm.l
      3746        672       1705         28          0       6056   mbed.ar

    ----------------------------------------------------------------------
     15178       1214       2268         44        280      14048   Library Totals

    ----------------------------------------------------------------------

==============================================================================


      Code (inc. data)   RO Data    RW Data    ZI Data      Debug   

     16760       1474       3504         52        344      14869   Grand Totals
     16760       1474       3504         52        344      14869   ELF Image Totals
     16760       1474       3504         52          0          0   ROM Totals

==============================================================================

    Total RO  Size (Code + RO Data)                20264 (  19.79kB)
    Total RW  Size (RW Data + ZI Data)               396 (   0.39kB)
    Total ROM Size (Code + RO Data + RW Data)      20316 (  19.84kB)

==============================================================================

