<!doctype html public "-//w3c//dtd html 4.0 transitional//en">
<html><head>
<title>Static Call Graph - [.\build\uvision5\Bootloader_K64F_20160926.axf]</title></head>
<body><HR>
<H1>Static Call Graph for image .\build\uvision5\Bootloader_K64F_20160926.axf</H1><HR>
<BR><P>#&#060CALLGRAPH&#062# ARM Linker, 5060020: Last Updated: Mon Jan 29 09:02:00 2018
<BR><P>
<H3>Maximum Stack Usage =        560 bytes + Unknown(Cycles, Untraceable Function Pointers)</H3><H3>
Call chain for Maximum Stack Depth:</H3>
NMI_Handler &rArr; gpio_init_in &rArr; gpio_mode &rArr; pin_mode &rArr; __aeabi_assert &rArr; __assert_puts &rArr; fflush &rArr; _do_fflush &rArr; _fflush &rArr; _writebuf &rArr; _sys_write &rArr; serial_init &rArr;  pin_mode (Cycle)
<P>
<H3>
Mutually Recursive functions
</H3> <LI><a href="#[12]">HardFault_Handler</a>&nbsp;&nbsp;&nbsp;&rArr;&nbsp;&nbsp;&nbsp;<a href="#[12]">HardFault_Handler</a><BR>
 <LI><a href="#[13]">MemManage_Handler</a>&nbsp;&nbsp;&nbsp;&rArr;&nbsp;&nbsp;&nbsp;<a href="#[13]">MemManage_Handler</a><BR>
 <LI><a href="#[14]">BusFault_Handler</a>&nbsp;&nbsp;&nbsp;&rArr;&nbsp;&nbsp;&nbsp;<a href="#[14]">BusFault_Handler</a><BR>
 <LI><a href="#[15]">UsageFault_Handler</a>&nbsp;&nbsp;&nbsp;&rArr;&nbsp;&nbsp;&nbsp;<a href="#[15]">UsageFault_Handler</a><BR>
 <LI><a href="#[16]">SVC_Handler</a>&nbsp;&nbsp;&nbsp;&rArr;&nbsp;&nbsp;&nbsp;<a href="#[16]">SVC_Handler</a><BR>
 <LI><a href="#[17]">DebugMon_Handler</a>&nbsp;&nbsp;&nbsp;&rArr;&nbsp;&nbsp;&nbsp;<a href="#[17]">DebugMon_Handler</a><BR>
 <LI><a href="#[18]">PendSV_Handler</a>&nbsp;&nbsp;&nbsp;&rArr;&nbsp;&nbsp;&nbsp;<a href="#[18]">PendSV_Handler</a><BR>
 <LI><a href="#[19]">SysTick_Handler</a>&nbsp;&nbsp;&nbsp;&rArr;&nbsp;&nbsp;&nbsp;<a href="#[19]">SysTick_Handler</a><BR>
 <LI><a href="#[41]">ADC0_IRQHandler</a>&nbsp;&nbsp;&nbsp;&rArr;&nbsp;&nbsp;&nbsp;<a href="#[41]">ADC0_IRQHandler</a><BR>
 <LI><a href="#[b3]">exit</a>&nbsp;&nbsp;&nbsp;&rArr;&nbsp;&nbsp;&nbsp;<a href="#[c7]">fflush</a><BR>
 <LI><a href="#[10f]">CLOCK_HAL_GetDivider</a>&nbsp;&nbsp;&nbsp;&rArr;&nbsp;&nbsp;&nbsp;<a href="#[c8]">__aeabi_assert</a><BR>
 <LI><a href="#[116]">CLOCK_SYS_GetSysClkFreq</a>&nbsp;&nbsp;&nbsp;&rArr;&nbsp;&nbsp;&nbsp;<a href="#[112]">CLOCK_SYS_GetFreq</a><BR>
 <LI><a href="#[133]">mbed_assert_internal</a>&nbsp;&nbsp;&nbsp;&rArr;&nbsp;&nbsp;&nbsp;<a href="#[130]">mbed_die</a><BR>
 <LI><a href="#[137]">gpio_init_out</a>&nbsp;&nbsp;&nbsp;&rArr;&nbsp;&nbsp;&nbsp;<a href="#[136]">gpio_mode</a><BR>
 <LI><a href="#[134]">gpio_init</a>&nbsp;&nbsp;&nbsp;&rArr;&nbsp;&nbsp;&nbsp;<a href="#[c8]">__aeabi_assert</a><BR>
 <LI><a href="#[118]">GPIO_HAL_SetPinDir</a>&nbsp;&nbsp;&nbsp;&rArr;&nbsp;&nbsp;&nbsp;<a href="#[c8]">__aeabi_assert</a><BR>
 <LI><a href="#[119]">GPIO_HAL_WritePinOutput</a>&nbsp;&nbsp;&nbsp;&rArr;&nbsp;&nbsp;&nbsp;<a href="#[c8]">__aeabi_assert</a><BR>
 <LI><a href="#[13a]">pin_function</a>&nbsp;&nbsp;&nbsp;&rArr;&nbsp;&nbsp;&nbsp;<a href="#[c8]">__aeabi_assert</a><BR>
 <LI><a href="#[13d]">pinmap_pinout</a>&nbsp;&nbsp;&nbsp;&rArr;&nbsp;&nbsp;&nbsp;<a href="#[138]">pin_mode</a><BR>
 <LI><a href="#[12b]">serial_init</a>&nbsp;&nbsp;&nbsp;&rArr;&nbsp;&nbsp;&nbsp;<a href="#[138]">pin_mode</a><BR>
 <LI><a href="#[149]">us_ticker_set_interrupt</a>&nbsp;&nbsp;&nbsp;&rArr;&nbsp;&nbsp;&nbsp;<a href="#[7a]">us_ticker_irq_handler</a><BR>
</UL>
<P>
<H3>
Function Pointers
</H3><UL>
 <LI><a href="#[41]">ADC0_IRQHandler</a> from startup_MK64F12.o(.text) referenced from startup_MK64F12.o(RESET)
 <LI><a href="#[63]">ADC1_IRQHandler</a> from startup_MK64F12.o(.text) referenced from startup_MK64F12.o(RESET)
 <LI><a href="#[14]">BusFault_Handler</a> from startup_MK64F12.o(.text) referenced from startup_MK64F12.o(RESET)
 <LI><a href="#[66]">CAN0_Bus_Off_IRQHandler</a> from startup_MK64F12.o(.text) referenced from startup_MK64F12.o(RESET)
 <LI><a href="#[67]">CAN0_Error_IRQHandler</a> from startup_MK64F12.o(.text) referenced from startup_MK64F12.o(RESET)
 <LI><a href="#[65]">CAN0_ORed_Message_buffer_IRQHandler</a> from startup_MK64F12.o(.text) referenced from startup_MK64F12.o(RESET)
 <LI><a href="#[69]">CAN0_Rx_Warning_IRQHandler</a> from startup_MK64F12.o(.text) referenced from startup_MK64F12.o(RESET)
 <LI><a href="#[68]">CAN0_Tx_Warning_IRQHandler</a> from startup_MK64F12.o(.text) referenced from startup_MK64F12.o(RESET)
 <LI><a href="#[6a]">CAN0_Wake_Up_IRQHandler</a> from startup_MK64F12.o(.text) referenced from startup_MK64F12.o(RESET)
 <LI><a href="#[42]">CMP0_IRQHandler</a> from startup_MK64F12.o(.text) referenced from startup_MK64F12.o(RESET)
 <LI><a href="#[43]">CMP1_IRQHandler</a> from startup_MK64F12.o(.text) referenced from startup_MK64F12.o(RESET)
 <LI><a href="#[60]">CMP2_IRQHandler</a> from startup_MK64F12.o(.text) referenced from startup_MK64F12.o(RESET)
 <LI><a href="#[47]">CMT_IRQHandler</a> from startup_MK64F12.o(.text) referenced from startup_MK64F12.o(RESET)
 <LI><a href="#[52]">DAC0_IRQHandler</a> from startup_MK64F12.o(.text) referenced from startup_MK64F12.o(RESET)
 <LI><a href="#[62]">DAC1_IRQHandler</a> from startup_MK64F12.o(.text) referenced from startup_MK64F12.o(RESET)
 <LI><a href="#[1a]">DMA0_IRQHandler</a> from startup_MK64F12.o(.text) referenced from startup_MK64F12.o(RESET)
 <LI><a href="#[24]">DMA10_IRQHandler</a> from startup_MK64F12.o(.text) referenced from startup_MK64F12.o(RESET)
 <LI><a href="#[25]">DMA11_IRQHandler</a> from startup_MK64F12.o(.text) referenced from startup_MK64F12.o(RESET)
 <LI><a href="#[26]">DMA12_IRQHandler</a> from startup_MK64F12.o(.text) referenced from startup_MK64F12.o(RESET)
 <LI><a href="#[27]">DMA13_IRQHandler</a> from startup_MK64F12.o(.text) referenced from startup_MK64F12.o(RESET)
 <LI><a href="#[28]">DMA14_IRQHandler</a> from startup_MK64F12.o(.text) referenced from startup_MK64F12.o(RESET)
 <LI><a href="#[29]">DMA15_IRQHandler</a> from startup_MK64F12.o(.text) referenced from startup_MK64F12.o(RESET)
 <LI><a href="#[1b]">DMA1_IRQHandler</a> from startup_MK64F12.o(.text) referenced from startup_MK64F12.o(RESET)
 <LI><a href="#[1c]">DMA2_IRQHandler</a> from startup_MK64F12.o(.text) referenced from startup_MK64F12.o(RESET)
 <LI><a href="#[1d]">DMA3_IRQHandler</a> from startup_MK64F12.o(.text) referenced from startup_MK64F12.o(RESET)
 <LI><a href="#[1e]">DMA4_IRQHandler</a> from startup_MK64F12.o(.text) referenced from startup_MK64F12.o(RESET)
 <LI><a href="#[1f]">DMA5_IRQHandler</a> from startup_MK64F12.o(.text) referenced from startup_MK64F12.o(RESET)
 <LI><a href="#[20]">DMA6_IRQHandler</a> from startup_MK64F12.o(.text) referenced from startup_MK64F12.o(RESET)
 <LI><a href="#[21]">DMA7_IRQHandler</a> from startup_MK64F12.o(.text) referenced from startup_MK64F12.o(RESET)
 <LI><a href="#[22]">DMA8_IRQHandler</a> from startup_MK64F12.o(.text) referenced from startup_MK64F12.o(RESET)
 <LI><a href="#[23]">DMA9_IRQHandler</a> from startup_MK64F12.o(.text) referenced from startup_MK64F12.o(RESET)
 <LI><a href="#[2a]">DMA_Error_IRQHandler</a> from startup_MK64F12.o(.text) referenced from startup_MK64F12.o(RESET)
 <LI><a href="#[17]">DebugMon_Handler</a> from startup_MK64F12.o(.text) referenced from startup_MK64F12.o(RESET)
 <LI><a href="#[70]">DefaultISR</a> from startup_MK64F12.o(.text) referenced 154 times from startup_MK64F12.o(RESET)
 <LI><a href="#[6c]">ENET_1588_Timer_IRQHandler</a> from startup_MK64F12.o(.text) referenced from startup_MK64F12.o(RESET)
 <LI><a href="#[6f]">ENET_Error_IRQHandler</a> from startup_MK64F12.o(.text) referenced from startup_MK64F12.o(RESET)
 <LI><a href="#[6e]">ENET_Receive_IRQHandler</a> from startup_MK64F12.o(.text) referenced from startup_MK64F12.o(RESET)
 <LI><a href="#[6d]">ENET_Transmit_IRQHandler</a> from startup_MK64F12.o(.text) referenced from startup_MK64F12.o(RESET)
 <LI><a href="#[2c]">FTFE_IRQHandler</a> from startup_MK64F12.o(.text) referenced from startup_MK64F12.o(RESET)
 <LI><a href="#[44]">FTM0_IRQHandler</a> from startup_MK64F12.o(.text) referenced from startup_MK64F12.o(RESET)
 <LI><a href="#[45]">FTM1_IRQHandler</a> from startup_MK64F12.o(.text) referenced from startup_MK64F12.o(RESET)
 <LI><a href="#[46]">FTM2_IRQHandler</a> from startup_MK64F12.o(.text) referenced from startup_MK64F12.o(RESET)
 <LI><a href="#[61]">FTM3_IRQHandler</a> from startup_MK64F12.o(.text) referenced from startup_MK64F12.o(RESET)
 <LI><a href="#[12]">HardFault_Handler</a> from startup_MK64F12.o(.text) referenced from startup_MK64F12.o(RESET)
 <LI><a href="#[32]">I2C0_IRQHandler</a> from startup_MK64F12.o(.text) referenced from startup_MK64F12.o(RESET)
 <LI><a href="#[33]">I2C1_IRQHandler</a> from startup_MK64F12.o(.text) referenced from startup_MK64F12.o(RESET)
 <LI><a href="#[64]">I2C2_IRQHandler</a> from startup_MK64F12.o(.text) referenced from startup_MK64F12.o(RESET)
 <LI><a href="#[37]">I2S0_Rx_IRQHandler</a> from startup_MK64F12.o(.text) referenced from startup_MK64F12.o(RESET)
 <LI><a href="#[36]">I2S0_Tx_IRQHandler</a> from startup_MK64F12.o(.text) referenced from startup_MK64F12.o(RESET)
 <LI><a href="#[2f]">LLW_IRQHandler</a> from startup_MK64F12.o(.text) referenced from startup_MK64F12.o(RESET)
 <LI><a href="#[54]">LPTimer_IRQHandler</a> from startup_MK64F12.o(.text) referenced from startup_MK64F12.o(RESET)
 <LI><a href="#[2e]">LVD_LVW_IRQHandler</a> from startup_MK64F12.o(.text) referenced from startup_MK64F12.o(RESET)
 <LI><a href="#[53]">MCG_IRQHandler</a> from startup_MK64F12.o(.text) referenced from startup_MK64F12.o(RESET)
 <LI><a href="#[2b]">MCM_IRQHandler</a> from startup_MK64F12.o(.text) referenced from startup_MK64F12.o(RESET)
 <LI><a href="#[13]">MemManage_Handler</a> from startup_MK64F12.o(.text) referenced from startup_MK64F12.o(RESET)
 <LI><a href="#[11]">NMI_Handler</a> from mbed_overrides.o(i.NMI_Handler) referenced from startup_MK64F12.o(RESET)
 <LI><a href="#[4e]">PDB0_IRQHandler</a> from startup_MK64F12.o(.text) referenced from startup_MK64F12.o(RESET)
 <LI><a href="#[4a]">PIT0_IRQHandler</a> from startup_MK64F12.o(.text) referenced from startup_MK64F12.o(RESET)
 <LI><a href="#[4b]">PIT1_IRQHandler</a> from startup_MK64F12.o(.text) referenced from startup_MK64F12.o(RESET)
 <LI><a href="#[4c]">PIT2_IRQHandler</a> from startup_MK64F12.o(.text) referenced from startup_MK64F12.o(RESET)
 <LI><a href="#[4d]">PIT3_IRQHandler</a> from startup_MK64F12.o(.text) referenced from startup_MK64F12.o(RESET)
 <LI><a href="#[55]">PORTA_IRQHandler</a> from startup_MK64F12.o(.text) referenced from startup_MK64F12.o(RESET)
 <LI><a href="#[56]">PORTB_IRQHandler</a> from startup_MK64F12.o(.text) referenced from startup_MK64F12.o(RESET)
 <LI><a href="#[57]">PORTC_IRQHandler</a> from startup_MK64F12.o(.text) referenced from startup_MK64F12.o(RESET)
 <LI><a href="#[58]">PORTD_IRQHandler</a> from startup_MK64F12.o(.text) referenced from startup_MK64F12.o(RESET)
 <LI><a href="#[59]">PORTE_IRQHandler</a> from startup_MK64F12.o(.text) referenced from startup_MK64F12.o(RESET)
 <LI><a href="#[18]">PendSV_Handler</a> from startup_MK64F12.o(.text) referenced from startup_MK64F12.o(RESET)
 <LI><a href="#[31]">RNG_IRQHandler</a> from startup_MK64F12.o(.text) referenced from startup_MK64F12.o(RESET)
 <LI><a href="#[48]">RTC_IRQHandler</a> from startup_MK64F12.o(.text) referenced from startup_MK64F12.o(RESET)
 <LI><a href="#[49]">RTC_Seconds_IRQHandler</a> from startup_MK64F12.o(.text) referenced from startup_MK64F12.o(RESET)
 <LI><a href="#[2d]">Read_Collision_IRQHandler</a> from startup_MK64F12.o(.text) referenced from startup_MK64F12.o(RESET)
 <LI><a href="#[51]">Reserved71_IRQHandler</a> from startup_MK64F12.o(.text) referenced from startup_MK64F12.o(RESET)
 <LI><a href="#[10]">Reset_Handler</a> from startup_MK64F12.o(.text) referenced from startup_MK64F12.o(RESET)
 <LI><a href="#[6b]">SDHC_IRQHandler</a> from startup_MK64F12.o(.text) referenced from startup_MK64F12.o(RESET)
 <LI><a href="#[34]">SPI0_IRQHandler</a> from startup_MK64F12.o(.text) referenced from startup_MK64F12.o(RESET)
 <LI><a href="#[35]">SPI1_IRQHandler</a> from startup_MK64F12.o(.text) referenced from startup_MK64F12.o(RESET)
 <LI><a href="#[5b]">SPI2_IRQHandler</a> from startup_MK64F12.o(.text) referenced from startup_MK64F12.o(RESET)
 <LI><a href="#[16]">SVC_Handler</a> from startup_MK64F12.o(.text) referenced from startup_MK64F12.o(RESET)
 <LI><a href="#[5a]">SWI_IRQHandler</a> from startup_MK64F12.o(.text) referenced from startup_MK64F12.o(RESET)
 <LI><a href="#[19]">SysTick_Handler</a> from startup_MK64F12.o(.text) referenced from startup_MK64F12.o(RESET)
 <LI><a href="#[71]">SystemInit</a> from system_MK64F12.o(i.SystemInit) referenced from startup_MK64F12.o(.text)
 <LI><a href="#[3a]">UART0_ERR_IRQHandler</a> from startup_MK64F12.o(.text) referenced from startup_MK64F12.o(RESET)
 <LI><a href="#[38]">UART0_LON_IRQHandler</a> from startup_MK64F12.o(.text) referenced from startup_MK64F12.o(RESET)
 <LI><a href="#[39]">UART0_RX_TX_IRQHandler</a> from startup_MK64F12.o(.text) referenced from startup_MK64F12.o(RESET)
 <LI><a href="#[3c]">UART1_ERR_IRQHandler</a> from startup_MK64F12.o(.text) referenced from startup_MK64F12.o(RESET)
 <LI><a href="#[3b]">UART1_RX_TX_IRQHandler</a> from startup_MK64F12.o(.text) referenced from startup_MK64F12.o(RESET)
 <LI><a href="#[3e]">UART2_ERR_IRQHandler</a> from startup_MK64F12.o(.text) referenced from startup_MK64F12.o(RESET)
 <LI><a href="#[3d]">UART2_RX_TX_IRQHandler</a> from startup_MK64F12.o(.text) referenced from startup_MK64F12.o(RESET)
 <LI><a href="#[40]">UART3_ERR_IRQHandler</a> from startup_MK64F12.o(.text) referenced from startup_MK64F12.o(RESET)
 <LI><a href="#[3f]">UART3_RX_TX_IRQHandler</a> from startup_MK64F12.o(.text) referenced from startup_MK64F12.o(RESET)
 <LI><a href="#[5d]">UART4_ERR_IRQHandler</a> from startup_MK64F12.o(.text) referenced from startup_MK64F12.o(RESET)
 <LI><a href="#[5c]">UART4_RX_TX_IRQHandler</a> from startup_MK64F12.o(.text) referenced from startup_MK64F12.o(RESET)
 <LI><a href="#[5f]">UART5_ERR_IRQHandler</a> from startup_MK64F12.o(.text) referenced from startup_MK64F12.o(RESET)
 <LI><a href="#[5e]">UART5_RX_TX_IRQHandler</a> from startup_MK64F12.o(.text) referenced from startup_MK64F12.o(RESET)
 <LI><a href="#[4f]">USB0_IRQHandler</a> from startup_MK64F12.o(.text) referenced from startup_MK64F12.o(RESET)
 <LI><a href="#[50]">USBDCD_IRQHandler</a> from startup_MK64F12.o(.text) referenced from startup_MK64F12.o(RESET)
 <LI><a href="#[15]">UsageFault_Handler</a> from startup_MK64F12.o(.text) referenced from startup_MK64F12.o(RESET)
 <LI><a href="#[30]">Watchdog_IRQHandler</a> from startup_MK64F12.o(.text) referenced from startup_MK64F12.o(RESET)
 <LI><a href="#[7b]">__main</a> from __main.o(!!!main) referenced from startup_MK64F12.o(.text)
 <LI><a href="#[79]">_get_lc_ctype</a> from lc_ctype_c.o(locale$$code) referenced from rt_ctype_table.o(.text)
 <LI><a href="#[78]">_printf_input_char</a> from _printf_char_common.o(.text) referenced from _printf_char_common.o(.text)
 <LI><a href="#[74]">_sbackspace</a> from _sgetc.o(.text) referenced from __0sscanf.o(.text)
 <LI><a href="#[76]">_scanf_char_input</a> from scanf_char.o(.text) referenced from scanf_char.o(.text)
 <LI><a href="#[73]">_sgetc</a> from _sgetc.o(.text) referenced from __0sscanf.o(.text)
 <LI><a href="#[75]">fputc</a> from fputc.o(i.fputc) referenced from _printf_char_file.o(.text)
 <LI><a href="#[77]">isspace</a> from isspace.o(.text) referenced from scanf_char.o(.text)
 <LI><a href="#[7a]">us_ticker_irq_handler</a> from us_ticker_api.o(i.us_ticker_irq_handler) referenced from us_ticker.o(i.us_ticker_init)
</UL>
<P>
<H3>
Global Symbols
</H3>
<P><STRONG><a name="[7b]"></a>__main</STRONG> (Thumb, 8 bytes, Stack size 0 bytes, __main.o(!!!main))
<BR><BR>[Calls]<UL><LI><a href="#[7d]">&gt;&gt;</a>&nbsp;&nbsp;&nbsp;__rt_entry
<LI><a href="#[7c]">&gt;&gt;</a>&nbsp;&nbsp;&nbsp;__scatterload
</UL>

<P><STRONG><a name="[7c]"></a>__scatterload</STRONG> (Thumb, 0 bytes, Stack size unknown bytes, __scatter.o(!!!scatter))
<BR><BR>[Called By]<UL><LI><a href="#[7b]">&gt;&gt;</a>&nbsp;&nbsp;&nbsp;__main
</UL>

<P><STRONG><a name="[7e]"></a>__scatterload_rt2</STRONG> (Thumb, 44 bytes, Stack size unknown bytes, __scatter.o(!!!scatter), UNUSED)
<BR><BR>[Calls]<UL><LI><a href="#[7d]">&gt;&gt;</a>&nbsp;&nbsp;&nbsp;__rt_entry
</UL>

<P><STRONG><a name="[14a]"></a>__scatterload_rt2_thumb_only</STRONG> (Thumb, 0 bytes, Stack size unknown bytes, __scatter.o(!!!scatter), UNUSED)

<P><STRONG><a name="[14b]"></a>__scatterload_null</STRONG> (Thumb, 0 bytes, Stack size unknown bytes, __scatter.o(!!!scatter), UNUSED)

<P><STRONG><a name="[7f]"></a>__scatterload_copy</STRONG> (Thumb, 26 bytes, Stack size unknown bytes, __scatter_copy.o(!!handler_copy), UNUSED)
<BR><BR>[Calls]<UL><LI><a href="#[7f]">&gt;&gt;</a>&nbsp;&nbsp;&nbsp;__scatterload_copy
</UL>
<BR>[Called By]<UL><LI><a href="#[7f]">&gt;&gt;</a>&nbsp;&nbsp;&nbsp;__scatterload_copy
</UL>

<P><STRONG><a name="[14c]"></a>__scatterload_zeroinit</STRONG> (Thumb, 28 bytes, Stack size unknown bytes, __scatter_zi.o(!!handler_zi), UNUSED)

<P><STRONG><a name="[80]"></a>_printf_n</STRONG> (Thumb, 0 bytes, Stack size unknown bytes, _printf_n.o(.ARM.Collect$$_printf_percent$$00000001))
<BR><BR>[Calls]<UL><LI><a href="#[81]">&gt;&gt;</a>&nbsp;&nbsp;&nbsp;_printf_charcount
</UL>

<P><STRONG><a name="[bf]"></a>_printf_percent</STRONG> (Thumb, 0 bytes, Stack size unknown bytes, _printf_percent.o(.ARM.Collect$$_printf_percent$$00000000))
<BR><BR>[Called By]<UL><LI><a href="#[bd]">&gt;&gt;</a>&nbsp;&nbsp;&nbsp;__printf
</UL>

<P><STRONG><a name="[82]"></a>_printf_p</STRONG> (Thumb, 0 bytes, Stack size unknown bytes, _printf_p.o(.ARM.Collect$$_printf_percent$$00000002))
<BR><BR>[Stack]<UL><LI>Max Depth = 64 + Unknown Stack Size
<LI>Call Chain = _printf_p &rArr; _printf_hex_ptr &rArr; _printf_longlong_hex &rArr; _printf_int_common &rArr; _printf_post_padding
</UL>
<BR>[Calls]<UL><LI><a href="#[83]">&gt;&gt;</a>&nbsp;&nbsp;&nbsp;_printf_hex_ptr
</UL>

<P><STRONG><a name="[84]"></a>_printf_f</STRONG> (Thumb, 0 bytes, Stack size unknown bytes, _printf_f.o(.ARM.Collect$$_printf_percent$$00000003))
<BR><BR>[Stack]<UL><LI>Max Depth = 320 + Unknown Stack Size
<LI>Call Chain = _printf_f &rArr; _printf_fp_dec &rArr; _printf_fp_dec_real &rArr; _fp_digits &rArr; _btod_etento &rArr; _btod_emul &rArr; _e2e
</UL>
<BR>[Calls]<UL><LI><a href="#[85]">&gt;&gt;</a>&nbsp;&nbsp;&nbsp;_printf_fp_dec
</UL>

<P><STRONG><a name="[86]"></a>_printf_e</STRONG> (Thumb, 0 bytes, Stack size unknown bytes, _printf_e.o(.ARM.Collect$$_printf_percent$$00000004))
<BR><BR>[Stack]<UL><LI>Max Depth = 320 + Unknown Stack Size
<LI>Call Chain = _printf_e &rArr; _printf_fp_dec &rArr; _printf_fp_dec_real &rArr; _fp_digits &rArr; _btod_etento &rArr; _btod_emul &rArr; _e2e
</UL>
<BR>[Calls]<UL><LI><a href="#[85]">&gt;&gt;</a>&nbsp;&nbsp;&nbsp;_printf_fp_dec
</UL>

<P><STRONG><a name="[87]"></a>_printf_g</STRONG> (Thumb, 0 bytes, Stack size unknown bytes, _printf_g.o(.ARM.Collect$$_printf_percent$$00000005))
<BR><BR>[Stack]<UL><LI>Max Depth = 320 + Unknown Stack Size
<LI>Call Chain = _printf_g &rArr; _printf_fp_dec &rArr; _printf_fp_dec_real &rArr; _fp_digits &rArr; _btod_etento &rArr; _btod_emul &rArr; _e2e
</UL>
<BR>[Calls]<UL><LI><a href="#[85]">&gt;&gt;</a>&nbsp;&nbsp;&nbsp;_printf_fp_dec
</UL>

<P><STRONG><a name="[88]"></a>_printf_a</STRONG> (Thumb, 0 bytes, Stack size unknown bytes, _printf_a.o(.ARM.Collect$$_printf_percent$$00000006))
<BR><BR>[Stack]<UL><LI>Max Depth = 112 + Unknown Stack Size
<LI>Call Chain = _printf_a &rArr; _printf_fp_hex &rArr; _printf_fp_hex_real &rArr; _printf_fp_infnan &rArr; _printf_post_padding
</UL>
<BR>[Calls]<UL><LI><a href="#[89]">&gt;&gt;</a>&nbsp;&nbsp;&nbsp;_printf_fp_hex
</UL>

<P><STRONG><a name="[14d]"></a>_printf_ll</STRONG> (Thumb, 0 bytes, Stack size unknown bytes, _printf_ll.o(.ARM.Collect$$_printf_percent$$00000007))

<P><STRONG><a name="[8a]"></a>_printf_i</STRONG> (Thumb, 0 bytes, Stack size unknown bytes, _printf_i.o(.ARM.Collect$$_printf_percent$$00000008))
<BR><BR>[Stack]<UL><LI>Max Depth = 72 + Unknown Stack Size
<LI>Call Chain = _printf_i &rArr; _printf_int_dec &rArr; _printf_int_common &rArr; _printf_post_padding
</UL>
<BR>[Calls]<UL><LI><a href="#[8b]">&gt;&gt;</a>&nbsp;&nbsp;&nbsp;_printf_int_dec
</UL>

<P><STRONG><a name="[8c]"></a>_printf_d</STRONG> (Thumb, 0 bytes, Stack size unknown bytes, _printf_d.o(.ARM.Collect$$_printf_percent$$00000009))
<BR><BR>[Stack]<UL><LI>Max Depth = 72 + Unknown Stack Size
<LI>Call Chain = _printf_d &rArr; _printf_int_dec &rArr; _printf_int_common &rArr; _printf_post_padding
</UL>
<BR>[Calls]<UL><LI><a href="#[8b]">&gt;&gt;</a>&nbsp;&nbsp;&nbsp;_printf_int_dec
</UL>

<P><STRONG><a name="[8d]"></a>_printf_u</STRONG> (Thumb, 0 bytes, Stack size unknown bytes, _printf_u.o(.ARM.Collect$$_printf_percent$$0000000A))
<BR><BR>[Stack]<UL><LI>Max Depth = 72 + Unknown Stack Size
<LI>Call Chain = _printf_u &rArr; _printf_int_dec &rArr; _printf_int_common &rArr; _printf_post_padding
</UL>
<BR>[Calls]<UL><LI><a href="#[8b]">&gt;&gt;</a>&nbsp;&nbsp;&nbsp;_printf_int_dec
</UL>

<P><STRONG><a name="[8e]"></a>_printf_o</STRONG> (Thumb, 0 bytes, Stack size unknown bytes, _printf_o.o(.ARM.Collect$$_printf_percent$$0000000B))
<BR><BR>[Stack]<UL><LI>Max Depth = 64 + Unknown Stack Size
<LI>Call Chain = _printf_o &rArr; _printf_int_oct &rArr; _printf_longlong_oct &rArr; _printf_int_common &rArr; _printf_post_padding
</UL>
<BR>[Calls]<UL><LI><a href="#[8f]">&gt;&gt;</a>&nbsp;&nbsp;&nbsp;_printf_int_oct
</UL>

<P><STRONG><a name="[90]"></a>_printf_x</STRONG> (Thumb, 0 bytes, Stack size unknown bytes, _printf_x.o(.ARM.Collect$$_printf_percent$$0000000C))
<BR><BR>[Stack]<UL><LI>Max Depth = 80 + Unknown Stack Size
<LI>Call Chain = _printf_x &rArr; _printf_int_hex &rArr; _printf_longlong_hex &rArr; _printf_int_common &rArr; _printf_post_padding
</UL>
<BR>[Calls]<UL><LI><a href="#[91]">&gt;&gt;</a>&nbsp;&nbsp;&nbsp;_printf_int_hex
</UL>

<P><STRONG><a name="[92]"></a>_printf_lli</STRONG> (Thumb, 0 bytes, Stack size unknown bytes, _printf_lli.o(.ARM.Collect$$_printf_percent$$0000000D))
<BR><BR>[Stack]<UL><LI>Max Depth = 72 + Unknown Stack Size
<LI>Call Chain = _printf_lli &rArr; _printf_longlong_dec &rArr; _printf_int_common &rArr; _printf_post_padding
</UL>
<BR>[Calls]<UL><LI><a href="#[93]">&gt;&gt;</a>&nbsp;&nbsp;&nbsp;_printf_longlong_dec
</UL>

<P><STRONG><a name="[94]"></a>_printf_lld</STRONG> (Thumb, 0 bytes, Stack size unknown bytes, _printf_lld.o(.ARM.Collect$$_printf_percent$$0000000E))
<BR><BR>[Stack]<UL><LI>Max Depth = 72 + Unknown Stack Size
<LI>Call Chain = _printf_lld &rArr; _printf_longlong_dec &rArr; _printf_int_common &rArr; _printf_post_padding
</UL>
<BR>[Calls]<UL><LI><a href="#[93]">&gt;&gt;</a>&nbsp;&nbsp;&nbsp;_printf_longlong_dec
</UL>

<P><STRONG><a name="[95]"></a>_printf_llu</STRONG> (Thumb, 0 bytes, Stack size unknown bytes, _printf_llu.o(.ARM.Collect$$_printf_percent$$0000000F))
<BR><BR>[Stack]<UL><LI>Max Depth = 72 + Unknown Stack Size
<LI>Call Chain = _printf_llu &rArr; _printf_longlong_dec &rArr; _printf_int_common &rArr; _printf_post_padding
</UL>
<BR>[Calls]<UL><LI><a href="#[93]">&gt;&gt;</a>&nbsp;&nbsp;&nbsp;_printf_longlong_dec
</UL>

<P><STRONG><a name="[96]"></a>_printf_llo</STRONG> (Thumb, 0 bytes, Stack size unknown bytes, _printf_llo.o(.ARM.Collect$$_printf_percent$$00000010))
<BR><BR>[Stack]<UL><LI>Max Depth = 56 + Unknown Stack Size
<LI>Call Chain = _printf_llo &rArr; _printf_ll_oct &rArr; _printf_longlong_oct &rArr; _printf_int_common &rArr; _printf_post_padding
</UL>
<BR>[Calls]<UL><LI><a href="#[97]">&gt;&gt;</a>&nbsp;&nbsp;&nbsp;_printf_ll_oct
</UL>

<P><STRONG><a name="[98]"></a>_printf_llx</STRONG> (Thumb, 0 bytes, Stack size unknown bytes, _printf_llx.o(.ARM.Collect$$_printf_percent$$00000011))
<BR><BR>[Stack]<UL><LI>Max Depth = 64 + Unknown Stack Size
<LI>Call Chain = _printf_llx &rArr; _printf_ll_hex &rArr; _printf_longlong_hex &rArr; _printf_int_common &rArr; _printf_post_padding
</UL>
<BR>[Calls]<UL><LI><a href="#[99]">&gt;&gt;</a>&nbsp;&nbsp;&nbsp;_printf_ll_hex
</UL>

<P><STRONG><a name="[14e]"></a>_printf_l</STRONG> (Thumb, 0 bytes, Stack size unknown bytes, _printf_l.o(.ARM.Collect$$_printf_percent$$00000012))

<P><STRONG><a name="[9a]"></a>_printf_c</STRONG> (Thumb, 0 bytes, Stack size unknown bytes, _printf_c.o(.ARM.Collect$$_printf_percent$$00000013))
<BR><BR>[Stack]<UL><LI>Max Depth = 40 + Unknown Stack Size
<LI>Call Chain = _printf_c &rArr; _printf_char &rArr; _printf_cs_common &rArr; _printf_str &rArr; _printf_post_padding
</UL>
<BR>[Calls]<UL><LI><a href="#[9b]">&gt;&gt;</a>&nbsp;&nbsp;&nbsp;_printf_char
</UL>

<P><STRONG><a name="[9c]"></a>_printf_s</STRONG> (Thumb, 0 bytes, Stack size unknown bytes, _printf_s.o(.ARM.Collect$$_printf_percent$$00000014))
<BR><BR>[Stack]<UL><LI>Max Depth = 40 + Unknown Stack Size
<LI>Call Chain = _printf_s &rArr; _printf_string &rArr; _printf_cs_common &rArr; _printf_str &rArr; _printf_post_padding
</UL>
<BR>[Calls]<UL><LI><a href="#[9d]">&gt;&gt;</a>&nbsp;&nbsp;&nbsp;_printf_string
</UL>

<P><STRONG><a name="[9e]"></a>_printf_lc</STRONG> (Thumb, 0 bytes, Stack size unknown bytes, _printf_lc.o(.ARM.Collect$$_printf_percent$$00000015))
<BR><BR>[Stack]<UL><LI>Max Depth = 88 + Unknown Stack Size
<LI>Call Chain = _printf_lc &rArr; _printf_wchar &rArr; _printf_lcs_common &rArr; _printf_wctomb &rArr; _wcrtomb &rArr; __rt_ctype_table
</UL>
<BR>[Calls]<UL><LI><a href="#[9f]">&gt;&gt;</a>&nbsp;&nbsp;&nbsp;_printf_wchar
</UL>

<P><STRONG><a name="[a0]"></a>_printf_ls</STRONG> (Thumb, 0 bytes, Stack size unknown bytes, _printf_ls.o(.ARM.Collect$$_printf_percent$$00000016))
<BR><BR>[Stack]<UL><LI>Max Depth = 88 + Unknown Stack Size
<LI>Call Chain = _printf_ls &rArr; _printf_wstring &rArr; _printf_lcs_common &rArr; _printf_wctomb &rArr; _wcrtomb &rArr; __rt_ctype_table
</UL>
<BR>[Calls]<UL><LI><a href="#[a1]">&gt;&gt;</a>&nbsp;&nbsp;&nbsp;_printf_wstring
</UL>

<P><STRONG><a name="[14f]"></a>_printf_percent_end</STRONG> (Thumb, 0 bytes, Stack size unknown bytes, _printf_percent_end.o(.ARM.Collect$$_printf_percent$$00000017))

<P><STRONG><a name="[b0]"></a>__rt_lib_init</STRONG> (Thumb, 0 bytes, Stack size unknown bytes, libinit.o(.ARM.Collect$$libinit$$00000000))
<BR><BR>[Called By]<UL><LI><a href="#[af]">&gt;&gt;</a>&nbsp;&nbsp;&nbsp;__rt_entry_li
</UL>

<P><STRONG><a name="[a2]"></a>__rt_lib_init_fp_1</STRONG> (Thumb, 0 bytes, Stack size unknown bytes, libinit2.o(.ARM.Collect$$libinit$$00000001))
<BR><BR>[Calls]<UL><LI><a href="#[a3]">&gt;&gt;</a>&nbsp;&nbsp;&nbsp;_fp_init
</UL>

<P><STRONG><a name="[a4]"></a>__rt_lib_init_heap_2</STRONG> (Thumb, 0 bytes, Stack size unknown bytes, libinit2.o(.ARM.Collect$$libinit$$00000005))
<BR><BR>[Stack]<UL><LI>Max Depth = 64 + Unknown Stack Size
<LI>Call Chain = __rt_lib_init_heap_2 &rArr; _init_alloc &rArr; __rt_SIGRTMEM &rArr; __rt_SIGRTMEM_inner &rArr; __default_signal_display &rArr; _ttywrch
</UL>
<BR>[Calls]<UL><LI><a href="#[a5]">&gt;&gt;</a>&nbsp;&nbsp;&nbsp;_init_alloc
</UL>

<P><STRONG><a name="[150]"></a>__rt_lib_init_preinit_1</STRONG> (Thumb, 0 bytes, Stack size unknown bytes, libinit2.o(.ARM.Collect$$libinit$$00000004))

<P><STRONG><a name="[151]"></a>__rt_lib_init_heap_1</STRONG> (Thumb, 0 bytes, Stack size unknown bytes, libinit2.o(.ARM.Collect$$libinit$$0000000A))

<P><STRONG><a name="[a6]"></a>__rt_lib_init_lc_common</STRONG> (Thumb, 0 bytes, Stack size unknown bytes, libinit2.o(.ARM.Collect$$libinit$$0000000F))
<BR><BR>[Calls]<UL><LI><a href="#[a7]">&gt;&gt;</a>&nbsp;&nbsp;&nbsp;__rt_locale
</UL>

<P><STRONG><a name="[152]"></a>__rt_lib_init_rand_1</STRONG> (Thumb, 0 bytes, Stack size unknown bytes, libinit2.o(.ARM.Collect$$libinit$$0000000E))

<P><STRONG><a name="[153]"></a>__rt_lib_init_user_alloc_1</STRONG> (Thumb, 0 bytes, Stack size unknown bytes, libinit2.o(.ARM.Collect$$libinit$$0000000C))

<P><STRONG><a name="[154]"></a>__rt_lib_init_lc_collate_1</STRONG> (Thumb, 0 bytes, Stack size unknown bytes, libinit2.o(.ARM.Collect$$libinit$$00000011))

<P><STRONG><a name="[a8]"></a>__rt_lib_init_lc_ctype_2</STRONG> (Thumb, 0 bytes, Stack size unknown bytes, libinit2.o(.ARM.Collect$$libinit$$00000012))
<BR><BR>[Stack]<UL><LI>Max Depth = 8 + Unknown Stack Size
<LI>Call Chain = __rt_lib_init_lc_ctype_2 &rArr; _get_lc_ctype
</UL>
<BR>[Calls]<UL><LI><a href="#[79]">&gt;&gt;</a>&nbsp;&nbsp;&nbsp;_get_lc_ctype
</UL>

<P><STRONG><a name="[155]"></a>__rt_lib_init_lc_ctype_1</STRONG> (Thumb, 0 bytes, Stack size unknown bytes, libinit2.o(.ARM.Collect$$libinit$$00000013))

<P><STRONG><a name="[156]"></a>__rt_lib_init_lc_monetary_1</STRONG> (Thumb, 0 bytes, Stack size unknown bytes, libinit2.o(.ARM.Collect$$libinit$$00000015))

<P><STRONG><a name="[a9]"></a>__rt_lib_init_lc_numeric_2</STRONG> (Thumb, 0 bytes, Stack size unknown bytes, libinit2.o(.ARM.Collect$$libinit$$00000016))
<BR><BR>[Stack]<UL><LI>Max Depth = 8 + Unknown Stack Size
<LI>Call Chain = __rt_lib_init_lc_numeric_2 &rArr; _get_lc_numeric
</UL>
<BR>[Calls]<UL><LI><a href="#[aa]">&gt;&gt;</a>&nbsp;&nbsp;&nbsp;_get_lc_numeric
</UL>

<P><STRONG><a name="[157]"></a>__rt_lib_init_atexit_1</STRONG> (Thumb, 0 bytes, Stack size unknown bytes, libinit2.o(.ARM.Collect$$libinit$$0000001B))

<P><STRONG><a name="[158]"></a>__rt_lib_init_clock_1</STRONG> (Thumb, 0 bytes, Stack size unknown bytes, libinit2.o(.ARM.Collect$$libinit$$00000021))

<P><STRONG><a name="[159]"></a>__rt_lib_init_fp_trap_1</STRONG> (Thumb, 0 bytes, Stack size unknown bytes, libinit2.o(.ARM.Collect$$libinit$$0000001F))

<P><STRONG><a name="[15a]"></a>__rt_lib_init_getenv_1</STRONG> (Thumb, 0 bytes, Stack size unknown bytes, libinit2.o(.ARM.Collect$$libinit$$00000023))

<P><STRONG><a name="[15b]"></a>__rt_lib_init_lc_numeric_1</STRONG> (Thumb, 0 bytes, Stack size unknown bytes, libinit2.o(.ARM.Collect$$libinit$$00000017))

<P><STRONG><a name="[15c]"></a>__rt_lib_init_lc_time_1</STRONG> (Thumb, 0 bytes, Stack size unknown bytes, libinit2.o(.ARM.Collect$$libinit$$00000019))

<P><STRONG><a name="[15d]"></a>__rt_lib_init_signal_1</STRONG> (Thumb, 0 bytes, Stack size unknown bytes, libinit2.o(.ARM.Collect$$libinit$$0000001D))

<P><STRONG><a name="[ab]"></a>__rt_lib_init_stdio_2</STRONG> (Thumb, 0 bytes, Stack size unknown bytes, libinit2.o(.ARM.Collect$$libinit$$00000024))
<BR><BR>[Stack]<UL><LI>Max Depth = 504 + Unknown Stack Size
<LI>Call Chain = __rt_lib_init_stdio_2 &rArr; _initio &rArr; freopen &rArr; _fclose_internal &rArr; _fflush &rArr; _writebuf &rArr; _sys_write &rArr; serial_init &rArr;  pin_mode (Cycle)
</UL>
<BR>[Calls]<UL><LI><a href="#[ac]">&gt;&gt;</a>&nbsp;&nbsp;&nbsp;_initio
</UL>

<P><STRONG><a name="[15e]"></a>__rt_lib_init_alloca_1</STRONG> (Thumb, 0 bytes, Stack size unknown bytes, libinit2.o(.ARM.Collect$$libinit$$0000002E))

<P><STRONG><a name="[15f]"></a>__rt_lib_init_argv_1</STRONG> (Thumb, 0 bytes, Stack size unknown bytes, libinit2.o(.ARM.Collect$$libinit$$0000002C))

<P><STRONG><a name="[160]"></a>__rt_lib_init_cpp_1</STRONG> (Thumb, 0 bytes, Stack size unknown bytes, libinit2.o(.ARM.Collect$$libinit$$00000032))

<P><STRONG><a name="[161]"></a>__rt_lib_init_exceptions_1</STRONG> (Thumb, 0 bytes, Stack size unknown bytes, libinit2.o(.ARM.Collect$$libinit$$00000030))

<P><STRONG><a name="[162]"></a>__rt_lib_init_return</STRONG> (Thumb, 0 bytes, Stack size unknown bytes, libinit2.o(.ARM.Collect$$libinit$$00000033))

<P><STRONG><a name="[163]"></a>__rt_lib_init_stdio_1</STRONG> (Thumb, 0 bytes, Stack size unknown bytes, libinit2.o(.ARM.Collect$$libinit$$00000025))

<P><STRONG><a name="[7d]"></a>__rt_entry</STRONG> (Thumb, 0 bytes, Stack size unknown bytes, __rtentry.o(.ARM.Collect$$rtentry$$00000000))
<BR><BR>[Called By]<UL><LI><a href="#[7b]">&gt;&gt;</a>&nbsp;&nbsp;&nbsp;__main
<LI><a href="#[7e]">&gt;&gt;</a>&nbsp;&nbsp;&nbsp;__scatterload_rt2
</UL>

<P><STRONG><a name="[164]"></a>__rt_entry_presh_1</STRONG> (Thumb, 0 bytes, Stack size unknown bytes, __rtentry2.o(.ARM.Collect$$rtentry$$00000002))

<P><STRONG><a name="[ad]"></a>__rt_entry_sh</STRONG> (Thumb, 0 bytes, Stack size unknown bytes, __rtentry4.o(.ARM.Collect$$rtentry$$00000004))
<BR><BR>[Calls]<UL><LI><a href="#[ae]">&gt;&gt;</a>&nbsp;&nbsp;&nbsp;__user_setup_stackheap
</UL>

<P><STRONG><a name="[165]"></a>__rt_lib_shutdown_stdio_2</STRONG> (Thumb, 0 bytes, Stack size unknown bytes, libshutdown2.o(.ARM.Collect$$libshutdown$$00000004))

<P><STRONG><a name="[af]"></a>__rt_entry_li</STRONG> (Thumb, 0 bytes, Stack size unknown bytes, __rtentry2.o(.ARM.Collect$$rtentry$$0000000A))
<BR><BR>[Calls]<UL><LI><a href="#[b0]">&gt;&gt;</a>&nbsp;&nbsp;&nbsp;__rt_lib_init
</UL>

<P><STRONG><a name="[166]"></a>__rt_entry_postsh_1</STRONG> (Thumb, 0 bytes, Stack size unknown bytes, __rtentry2.o(.ARM.Collect$$rtentry$$00000009))

<P><STRONG><a name="[b1]"></a>__rt_entry_main</STRONG> (Thumb, 0 bytes, Stack size unknown bytes, __rtentry2.o(.ARM.Collect$$rtentry$$0000000D))
<BR><BR>[Stack]<UL><LI>Max Depth = 552 + Unknown Stack Size
<LI>Call Chain = __rt_entry_main &rArr; main &rArr; $Super$$main &rArr; bootloader() &rArr; RCM_HAL_GetSrcStatusCmd &rArr; __aeabi_assert &rArr; __assert_puts &rArr; fflush &rArr; _do_fflush &rArr; _fflush &rArr; _writebuf &rArr; _sys_write &rArr; serial_init &rArr;  pin_mode (Cycle)
</UL>
<BR>[Calls]<UL><LI><a href="#[b3]">&gt;&gt;</a>&nbsp;&nbsp;&nbsp;exit
<LI><a href="#[b2]">&gt;&gt;</a>&nbsp;&nbsp;&nbsp;main
</UL>

<P><STRONG><a name="[167]"></a>__rt_entry_postli_1</STRONG> (Thumb, 0 bytes, Stack size unknown bytes, __rtentry2.o(.ARM.Collect$$rtentry$$0000000C))

<P><STRONG><a name="[10]"></a>Reset_Handler</STRONG> (Thumb, 8 bytes, Stack size 0 bytes, startup_MK64F12.o(.text))
<BR>[Address Reference Count : 1]<UL><LI> startup_MK64F12.o(RESET)
</UL>
<P><STRONG><a name="[168]"></a>_maybe_terminate_alloc</STRONG> (Thumb, 0 bytes, Stack size 0 bytes, maybetermalloc1.o(.emb_text), UNUSED)

<P><STRONG><a name="[12]"></a>HardFault_Handler</STRONG> (Thumb, 2 bytes, Stack size 0 bytes, startup_MK64F12.o(.text))
<BR><BR>[Calls]<UL><LI><a href="#[12]">&gt;&gt;</a>&nbsp;&nbsp;&nbsp;HardFault_Handler
</UL>
<BR>[Called By]<UL><LI><a href="#[12]">&gt;&gt;</a>&nbsp;&nbsp;&nbsp;HardFault_Handler
</UL>
<BR>[Address Reference Count : 1]<UL><LI> startup_MK64F12.o(RESET)
</UL>
<P><STRONG><a name="[13]"></a>MemManage_Handler</STRONG> (Thumb, 2 bytes, Stack size 0 bytes, startup_MK64F12.o(.text))
<BR><BR>[Calls]<UL><LI><a href="#[13]">&gt;&gt;</a>&nbsp;&nbsp;&nbsp;MemManage_Handler
</UL>
<BR>[Called By]<UL><LI><a href="#[13]">&gt;&gt;</a>&nbsp;&nbsp;&nbsp;MemManage_Handler
</UL>
<BR>[Address Reference Count : 1]<UL><LI> startup_MK64F12.o(RESET)
</UL>
<P><STRONG><a name="[14]"></a>BusFault_Handler</STRONG> (Thumb, 2 bytes, Stack size 0 bytes, startup_MK64F12.o(.text))
<BR><BR>[Calls]<UL><LI><a href="#[14]">&gt;&gt;</a>&nbsp;&nbsp;&nbsp;BusFault_Handler
</UL>
<BR>[Called By]<UL><LI><a href="#[14]">&gt;&gt;</a>&nbsp;&nbsp;&nbsp;BusFault_Handler
</UL>
<BR>[Address Reference Count : 1]<UL><LI> startup_MK64F12.o(RESET)
</UL>
<P><STRONG><a name="[15]"></a>UsageFault_Handler</STRONG> (Thumb, 2 bytes, Stack size 0 bytes, startup_MK64F12.o(.text))
<BR><BR>[Calls]<UL><LI><a href="#[15]">&gt;&gt;</a>&nbsp;&nbsp;&nbsp;UsageFault_Handler
</UL>
<BR>[Called By]<UL><LI><a href="#[15]">&gt;&gt;</a>&nbsp;&nbsp;&nbsp;UsageFault_Handler
</UL>
<BR>[Address Reference Count : 1]<UL><LI> startup_MK64F12.o(RESET)
</UL>
<P><STRONG><a name="[16]"></a>SVC_Handler</STRONG> (Thumb, 2 bytes, Stack size 0 bytes, startup_MK64F12.o(.text))
<BR><BR>[Calls]<UL><LI><a href="#[16]">&gt;&gt;</a>&nbsp;&nbsp;&nbsp;SVC_Handler
</UL>
<BR>[Called By]<UL><LI><a href="#[16]">&gt;&gt;</a>&nbsp;&nbsp;&nbsp;SVC_Handler
</UL>
<BR>[Address Reference Count : 1]<UL><LI> startup_MK64F12.o(RESET)
</UL>
<P><STRONG><a name="[17]"></a>DebugMon_Handler</STRONG> (Thumb, 2 bytes, Stack size 0 bytes, startup_MK64F12.o(.text))
<BR><BR>[Calls]<UL><LI><a href="#[17]">&gt;&gt;</a>&nbsp;&nbsp;&nbsp;DebugMon_Handler
</UL>
<BR>[Called By]<UL><LI><a href="#[17]">&gt;&gt;</a>&nbsp;&nbsp;&nbsp;DebugMon_Handler
</UL>
<BR>[Address Reference Count : 1]<UL><LI> startup_MK64F12.o(RESET)
</UL>
<P><STRONG><a name="[18]"></a>PendSV_Handler</STRONG> (Thumb, 2 bytes, Stack size 0 bytes, startup_MK64F12.o(.text))
<BR><BR>[Calls]<UL><LI><a href="#[18]">&gt;&gt;</a>&nbsp;&nbsp;&nbsp;PendSV_Handler
</UL>
<BR>[Called By]<UL><LI><a href="#[18]">&gt;&gt;</a>&nbsp;&nbsp;&nbsp;PendSV_Handler
</UL>
<BR>[Address Reference Count : 1]<UL><LI> startup_MK64F12.o(RESET)
</UL>
<P><STRONG><a name="[19]"></a>SysTick_Handler</STRONG> (Thumb, 2 bytes, Stack size 0 bytes, startup_MK64F12.o(.text))
<BR><BR>[Calls]<UL><LI><a href="#[19]">&gt;&gt;</a>&nbsp;&nbsp;&nbsp;SysTick_Handler
</UL>
<BR>[Called By]<UL><LI><a href="#[19]">&gt;&gt;</a>&nbsp;&nbsp;&nbsp;SysTick_Handler
</UL>
<BR>[Address Reference Count : 1]<UL><LI> startup_MK64F12.o(RESET)
</UL>
<P><STRONG><a name="[41]"></a>ADC0_IRQHandler</STRONG> (Thumb, 0 bytes, Stack size 0 bytes, startup_MK64F12.o(.text))
<BR><BR>[Calls]<UL><LI><a href="#[41]">&gt;&gt;</a>&nbsp;&nbsp;&nbsp;ADC0_IRQHandler
</UL>
<BR>[Called By]<UL><LI><a href="#[41]">&gt;&gt;</a>&nbsp;&nbsp;&nbsp;ADC0_IRQHandler
</UL>
<BR>[Address Reference Count : 1]<UL><LI> startup_MK64F12.o(RESET)
</UL>
<P><STRONG><a name="[63]"></a>ADC1_IRQHandler</STRONG> (Thumb, 0 bytes, Stack size 0 bytes, startup_MK64F12.o(.text))
<BR>[Address Reference Count : 1]<UL><LI> startup_MK64F12.o(RESET)
</UL>
<P><STRONG><a name="[66]"></a>CAN0_Bus_Off_IRQHandler</STRONG> (Thumb, 0 bytes, Stack size 0 bytes, startup_MK64F12.o(.text))
<BR>[Address Reference Count : 1]<UL><LI> startup_MK64F12.o(RESET)
</UL>
<P><STRONG><a name="[67]"></a>CAN0_Error_IRQHandler</STRONG> (Thumb, 0 bytes, Stack size 0 bytes, startup_MK64F12.o(.text))
<BR>[Address Reference Count : 1]<UL><LI> startup_MK64F12.o(RESET)
</UL>
<P><STRONG><a name="[65]"></a>CAN0_ORed_Message_buffer_IRQHandler</STRONG> (Thumb, 0 bytes, Stack size 0 bytes, startup_MK64F12.o(.text))
<BR>[Address Reference Count : 1]<UL><LI> startup_MK64F12.o(RESET)
</UL>
<P><STRONG><a name="[69]"></a>CAN0_Rx_Warning_IRQHandler</STRONG> (Thumb, 0 bytes, Stack size 0 bytes, startup_MK64F12.o(.text))
<BR>[Address Reference Count : 1]<UL><LI> startup_MK64F12.o(RESET)
</UL>
<P><STRONG><a name="[68]"></a>CAN0_Tx_Warning_IRQHandler</STRONG> (Thumb, 0 bytes, Stack size 0 bytes, startup_MK64F12.o(.text))
<BR>[Address Reference Count : 1]<UL><LI> startup_MK64F12.o(RESET)
</UL>
<P><STRONG><a name="[6a]"></a>CAN0_Wake_Up_IRQHandler</STRONG> (Thumb, 0 bytes, Stack size 0 bytes, startup_MK64F12.o(.text))
<BR>[Address Reference Count : 1]<UL><LI> startup_MK64F12.o(RESET)
</UL>
<P><STRONG><a name="[42]"></a>CMP0_IRQHandler</STRONG> (Thumb, 0 bytes, Stack size 0 bytes, startup_MK64F12.o(.text))
<BR>[Address Reference Count : 1]<UL><LI> startup_MK64F12.o(RESET)
</UL>
<P><STRONG><a name="[43]"></a>CMP1_IRQHandler</STRONG> (Thumb, 0 bytes, Stack size 0 bytes, startup_MK64F12.o(.text))
<BR>[Address Reference Count : 1]<UL><LI> startup_MK64F12.o(RESET)
</UL>
<P><STRONG><a name="[60]"></a>CMP2_IRQHandler</STRONG> (Thumb, 0 bytes, Stack size 0 bytes, startup_MK64F12.o(.text))
<BR>[Address Reference Count : 1]<UL><LI> startup_MK64F12.o(RESET)
</UL>
<P><STRONG><a name="[47]"></a>CMT_IRQHandler</STRONG> (Thumb, 0 bytes, Stack size 0 bytes, startup_MK64F12.o(.text))
<BR>[Address Reference Count : 1]<UL><LI> startup_MK64F12.o(RESET)
</UL>
<P><STRONG><a name="[52]"></a>DAC0_IRQHandler</STRONG> (Thumb, 0 bytes, Stack size 0 bytes, startup_MK64F12.o(.text))
<BR>[Address Reference Count : 1]<UL><LI> startup_MK64F12.o(RESET)
</UL>
<P><STRONG><a name="[62]"></a>DAC1_IRQHandler</STRONG> (Thumb, 0 bytes, Stack size 0 bytes, startup_MK64F12.o(.text))
<BR>[Address Reference Count : 1]<UL><LI> startup_MK64F12.o(RESET)
</UL>
<P><STRONG><a name="[1a]"></a>DMA0_IRQHandler</STRONG> (Thumb, 0 bytes, Stack size 0 bytes, startup_MK64F12.o(.text))
<BR>[Address Reference Count : 1]<UL><LI> startup_MK64F12.o(RESET)
</UL>
<P><STRONG><a name="[24]"></a>DMA10_IRQHandler</STRONG> (Thumb, 0 bytes, Stack size 0 bytes, startup_MK64F12.o(.text))
<BR>[Address Reference Count : 1]<UL><LI> startup_MK64F12.o(RESET)
</UL>
<P><STRONG><a name="[25]"></a>DMA11_IRQHandler</STRONG> (Thumb, 0 bytes, Stack size 0 bytes, startup_MK64F12.o(.text))
<BR>[Address Reference Count : 1]<UL><LI> startup_MK64F12.o(RESET)
</UL>
<P><STRONG><a name="[26]"></a>DMA12_IRQHandler</STRONG> (Thumb, 0 bytes, Stack size 0 bytes, startup_MK64F12.o(.text))
<BR>[Address Reference Count : 1]<UL><LI> startup_MK64F12.o(RESET)
</UL>
<P><STRONG><a name="[27]"></a>DMA13_IRQHandler</STRONG> (Thumb, 0 bytes, Stack size 0 bytes, startup_MK64F12.o(.text))
<BR>[Address Reference Count : 1]<UL><LI> startup_MK64F12.o(RESET)
</UL>
<P><STRONG><a name="[28]"></a>DMA14_IRQHandler</STRONG> (Thumb, 0 bytes, Stack size 0 bytes, startup_MK64F12.o(.text))
<BR>[Address Reference Count : 1]<UL><LI> startup_MK64F12.o(RESET)
</UL>
<P><STRONG><a name="[29]"></a>DMA15_IRQHandler</STRONG> (Thumb, 0 bytes, Stack size 0 bytes, startup_MK64F12.o(.text))
<BR>[Address Reference Count : 1]<UL><LI> startup_MK64F12.o(RESET)
</UL>
<P><STRONG><a name="[1b]"></a>DMA1_IRQHandler</STRONG> (Thumb, 0 bytes, Stack size 0 bytes, startup_MK64F12.o(.text))
<BR>[Address Reference Count : 1]<UL><LI> startup_MK64F12.o(RESET)
</UL>
<P><STRONG><a name="[1c]"></a>DMA2_IRQHandler</STRONG> (Thumb, 0 bytes, Stack size 0 bytes, startup_MK64F12.o(.text))
<BR>[Address Reference Count : 1]<UL><LI> startup_MK64F12.o(RESET)
</UL>
<P><STRONG><a name="[1d]"></a>DMA3_IRQHandler</STRONG> (Thumb, 0 bytes, Stack size 0 bytes, startup_MK64F12.o(.text))
<BR>[Address Reference Count : 1]<UL><LI> startup_MK64F12.o(RESET)
</UL>
<P><STRONG><a name="[1e]"></a>DMA4_IRQHandler</STRONG> (Thumb, 0 bytes, Stack size 0 bytes, startup_MK64F12.o(.text))
<BR>[Address Reference Count : 1]<UL><LI> startup_MK64F12.o(RESET)
</UL>
<P><STRONG><a name="[1f]"></a>DMA5_IRQHandler</STRONG> (Thumb, 0 bytes, Stack size 0 bytes, startup_MK64F12.o(.text))
<BR>[Address Reference Count : 1]<UL><LI> startup_MK64F12.o(RESET)
</UL>
<P><STRONG><a name="[20]"></a>DMA6_IRQHandler</STRONG> (Thumb, 0 bytes, Stack size 0 bytes, startup_MK64F12.o(.text))
<BR>[Address Reference Count : 1]<UL><LI> startup_MK64F12.o(RESET)
</UL>
<P><STRONG><a name="[21]"></a>DMA7_IRQHandler</STRONG> (Thumb, 0 bytes, Stack size 0 bytes, startup_MK64F12.o(.text))
<BR>[Address Reference Count : 1]<UL><LI> startup_MK64F12.o(RESET)
</UL>
<P><STRONG><a name="[22]"></a>DMA8_IRQHandler</STRONG> (Thumb, 0 bytes, Stack size 0 bytes, startup_MK64F12.o(.text))
<BR>[Address Reference Count : 1]<UL><LI> startup_MK64F12.o(RESET)
</UL>
<P><STRONG><a name="[23]"></a>DMA9_IRQHandler</STRONG> (Thumb, 0 bytes, Stack size 0 bytes, startup_MK64F12.o(.text))
<BR>[Address Reference Count : 1]<UL><LI> startup_MK64F12.o(RESET)
</UL>
<P><STRONG><a name="[2a]"></a>DMA_Error_IRQHandler</STRONG> (Thumb, 0 bytes, Stack size 0 bytes, startup_MK64F12.o(.text))
<BR>[Address Reference Count : 1]<UL><LI> startup_MK64F12.o(RESET)
</UL>
<P><STRONG><a name="[6c]"></a>ENET_1588_Timer_IRQHandler</STRONG> (Thumb, 0 bytes, Stack size 0 bytes, startup_MK64F12.o(.text))
<BR>[Address Reference Count : 1]<UL><LI> startup_MK64F12.o(RESET)
</UL>
<P><STRONG><a name="[6f]"></a>ENET_Error_IRQHandler</STRONG> (Thumb, 0 bytes, Stack size 0 bytes, startup_MK64F12.o(.text))
<BR>[Address Reference Count : 1]<UL><LI> startup_MK64F12.o(RESET)
</UL>
<P><STRONG><a name="[6e]"></a>ENET_Receive_IRQHandler</STRONG> (Thumb, 0 bytes, Stack size 0 bytes, startup_MK64F12.o(.text))
<BR>[Address Reference Count : 1]<UL><LI> startup_MK64F12.o(RESET)
</UL>
<P><STRONG><a name="[6d]"></a>ENET_Transmit_IRQHandler</STRONG> (Thumb, 0 bytes, Stack size 0 bytes, startup_MK64F12.o(.text))
<BR>[Address Reference Count : 1]<UL><LI> startup_MK64F12.o(RESET)
</UL>
<P><STRONG><a name="[2c]"></a>FTFE_IRQHandler</STRONG> (Thumb, 0 bytes, Stack size 0 bytes, startup_MK64F12.o(.text))
<BR>[Address Reference Count : 1]<UL><LI> startup_MK64F12.o(RESET)
</UL>
<P><STRONG><a name="[44]"></a>FTM0_IRQHandler</STRONG> (Thumb, 0 bytes, Stack size 0 bytes, startup_MK64F12.o(.text))
<BR>[Address Reference Count : 1]<UL><LI> startup_MK64F12.o(RESET)
</UL>
<P><STRONG><a name="[45]"></a>FTM1_IRQHandler</STRONG> (Thumb, 0 bytes, Stack size 0 bytes, startup_MK64F12.o(.text))
<BR>[Address Reference Count : 1]<UL><LI> startup_MK64F12.o(RESET)
</UL>
<P><STRONG><a name="[46]"></a>FTM2_IRQHandler</STRONG> (Thumb, 0 bytes, Stack size 0 bytes, startup_MK64F12.o(.text))
<BR>[Address Reference Count : 1]<UL><LI> startup_MK64F12.o(RESET)
</UL>
<P><STRONG><a name="[61]"></a>FTM3_IRQHandler</STRONG> (Thumb, 0 bytes, Stack size 0 bytes, startup_MK64F12.o(.text))
<BR>[Address Reference Count : 1]<UL><LI> startup_MK64F12.o(RESET)
</UL>
<P><STRONG><a name="[32]"></a>I2C0_IRQHandler</STRONG> (Thumb, 0 bytes, Stack size 0 bytes, startup_MK64F12.o(.text))
<BR>[Address Reference Count : 1]<UL><LI> startup_MK64F12.o(RESET)
</UL>
<P><STRONG><a name="[33]"></a>I2C1_IRQHandler</STRONG> (Thumb, 0 bytes, Stack size 0 bytes, startup_MK64F12.o(.text))
<BR>[Address Reference Count : 1]<UL><LI> startup_MK64F12.o(RESET)
</UL>
<P><STRONG><a name="[64]"></a>I2C2_IRQHandler</STRONG> (Thumb, 0 bytes, Stack size 0 bytes, startup_MK64F12.o(.text))
<BR>[Address Reference Count : 1]<UL><LI> startup_MK64F12.o(RESET)
</UL>
<P><STRONG><a name="[37]"></a>I2S0_Rx_IRQHandler</STRONG> (Thumb, 0 bytes, Stack size 0 bytes, startup_MK64F12.o(.text))
<BR>[Address Reference Count : 1]<UL><LI> startup_MK64F12.o(RESET)
</UL>
<P><STRONG><a name="[36]"></a>I2S0_Tx_IRQHandler</STRONG> (Thumb, 0 bytes, Stack size 0 bytes, startup_MK64F12.o(.text))
<BR>[Address Reference Count : 1]<UL><LI> startup_MK64F12.o(RESET)
</UL>
<P><STRONG><a name="[2f]"></a>LLW_IRQHandler</STRONG> (Thumb, 0 bytes, Stack size 0 bytes, startup_MK64F12.o(.text))
<BR>[Address Reference Count : 1]<UL><LI> startup_MK64F12.o(RESET)
</UL>
<P><STRONG><a name="[54]"></a>LPTimer_IRQHandler</STRONG> (Thumb, 0 bytes, Stack size 0 bytes, startup_MK64F12.o(.text))
<BR>[Address Reference Count : 1]<UL><LI> startup_MK64F12.o(RESET)
</UL>
<P><STRONG><a name="[2e]"></a>LVD_LVW_IRQHandler</STRONG> (Thumb, 0 bytes, Stack size 0 bytes, startup_MK64F12.o(.text))
<BR>[Address Reference Count : 1]<UL><LI> startup_MK64F12.o(RESET)
</UL>
<P><STRONG><a name="[53]"></a>MCG_IRQHandler</STRONG> (Thumb, 0 bytes, Stack size 0 bytes, startup_MK64F12.o(.text))
<BR>[Address Reference Count : 1]<UL><LI> startup_MK64F12.o(RESET)
</UL>
<P><STRONG><a name="[2b]"></a>MCM_IRQHandler</STRONG> (Thumb, 0 bytes, Stack size 0 bytes, startup_MK64F12.o(.text))
<BR>[Address Reference Count : 1]<UL><LI> startup_MK64F12.o(RESET)
</UL>
<P><STRONG><a name="[4e]"></a>PDB0_IRQHandler</STRONG> (Thumb, 0 bytes, Stack size 0 bytes, startup_MK64F12.o(.text))
<BR>[Address Reference Count : 1]<UL><LI> startup_MK64F12.o(RESET)
</UL>
<P><STRONG><a name="[4a]"></a>PIT0_IRQHandler</STRONG> (Thumb, 0 bytes, Stack size 0 bytes, startup_MK64F12.o(.text))
<BR>[Address Reference Count : 1]<UL><LI> startup_MK64F12.o(RESET)
</UL>
<P><STRONG><a name="[4b]"></a>PIT1_IRQHandler</STRONG> (Thumb, 0 bytes, Stack size 0 bytes, startup_MK64F12.o(.text))
<BR>[Address Reference Count : 1]<UL><LI> startup_MK64F12.o(RESET)
</UL>
<P><STRONG><a name="[4c]"></a>PIT2_IRQHandler</STRONG> (Thumb, 0 bytes, Stack size 0 bytes, startup_MK64F12.o(.text))
<BR>[Address Reference Count : 1]<UL><LI> startup_MK64F12.o(RESET)
</UL>
<P><STRONG><a name="[4d]"></a>PIT3_IRQHandler</STRONG> (Thumb, 0 bytes, Stack size 0 bytes, startup_MK64F12.o(.text))
<BR>[Address Reference Count : 1]<UL><LI> startup_MK64F12.o(RESET)
</UL>
<P><STRONG><a name="[55]"></a>PORTA_IRQHandler</STRONG> (Thumb, 0 bytes, Stack size 0 bytes, startup_MK64F12.o(.text))
<BR>[Address Reference Count : 1]<UL><LI> startup_MK64F12.o(RESET)
</UL>
<P><STRONG><a name="[56]"></a>PORTB_IRQHandler</STRONG> (Thumb, 0 bytes, Stack size 0 bytes, startup_MK64F12.o(.text))
<BR>[Address Reference Count : 1]<UL><LI> startup_MK64F12.o(RESET)
</UL>
<P><STRONG><a name="[57]"></a>PORTC_IRQHandler</STRONG> (Thumb, 0 bytes, Stack size 0 bytes, startup_MK64F12.o(.text))
<BR>[Address Reference Count : 1]<UL><LI> startup_MK64F12.o(RESET)
</UL>
<P><STRONG><a name="[58]"></a>PORTD_IRQHandler</STRONG> (Thumb, 0 bytes, Stack size 0 bytes, startup_MK64F12.o(.text))
<BR>[Address Reference Count : 1]<UL><LI> startup_MK64F12.o(RESET)
</UL>
<P><STRONG><a name="[59]"></a>PORTE_IRQHandler</STRONG> (Thumb, 0 bytes, Stack size 0 bytes, startup_MK64F12.o(.text))
<BR>[Address Reference Count : 1]<UL><LI> startup_MK64F12.o(RESET)
</UL>
<P><STRONG><a name="[31]"></a>RNG_IRQHandler</STRONG> (Thumb, 0 bytes, Stack size 0 bytes, startup_MK64F12.o(.text))
<BR>[Address Reference Count : 1]<UL><LI> startup_MK64F12.o(RESET)
</UL>
<P><STRONG><a name="[48]"></a>RTC_IRQHandler</STRONG> (Thumb, 0 bytes, Stack size 0 bytes, startup_MK64F12.o(.text))
<BR>[Address Reference Count : 1]<UL><LI> startup_MK64F12.o(RESET)
</UL>
<P><STRONG><a name="[49]"></a>RTC_Seconds_IRQHandler</STRONG> (Thumb, 0 bytes, Stack size 0 bytes, startup_MK64F12.o(.text))
<BR>[Address Reference Count : 1]<UL><LI> startup_MK64F12.o(RESET)
</UL>
<P><STRONG><a name="[2d]"></a>Read_Collision_IRQHandler</STRONG> (Thumb, 0 bytes, Stack size 0 bytes, startup_MK64F12.o(.text))
<BR>[Address Reference Count : 1]<UL><LI> startup_MK64F12.o(RESET)
</UL>
<P><STRONG><a name="[51]"></a>Reserved71_IRQHandler</STRONG> (Thumb, 0 bytes, Stack size 0 bytes, startup_MK64F12.o(.text))
<BR>[Address Reference Count : 1]<UL><LI> startup_MK64F12.o(RESET)
</UL>
<P><STRONG><a name="[6b]"></a>SDHC_IRQHandler</STRONG> (Thumb, 0 bytes, Stack size 0 bytes, startup_MK64F12.o(.text))
<BR>[Address Reference Count : 1]<UL><LI> startup_MK64F12.o(RESET)
</UL>
<P><STRONG><a name="[34]"></a>SPI0_IRQHandler</STRONG> (Thumb, 0 bytes, Stack size 0 bytes, startup_MK64F12.o(.text))
<BR>[Address Reference Count : 1]<UL><LI> startup_MK64F12.o(RESET)
</UL>
<P><STRONG><a name="[35]"></a>SPI1_IRQHandler</STRONG> (Thumb, 0 bytes, Stack size 0 bytes, startup_MK64F12.o(.text))
<BR>[Address Reference Count : 1]<UL><LI> startup_MK64F12.o(RESET)
</UL>
<P><STRONG><a name="[5b]"></a>SPI2_IRQHandler</STRONG> (Thumb, 0 bytes, Stack size 0 bytes, startup_MK64F12.o(.text))
<BR>[Address Reference Count : 1]<UL><LI> startup_MK64F12.o(RESET)
</UL>
<P><STRONG><a name="[5a]"></a>SWI_IRQHandler</STRONG> (Thumb, 0 bytes, Stack size 0 bytes, startup_MK64F12.o(.text))
<BR>[Address Reference Count : 1]<UL><LI> startup_MK64F12.o(RESET)
</UL>
<P><STRONG><a name="[3a]"></a>UART0_ERR_IRQHandler</STRONG> (Thumb, 0 bytes, Stack size 0 bytes, startup_MK64F12.o(.text))
<BR>[Address Reference Count : 1]<UL><LI> startup_MK64F12.o(RESET)
</UL>
<P><STRONG><a name="[38]"></a>UART0_LON_IRQHandler</STRONG> (Thumb, 0 bytes, Stack size 0 bytes, startup_MK64F12.o(.text))
<BR>[Address Reference Count : 1]<UL><LI> startup_MK64F12.o(RESET)
</UL>
<P><STRONG><a name="[39]"></a>UART0_RX_TX_IRQHandler</STRONG> (Thumb, 0 bytes, Stack size 0 bytes, startup_MK64F12.o(.text))
<BR>[Address Reference Count : 1]<UL><LI> startup_MK64F12.o(RESET)
</UL>
<P><STRONG><a name="[3c]"></a>UART1_ERR_IRQHandler</STRONG> (Thumb, 0 bytes, Stack size 0 bytes, startup_MK64F12.o(.text))
<BR>[Address Reference Count : 1]<UL><LI> startup_MK64F12.o(RESET)
</UL>
<P><STRONG><a name="[3b]"></a>UART1_RX_TX_IRQHandler</STRONG> (Thumb, 0 bytes, Stack size 0 bytes, startup_MK64F12.o(.text))
<BR>[Address Reference Count : 1]<UL><LI> startup_MK64F12.o(RESET)
</UL>
<P><STRONG><a name="[3e]"></a>UART2_ERR_IRQHandler</STRONG> (Thumb, 0 bytes, Stack size 0 bytes, startup_MK64F12.o(.text))
<BR>[Address Reference Count : 1]<UL><LI> startup_MK64F12.o(RESET)
</UL>
<P><STRONG><a name="[3d]"></a>UART2_RX_TX_IRQHandler</STRONG> (Thumb, 0 bytes, Stack size 0 bytes, startup_MK64F12.o(.text))
<BR>[Address Reference Count : 1]<UL><LI> startup_MK64F12.o(RESET)
</UL>
<P><STRONG><a name="[40]"></a>UART3_ERR_IRQHandler</STRONG> (Thumb, 0 bytes, Stack size 0 bytes, startup_MK64F12.o(.text))
<BR>[Address Reference Count : 1]<UL><LI> startup_MK64F12.o(RESET)
</UL>
<P><STRONG><a name="[3f]"></a>UART3_RX_TX_IRQHandler</STRONG> (Thumb, 0 bytes, Stack size 0 bytes, startup_MK64F12.o(.text))
<BR>[Address Reference Count : 1]<UL><LI> startup_MK64F12.o(RESET)
</UL>
<P><STRONG><a name="[5d]"></a>UART4_ERR_IRQHandler</STRONG> (Thumb, 0 bytes, Stack size 0 bytes, startup_MK64F12.o(.text))
<BR>[Address Reference Count : 1]<UL><LI> startup_MK64F12.o(RESET)
</UL>
<P><STRONG><a name="[5c]"></a>UART4_RX_TX_IRQHandler</STRONG> (Thumb, 0 bytes, Stack size 0 bytes, startup_MK64F12.o(.text))
<BR>[Address Reference Count : 1]<UL><LI> startup_MK64F12.o(RESET)
</UL>
<P><STRONG><a name="[5f]"></a>UART5_ERR_IRQHandler</STRONG> (Thumb, 0 bytes, Stack size 0 bytes, startup_MK64F12.o(.text))
<BR>[Address Reference Count : 1]<UL><LI> startup_MK64F12.o(RESET)
</UL>
<P><STRONG><a name="[5e]"></a>UART5_RX_TX_IRQHandler</STRONG> (Thumb, 0 bytes, Stack size 0 bytes, startup_MK64F12.o(.text))
<BR>[Address Reference Count : 1]<UL><LI> startup_MK64F12.o(RESET)
</UL>
<P><STRONG><a name="[4f]"></a>USB0_IRQHandler</STRONG> (Thumb, 0 bytes, Stack size 0 bytes, startup_MK64F12.o(.text))
<BR>[Address Reference Count : 1]<UL><LI> startup_MK64F12.o(RESET)
</UL>
<P><STRONG><a name="[50]"></a>USBDCD_IRQHandler</STRONG> (Thumb, 0 bytes, Stack size 0 bytes, startup_MK64F12.o(.text))
<BR>[Address Reference Count : 1]<UL><LI> startup_MK64F12.o(RESET)
</UL>
<P><STRONG><a name="[30]"></a>Watchdog_IRQHandler</STRONG> (Thumb, 0 bytes, Stack size 0 bytes, startup_MK64F12.o(.text))
<BR>[Address Reference Count : 1]<UL><LI> startup_MK64F12.o(RESET)
</UL>
<P><STRONG><a name="[b4]"></a>vfprintf</STRONG> (Thumb, 10 bytes, Stack size 0 bytes, vfprintf.o(.text))
<BR><BR>[Stack]<UL><LI>Max Depth = 120 + Unknown Stack Size
<LI>Call Chain = vfprintf &rArr; _printf_char_file &rArr; _printf_char_common &rArr; __printf
</UL>
<BR>[Calls]<UL><LI><a href="#[b5]">&gt;&gt;</a>&nbsp;&nbsp;&nbsp;_printf_char_file
</UL>
<BR>[Called By]<UL><LI><a href="#[12f]">&gt;&gt;</a>&nbsp;&nbsp;&nbsp;error
</UL>

<P><STRONG><a name="[b6]"></a>__2fprintf</STRONG> (Thumb, 20 bytes, Stack size 24 bytes, __2fprintf.o(.text))
<BR><BR>[Stack]<UL><LI>Max Depth = 144 + Unknown Stack Size
<LI>Call Chain = __2fprintf &rArr; _printf_char_file &rArr; _printf_char_common &rArr; __printf
</UL>
<BR>[Calls]<UL><LI><a href="#[b5]">&gt;&gt;</a>&nbsp;&nbsp;&nbsp;_printf_char_file
</UL>
<BR>[Called By]<UL><LI><a href="#[133]">&gt;&gt;</a>&nbsp;&nbsp;&nbsp;mbed_assert_internal
</UL>

<P><STRONG><a name="[b7]"></a>_printf_str</STRONG> (Thumb, 82 bytes, Stack size 16 bytes, _printf_str.o(.text))
<BR><BR>[Stack]<UL><LI>Max Depth = 32<LI>Call Chain = _printf_str &rArr; _printf_post_padding
</UL>
<BR>[Calls]<UL><LI><a href="#[b9]">&gt;&gt;</a>&nbsp;&nbsp;&nbsp;_printf_post_padding
<LI><a href="#[b8]">&gt;&gt;</a>&nbsp;&nbsp;&nbsp;_printf_pre_padding
</UL>
<BR>[Called By]<UL><LI><a href="#[d1]">&gt;&gt;</a>&nbsp;&nbsp;&nbsp;_printf_cs_common
</UL>

<P><STRONG><a name="[8b]"></a>_printf_int_dec</STRONG> (Thumb, 104 bytes, Stack size 24 bytes, _printf_dec.o(.text))
<BR><BR>[Stack]<UL><LI>Max Depth = 72<LI>Call Chain = _printf_int_dec &rArr; _printf_int_common &rArr; _printf_post_padding
</UL>
<BR>[Calls]<UL><LI><a href="#[bc]">&gt;&gt;</a>&nbsp;&nbsp;&nbsp;_printf_int_common
<LI><a href="#[bb]">&gt;&gt;</a>&nbsp;&nbsp;&nbsp;_printf_truncate_unsigned
<LI><a href="#[ba]">&gt;&gt;</a>&nbsp;&nbsp;&nbsp;_printf_truncate_signed
</UL>
<BR>[Called By]<UL><LI><a href="#[8d]">&gt;&gt;</a>&nbsp;&nbsp;&nbsp;_printf_u
<LI><a href="#[8a]">&gt;&gt;</a>&nbsp;&nbsp;&nbsp;_printf_i
<LI><a href="#[8c]">&gt;&gt;</a>&nbsp;&nbsp;&nbsp;_printf_d
</UL>

<P><STRONG><a name="[bd]"></a>__printf</STRONG> (Thumb, 388 bytes, Stack size 40 bytes, __printf_flags_ss_wp.o(.text))
<BR><BR>[Stack]<UL><LI>Max Depth = 40 + Unknown Stack Size
<LI>Call Chain = __printf
</UL>
<BR>[Calls]<UL><LI><a href="#[bf]">&gt;&gt;</a>&nbsp;&nbsp;&nbsp;_printf_percent
<LI><a href="#[be]">&gt;&gt;</a>&nbsp;&nbsp;&nbsp;_is_digit
</UL>
<BR>[Called By]<UL><LI><a href="#[d2]">&gt;&gt;</a>&nbsp;&nbsp;&nbsp;_printf_char_common
</UL>

<P><STRONG><a name="[c0]"></a>__0sscanf</STRONG> (Thumb, 52 bytes, Stack size 72 bytes, __0sscanf.o(.text))
<BR><BR>[Stack]<UL><LI>Max Depth = 224<LI>Call Chain = __0sscanf &rArr; __vfscanf_char &rArr; __vfscanf &rArr; _scanf_int
</UL>
<BR>[Calls]<UL><LI><a href="#[c1]">&gt;&gt;</a>&nbsp;&nbsp;&nbsp;__vfscanf_char
</UL>
<BR>[Called By]<UL><LI><a href="#[fc]">&gt;&gt;</a>&nbsp;&nbsp;&nbsp;_sys_open
</UL>

<P><STRONG><a name="[c2]"></a>_scanf_int</STRONG> (Thumb, 332 bytes, Stack size 56 bytes, _scanf_int.o(.text))
<BR><BR>[Stack]<UL><LI>Max Depth = 56<LI>Call Chain = _scanf_int
</UL>
<BR>[Calls]<UL><LI><a href="#[c3]">&gt;&gt;</a>&nbsp;&nbsp;&nbsp;_chval
</UL>
<BR>[Called By]<UL><LI><a href="#[d9]">&gt;&gt;</a>&nbsp;&nbsp;&nbsp;__vfscanf
</UL>

<P><STRONG><a name="[c4]"></a>_do_fflush</STRONG> (Thumb, 54 bytes, Stack size 16 bytes, fflush.o(.text))
<BR><BR>[Stack]<UL><LI>Max Depth = 456 + Unknown Stack Size
<LI>Call Chain = _do_fflush &rArr; _fflush &rArr; _writebuf &rArr; _sys_write &rArr; serial_init &rArr;  pin_mode (Cycle)
</UL>
<BR>[Calls]<UL><LI><a href="#[c5]">&gt;&gt;</a>&nbsp;&nbsp;&nbsp;_fflush
<LI><a href="#[c6]">&gt;&gt;</a>&nbsp;&nbsp;&nbsp;_fseek
</UL>
<BR>[Called By]<UL><LI><a href="#[c7]">&gt;&gt;</a>&nbsp;&nbsp;&nbsp;fflush
</UL>

<P><STRONG><a name="[c7]"></a>fflush</STRONG> (Thumb, 42 bytes, Stack size 16 bytes, fflush.o(.text))
<BR><BR>[Stack]<UL><LI>Max Depth = 472 + Unknown Stack Size
<LI>Call Chain = fflush &rArr; _do_fflush &rArr; _fflush &rArr; _writebuf &rArr; _sys_write &rArr; serial_init &rArr;  pin_mode (Cycle)
</UL>
<BR>[Calls]<UL><LI><a href="#[c4]">&gt;&gt;</a>&nbsp;&nbsp;&nbsp;_do_fflush
</UL>
<BR>[Called By]<UL><LI><a href="#[b3]">&gt;&gt;</a>&nbsp;&nbsp;&nbsp;exit
<LI><a href="#[c9]">&gt;&gt;</a>&nbsp;&nbsp;&nbsp;__assert_puts
</UL>

<P><STRONG><a name="[c8]"></a>__aeabi_assert</STRONG> (Thumb, 86 bytes, Stack size 16 bytes, assert.o(.text))
<BR><BR>[Stack]<UL><LI>Max Depth = 496 + Unknown Stack Size
<LI>Call Chain = __aeabi_assert &rArr; __assert_puts &rArr; fflush &rArr; _do_fflush &rArr; _fflush &rArr; _writebuf &rArr; _sys_write &rArr; serial_init &rArr;  pin_mode (Cycle)
</UL>
<BR>[Calls]<UL><LI><a href="#[ca]">&gt;&gt;</a>&nbsp;&nbsp;&nbsp;abort
<LI><a href="#[c9]">&gt;&gt;</a>&nbsp;&nbsp;&nbsp;__assert_puts
</UL>
<BR>[Called By]<UL><LI><a href="#[13a]">&gt;&gt;</a>&nbsp;&nbsp;&nbsp;pin_function
<LI><a href="#[10f]">&gt;&gt;</a>&nbsp;&nbsp;&nbsp;CLOCK_HAL_GetDivider
<LI><a href="#[134]">&gt;&gt;</a>&nbsp;&nbsp;&nbsp;gpio_init
<LI><a href="#[138]">&gt;&gt;</a>&nbsp;&nbsp;&nbsp;pin_mode
<LI><a href="#[118]">&gt;&gt;</a>&nbsp;&nbsp;&nbsp;GPIO_HAL_SetPinDir
<LI><a href="#[119]">&gt;&gt;</a>&nbsp;&nbsp;&nbsp;GPIO_HAL_WritePinOutput
<LI><a href="#[11d]">&gt;&gt;</a>&nbsp;&nbsp;&nbsp;RCM_HAL_GetSrcStatusCmd
</UL>

<P><STRONG><a name="[169]"></a>__assert</STRONG> (Thumb, 0 bytes, Stack size 16 bytes, assert.o(.text), UNUSED)

<P><STRONG><a name="[124]"></a>strlen</STRONG> (Thumb, 62 bytes, Stack size 8 bytes, strlen.o(.text))
<BR><BR>[Stack]<UL><LI>Max Depth = 8<LI>Call Chain = strlen
</UL>
<BR>[Called By]<UL><LI><a href="#[122]">&gt;&gt;</a>&nbsp;&nbsp;&nbsp;mbed::FileBase::lookup(const char*, unsigned)
</UL>

<P><STRONG><a name="[123]"></a>strncmp</STRONG> (Thumb, 150 bytes, Stack size 16 bytes, strncmp.o(.text))
<BR><BR>[Stack]<UL><LI>Max Depth = 16<LI>Call Chain = strncmp
</UL>
<BR>[Called By]<UL><LI><a href="#[122]">&gt;&gt;</a>&nbsp;&nbsp;&nbsp;mbed::FileBase::lookup(const char*, unsigned)
</UL>

<P><STRONG><a name="[11c]"></a>__aeabi_memmove4</STRONG> (Thumb, 0 bytes, Stack size 8 bytes, rt_memmove_w.o(.text))
<BR><BR>[Stack]<UL><LI>Max Depth = 8<LI>Call Chain = __aeabi_memmove4
</UL>
<BR>[Called By]<UL><LI><a href="#[11b]">&gt;&gt;</a>&nbsp;&nbsp;&nbsp;NVIC_SetVector
</UL>

<P><STRONG><a name="[16a]"></a>__aeabi_memmove8</STRONG> (Thumb, 0 bytes, Stack size 8 bytes, rt_memmove_w.o(.text), UNUSED)

<P><STRONG><a name="[cb]"></a>__rt_memmove_w</STRONG> (Thumb, 122 bytes, Stack size 8 bytes, rt_memmove_w.o(.text), UNUSED)
<BR><BR>[Calls]<UL><LI><a href="#[cc]">&gt;&gt;</a>&nbsp;&nbsp;&nbsp;__aeabi_memcpy4
</UL>

<P><STRONG><a name="[16b]"></a>__memmove_aligned</STRONG> (Thumb, 0 bytes, Stack size unknown bytes, rt_memmove_w.o(.text), UNUSED)

<P><STRONG><a name="[16c]"></a>__memmove_lastfew_aligned</STRONG> (Thumb, 0 bytes, Stack size unknown bytes, rt_memmove_w.o(.text), UNUSED)

<P><STRONG><a name="[e2]"></a>__aeabi_memclr4</STRONG> (Thumb, 0 bytes, Stack size 4 bytes, rt_memclr_w.o(.text))
<BR><BR>[Stack]<UL><LI>Max Depth = 4<LI>Call Chain = __aeabi_memclr4
</UL>
<BR>[Called By]<UL><LI><a href="#[ac]">&gt;&gt;</a>&nbsp;&nbsp;&nbsp;_initio
<LI><a href="#[e7]">&gt;&gt;</a>&nbsp;&nbsp;&nbsp;_fclose_internal
<LI><a href="#[fd]">&gt;&gt;</a>&nbsp;&nbsp;&nbsp;fopen
</UL>

<P><STRONG><a name="[16d]"></a>__aeabi_memclr8</STRONG> (Thumb, 0 bytes, Stack size 4 bytes, rt_memclr_w.o(.text), UNUSED)

<P><STRONG><a name="[16e]"></a>__rt_memclr_w</STRONG> (Thumb, 78 bytes, Stack size 4 bytes, rt_memclr_w.o(.text), UNUSED)

<P><STRONG><a name="[16f]"></a>_memset_w</STRONG> (Thumb, 0 bytes, Stack size unknown bytes, rt_memclr_w.o(.text), UNUSED)

<P><STRONG><a name="[12a]"></a>strcmp</STRONG> (Thumb, 128 bytes, Stack size 0 bytes, strcmpv7m.o(.text))
<BR><BR>[Called By]<UL><LI><a href="#[fc]">&gt;&gt;</a>&nbsp;&nbsp;&nbsp;_sys_open
<LI><a href="#[79]">&gt;&gt;</a>&nbsp;&nbsp;&nbsp;_get_lc_ctype
<LI><a href="#[aa]">&gt;&gt;</a>&nbsp;&nbsp;&nbsp;_get_lc_numeric
</UL>

<P><STRONG><a name="[cd]"></a>malloc</STRONG> (Thumb, 94 bytes, Stack size 16 bytes, h1_alloc.o(.text), UNUSED)
<BR><BR>[Calls]<UL><LI><a href="#[cf]">&gt;&gt;</a>&nbsp;&nbsp;&nbsp;__Heap_Full
<LI><a href="#[ce]">&gt;&gt;</a>&nbsp;&nbsp;&nbsp;__rt_heap_descriptor
</UL>
<BR>[Called By]<UL><LI><a href="#[102]">&gt;&gt;</a>&nbsp;&nbsp;&nbsp;__flsbuf
<LI><a href="#[fd]">&gt;&gt;</a>&nbsp;&nbsp;&nbsp;fopen
</UL>

<P><STRONG><a name="[d0]"></a>free</STRONG> (Thumb, 78 bytes, Stack size 16 bytes, h1_free.o(.text))
<BR><BR>[Stack]<UL><LI>Max Depth = 16<LI>Call Chain = free
</UL>
<BR>[Calls]<UL><LI><a href="#[ce]">&gt;&gt;</a>&nbsp;&nbsp;&nbsp;__rt_heap_descriptor
</UL>
<BR>[Called By]<UL><LI><a href="#[e6]">&gt;&gt;</a>&nbsp;&nbsp;&nbsp;_terminateio
<LI><a href="#[eb]">&gt;&gt;</a>&nbsp;&nbsp;&nbsp;__Heap_ProvideMemory
<LI><a href="#[e7]">&gt;&gt;</a>&nbsp;&nbsp;&nbsp;_fclose_internal
</UL>

<P><STRONG><a name="[b8]"></a>_printf_pre_padding</STRONG> (Thumb, 44 bytes, Stack size 16 bytes, _printf_pad.o(.text))
<BR><BR>[Stack]<UL><LI>Max Depth = 16<LI>Call Chain = _printf_pre_padding
</UL>
<BR>[Called By]<UL><LI><a href="#[d4]">&gt;&gt;</a>&nbsp;&nbsp;&nbsp;_printf_wctomb
<LI><a href="#[bc]">&gt;&gt;</a>&nbsp;&nbsp;&nbsp;_printf_int_common
<LI><a href="#[b7]">&gt;&gt;</a>&nbsp;&nbsp;&nbsp;_printf_str
<LI><a href="#[f8]">&gt;&gt;</a>&nbsp;&nbsp;&nbsp;_printf_fp_infnan
<LI><a href="#[f9]">&gt;&gt;</a>&nbsp;&nbsp;&nbsp;_printf_fp_hex_real
<LI><a href="#[f6]">&gt;&gt;</a>&nbsp;&nbsp;&nbsp;_printf_fp_dec_real
</UL>

<P><STRONG><a name="[b9]"></a>_printf_post_padding</STRONG> (Thumb, 34 bytes, Stack size 16 bytes, _printf_pad.o(.text))
<BR><BR>[Stack]<UL><LI>Max Depth = 16<LI>Call Chain = _printf_post_padding
</UL>
<BR>[Called By]<UL><LI><a href="#[d4]">&gt;&gt;</a>&nbsp;&nbsp;&nbsp;_printf_wctomb
<LI><a href="#[bc]">&gt;&gt;</a>&nbsp;&nbsp;&nbsp;_printf_int_common
<LI><a href="#[b7]">&gt;&gt;</a>&nbsp;&nbsp;&nbsp;_printf_str
<LI><a href="#[f8]">&gt;&gt;</a>&nbsp;&nbsp;&nbsp;_printf_fp_infnan
<LI><a href="#[f9]">&gt;&gt;</a>&nbsp;&nbsp;&nbsp;_printf_fp_hex_real
<LI><a href="#[f6]">&gt;&gt;</a>&nbsp;&nbsp;&nbsp;_printf_fp_dec_real
</UL>

<P><STRONG><a name="[ba]"></a>_printf_truncate_signed</STRONG> (Thumb, 18 bytes, Stack size 0 bytes, _printf_truncate.o(.text))
<BR><BR>[Called By]<UL><LI><a href="#[8b]">&gt;&gt;</a>&nbsp;&nbsp;&nbsp;_printf_int_dec
</UL>

<P><STRONG><a name="[bb]"></a>_printf_truncate_unsigned</STRONG> (Thumb, 18 bytes, Stack size 0 bytes, _printf_truncate.o(.text))
<BR><BR>[Called By]<UL><LI><a href="#[91]">&gt;&gt;</a>&nbsp;&nbsp;&nbsp;_printf_int_hex
<LI><a href="#[8f]">&gt;&gt;</a>&nbsp;&nbsp;&nbsp;_printf_int_oct
<LI><a href="#[8b]">&gt;&gt;</a>&nbsp;&nbsp;&nbsp;_printf_int_dec
</UL>

<P><STRONG><a name="[bc]"></a>_printf_int_common</STRONG> (Thumb, 178 bytes, Stack size 32 bytes, _printf_intcommon.o(.text))
<BR><BR>[Stack]<UL><LI>Max Depth = 48<LI>Call Chain = _printf_int_common &rArr; _printf_post_padding
</UL>
<BR>[Calls]<UL><LI><a href="#[b9]">&gt;&gt;</a>&nbsp;&nbsp;&nbsp;_printf_post_padding
<LI><a href="#[b8]">&gt;&gt;</a>&nbsp;&nbsp;&nbsp;_printf_pre_padding
</UL>
<BR>[Called By]<UL><LI><a href="#[d8]">&gt;&gt;</a>&nbsp;&nbsp;&nbsp;_printf_longlong_hex
<LI><a href="#[d7]">&gt;&gt;</a>&nbsp;&nbsp;&nbsp;_printf_longlong_oct
<LI><a href="#[93]">&gt;&gt;</a>&nbsp;&nbsp;&nbsp;_printf_longlong_dec
<LI><a href="#[8b]">&gt;&gt;</a>&nbsp;&nbsp;&nbsp;_printf_int_dec
</UL>

<P><STRONG><a name="[81]"></a>_printf_charcount</STRONG> (Thumb, 40 bytes, Stack size 0 bytes, _printf_charcount.o(.text))
<BR><BR>[Called By]<UL><LI><a href="#[80]">&gt;&gt;</a>&nbsp;&nbsp;&nbsp;_printf_n
</UL>

<P><STRONG><a name="[d1]"></a>_printf_cs_common</STRONG> (Thumb, 20 bytes, Stack size 8 bytes, _printf_char.o(.text))
<BR><BR>[Stack]<UL><LI>Max Depth = 40<LI>Call Chain = _printf_cs_common &rArr; _printf_str &rArr; _printf_post_padding
</UL>
<BR>[Calls]<UL><LI><a href="#[b7]">&gt;&gt;</a>&nbsp;&nbsp;&nbsp;_printf_str
</UL>
<BR>[Called By]<UL><LI><a href="#[9d]">&gt;&gt;</a>&nbsp;&nbsp;&nbsp;_printf_string
<LI><a href="#[9b]">&gt;&gt;</a>&nbsp;&nbsp;&nbsp;_printf_char
</UL>

<P><STRONG><a name="[9b]"></a>_printf_char</STRONG> (Thumb, 16 bytes, Stack size 0 bytes, _printf_char.o(.text))
<BR><BR>[Stack]<UL><LI>Max Depth = 40<LI>Call Chain = _printf_char &rArr; _printf_cs_common &rArr; _printf_str &rArr; _printf_post_padding
</UL>
<BR>[Calls]<UL><LI><a href="#[d1]">&gt;&gt;</a>&nbsp;&nbsp;&nbsp;_printf_cs_common
</UL>
<BR>[Called By]<UL><LI><a href="#[9a]">&gt;&gt;</a>&nbsp;&nbsp;&nbsp;_printf_c
</UL>

<P><STRONG><a name="[9d]"></a>_printf_string</STRONG> (Thumb, 8 bytes, Stack size 0 bytes, _printf_char.o(.text))
<BR><BR>[Stack]<UL><LI>Max Depth = 40<LI>Call Chain = _printf_string &rArr; _printf_cs_common &rArr; _printf_str &rArr; _printf_post_padding
</UL>
<BR>[Calls]<UL><LI><a href="#[d1]">&gt;&gt;</a>&nbsp;&nbsp;&nbsp;_printf_cs_common
</UL>
<BR>[Called By]<UL><LI><a href="#[9c]">&gt;&gt;</a>&nbsp;&nbsp;&nbsp;_printf_s
</UL>

<P><STRONG><a name="[b5]"></a>_printf_char_file</STRONG> (Thumb, 32 bytes, Stack size 16 bytes, _printf_char_file.o(.text))
<BR><BR>[Stack]<UL><LI>Max Depth = 120 + Unknown Stack Size
<LI>Call Chain = _printf_char_file &rArr; _printf_char_common &rArr; __printf
</UL>
<BR>[Calls]<UL><LI><a href="#[d3]">&gt;&gt;</a>&nbsp;&nbsp;&nbsp;ferror
<LI><a href="#[d2]">&gt;&gt;</a>&nbsp;&nbsp;&nbsp;_printf_char_common
</UL>
<BR>[Called By]<UL><LI><a href="#[b6]">&gt;&gt;</a>&nbsp;&nbsp;&nbsp;__2fprintf
<LI><a href="#[b4]">&gt;&gt;</a>&nbsp;&nbsp;&nbsp;vfprintf
</UL>

<P><STRONG><a name="[d4]"></a>_printf_wctomb</STRONG> (Thumb, 182 bytes, Stack size 56 bytes, _printf_wctomb.o(.text))
<BR><BR>[Stack]<UL><LI>Max Depth = 80<LI>Call Chain = _printf_wctomb &rArr; _wcrtomb &rArr; __rt_ctype_table
</UL>
<BR>[Calls]<UL><LI><a href="#[b9]">&gt;&gt;</a>&nbsp;&nbsp;&nbsp;_printf_post_padding
<LI><a href="#[b8]">&gt;&gt;</a>&nbsp;&nbsp;&nbsp;_printf_pre_padding
<LI><a href="#[d5]">&gt;&gt;</a>&nbsp;&nbsp;&nbsp;_wcrtomb
</UL>
<BR>[Called By]<UL><LI><a href="#[fa]">&gt;&gt;</a>&nbsp;&nbsp;&nbsp;_printf_lcs_common
</UL>

<P><STRONG><a name="[93]"></a>_printf_longlong_dec</STRONG> (Thumb, 108 bytes, Stack size 24 bytes, _printf_longlong_dec.o(.text))
<BR><BR>[Stack]<UL><LI>Max Depth = 72<LI>Call Chain = _printf_longlong_dec &rArr; _printf_int_common &rArr; _printf_post_padding
</UL>
<BR>[Calls]<UL><LI><a href="#[bc]">&gt;&gt;</a>&nbsp;&nbsp;&nbsp;_printf_int_common
<LI><a href="#[d6]">&gt;&gt;</a>&nbsp;&nbsp;&nbsp;_ll_udiv10
</UL>
<BR>[Called By]<UL><LI><a href="#[95]">&gt;&gt;</a>&nbsp;&nbsp;&nbsp;_printf_llu
<LI><a href="#[94]">&gt;&gt;</a>&nbsp;&nbsp;&nbsp;_printf_lld
<LI><a href="#[92]">&gt;&gt;</a>&nbsp;&nbsp;&nbsp;_printf_lli
</UL>

<P><STRONG><a name="[d7]"></a>_printf_longlong_oct</STRONG> (Thumb, 68 bytes, Stack size 8 bytes, _printf_oct_int_ll.o(.text))
<BR><BR>[Stack]<UL><LI>Max Depth = 56<LI>Call Chain = _printf_longlong_oct &rArr; _printf_int_common &rArr; _printf_post_padding
</UL>
<BR>[Calls]<UL><LI><a href="#[bc]">&gt;&gt;</a>&nbsp;&nbsp;&nbsp;_printf_int_common
</UL>
<BR>[Called By]<UL><LI><a href="#[97]">&gt;&gt;</a>&nbsp;&nbsp;&nbsp;_printf_ll_oct
<LI><a href="#[8f]">&gt;&gt;</a>&nbsp;&nbsp;&nbsp;_printf_int_oct
</UL>

<P><STRONG><a name="[8f]"></a>_printf_int_oct</STRONG> (Thumb, 24 bytes, Stack size 8 bytes, _printf_oct_int_ll.o(.text))
<BR><BR>[Stack]<UL><LI>Max Depth = 64<LI>Call Chain = _printf_int_oct &rArr; _printf_longlong_oct &rArr; _printf_int_common &rArr; _printf_post_padding
</UL>
<BR>[Calls]<UL><LI><a href="#[d7]">&gt;&gt;</a>&nbsp;&nbsp;&nbsp;_printf_longlong_oct
<LI><a href="#[bb]">&gt;&gt;</a>&nbsp;&nbsp;&nbsp;_printf_truncate_unsigned
</UL>
<BR>[Called By]<UL><LI><a href="#[8e]">&gt;&gt;</a>&nbsp;&nbsp;&nbsp;_printf_o
</UL>

<P><STRONG><a name="[97]"></a>_printf_ll_oct</STRONG> (Thumb, 12 bytes, Stack size 0 bytes, _printf_oct_int_ll.o(.text))
<BR><BR>[Stack]<UL><LI>Max Depth = 56<LI>Call Chain = _printf_ll_oct &rArr; _printf_longlong_oct &rArr; _printf_int_common &rArr; _printf_post_padding
</UL>
<BR>[Calls]<UL><LI><a href="#[d7]">&gt;&gt;</a>&nbsp;&nbsp;&nbsp;_printf_longlong_oct
</UL>
<BR>[Called By]<UL><LI><a href="#[96]">&gt;&gt;</a>&nbsp;&nbsp;&nbsp;_printf_llo
</UL>

<P><STRONG><a name="[d8]"></a>_printf_longlong_hex</STRONG> (Thumb, 86 bytes, Stack size 16 bytes, _printf_hex_int_ll_ptr.o(.text))
<BR><BR>[Stack]<UL><LI>Max Depth = 64<LI>Call Chain = _printf_longlong_hex &rArr; _printf_int_common &rArr; _printf_post_padding
</UL>
<BR>[Calls]<UL><LI><a href="#[bc]">&gt;&gt;</a>&nbsp;&nbsp;&nbsp;_printf_int_common
</UL>
<BR>[Called By]<UL><LI><a href="#[83]">&gt;&gt;</a>&nbsp;&nbsp;&nbsp;_printf_hex_ptr
<LI><a href="#[99]">&gt;&gt;</a>&nbsp;&nbsp;&nbsp;_printf_ll_hex
<LI><a href="#[91]">&gt;&gt;</a>&nbsp;&nbsp;&nbsp;_printf_int_hex
</UL>

<P><STRONG><a name="[91]"></a>_printf_int_hex</STRONG> (Thumb, 28 bytes, Stack size 16 bytes, _printf_hex_int_ll_ptr.o(.text))
<BR><BR>[Stack]<UL><LI>Max Depth = 80<LI>Call Chain = _printf_int_hex &rArr; _printf_longlong_hex &rArr; _printf_int_common &rArr; _printf_post_padding
</UL>
<BR>[Calls]<UL><LI><a href="#[d8]">&gt;&gt;</a>&nbsp;&nbsp;&nbsp;_printf_longlong_hex
<LI><a href="#[bb]">&gt;&gt;</a>&nbsp;&nbsp;&nbsp;_printf_truncate_unsigned
</UL>
<BR>[Called By]<UL><LI><a href="#[90]">&gt;&gt;</a>&nbsp;&nbsp;&nbsp;_printf_x
</UL>

<P><STRONG><a name="[99]"></a>_printf_ll_hex</STRONG> (Thumb, 12 bytes, Stack size 0 bytes, _printf_hex_int_ll_ptr.o(.text))
<BR><BR>[Stack]<UL><LI>Max Depth = 64<LI>Call Chain = _printf_ll_hex &rArr; _printf_longlong_hex &rArr; _printf_int_common &rArr; _printf_post_padding
</UL>
<BR>[Calls]<UL><LI><a href="#[d8]">&gt;&gt;</a>&nbsp;&nbsp;&nbsp;_printf_longlong_hex
</UL>
<BR>[Called By]<UL><LI><a href="#[98]">&gt;&gt;</a>&nbsp;&nbsp;&nbsp;_printf_llx
</UL>

<P><STRONG><a name="[83]"></a>_printf_hex_ptr</STRONG> (Thumb, 18 bytes, Stack size 0 bytes, _printf_hex_int_ll_ptr.o(.text))
<BR><BR>[Stack]<UL><LI>Max Depth = 64<LI>Call Chain = _printf_hex_ptr &rArr; _printf_longlong_hex &rArr; _printf_int_common &rArr; _printf_post_padding
</UL>
<BR>[Calls]<UL><LI><a href="#[d8]">&gt;&gt;</a>&nbsp;&nbsp;&nbsp;_printf_longlong_hex
</UL>
<BR>[Called By]<UL><LI><a href="#[82]">&gt;&gt;</a>&nbsp;&nbsp;&nbsp;_printf_p
</UL>

<P><STRONG><a name="[c3]"></a>_chval</STRONG> (Thumb, 28 bytes, Stack size 0 bytes, _chval.o(.text))
<BR><BR>[Called By]<UL><LI><a href="#[c2]">&gt;&gt;</a>&nbsp;&nbsp;&nbsp;_scanf_int
</UL>

<P><STRONG><a name="[c1]"></a>__vfscanf_char</STRONG> (Thumb, 24 bytes, Stack size 0 bytes, scanf_char.o(.text))
<BR><BR>[Stack]<UL><LI>Max Depth = 152<LI>Call Chain = __vfscanf_char &rArr; __vfscanf &rArr; _scanf_int
</UL>
<BR>[Calls]<UL><LI><a href="#[d9]">&gt;&gt;</a>&nbsp;&nbsp;&nbsp;__vfscanf
</UL>
<BR>[Called By]<UL><LI><a href="#[c0]">&gt;&gt;</a>&nbsp;&nbsp;&nbsp;__0sscanf
</UL>

<P><STRONG><a name="[73]"></a>_sgetc</STRONG> (Thumb, 30 bytes, Stack size 0 bytes, _sgetc.o(.text))
<BR>[Address Reference Count : 1]<UL><LI> __0sscanf.o(.text)
</UL>
<P><STRONG><a name="[74]"></a>_sbackspace</STRONG> (Thumb, 34 bytes, Stack size 0 bytes, _sgetc.o(.text))
<BR>[Address Reference Count : 1]<UL><LI> __0sscanf.o(.text)
</UL>
<P><STRONG><a name="[d3]"></a>ferror</STRONG> (Thumb, 8 bytes, Stack size 0 bytes, ferror.o(.text))
<BR><BR>[Called By]<UL><LI><a href="#[b5]">&gt;&gt;</a>&nbsp;&nbsp;&nbsp;_printf_char_file
</UL>

<P><STRONG><a name="[c6]"></a>_fseek</STRONG> (Thumb, 242 bytes, Stack size 24 bytes, fseek.o(.text))
<BR><BR>[Stack]<UL><LI>Max Depth = 32<LI>Call Chain = _fseek &rArr; _ftell_internal
</UL>
<BR>[Calls]<UL><LI><a href="#[dd]">&gt;&gt;</a>&nbsp;&nbsp;&nbsp;_seterr
<LI><a href="#[da]">&gt;&gt;</a>&nbsp;&nbsp;&nbsp;_sys_istty
<LI><a href="#[dc]">&gt;&gt;</a>&nbsp;&nbsp;&nbsp;_sys_flen
<LI><a href="#[db]">&gt;&gt;</a>&nbsp;&nbsp;&nbsp;_ftell_internal
</UL>
<BR>[Called By]<UL><LI><a href="#[c4]">&gt;&gt;</a>&nbsp;&nbsp;&nbsp;_do_fflush
<LI><a href="#[e3]">&gt;&gt;</a>&nbsp;&nbsp;&nbsp;freopen
</UL>

<P><STRONG><a name="[170]"></a>fseek</STRONG> (Thumb, 0 bytes, Stack size 24 bytes, fseek.o(.text), UNUSED)

<P><STRONG><a name="[e5]"></a>setvbuf</STRONG> (Thumb, 70 bytes, Stack size 16 bytes, setvbuf.o(.text))
<BR><BR>[Stack]<UL><LI>Max Depth = 16<LI>Call Chain = setvbuf
</UL>
<BR>[Called By]<UL><LI><a href="#[ac]">&gt;&gt;</a>&nbsp;&nbsp;&nbsp;_initio
</UL>

<P><STRONG><a name="[dd]"></a>_seterr</STRONG> (Thumb, 20 bytes, Stack size 0 bytes, stdio.o(.text))
<BR><BR>[Called By]<UL><LI><a href="#[de]">&gt;&gt;</a>&nbsp;&nbsp;&nbsp;_writebuf
<LI><a href="#[c6]">&gt;&gt;</a>&nbsp;&nbsp;&nbsp;_fseek
<LI><a href="#[102]">&gt;&gt;</a>&nbsp;&nbsp;&nbsp;__flsbuf
</UL>

<P><STRONG><a name="[de]"></a>_writebuf</STRONG> (Thumb, 84 bytes, Stack size 32 bytes, stdio.o(.text))
<BR><BR>[Stack]<UL><LI>Max Depth = 424 + Unknown Stack Size
<LI>Call Chain = _writebuf &rArr; _sys_write &rArr; serial_init &rArr;  pin_mode (Cycle)
</UL>
<BR>[Calls]<UL><LI><a href="#[dd]">&gt;&gt;</a>&nbsp;&nbsp;&nbsp;_seterr
<LI><a href="#[e0]">&gt;&gt;</a>&nbsp;&nbsp;&nbsp;_sys_write
<LI><a href="#[df]">&gt;&gt;</a>&nbsp;&nbsp;&nbsp;_sys_seek
</UL>
<BR>[Called By]<UL><LI><a href="#[c5]">&gt;&gt;</a>&nbsp;&nbsp;&nbsp;_fflush
<LI><a href="#[102]">&gt;&gt;</a>&nbsp;&nbsp;&nbsp;__flsbuf
</UL>

<P><STRONG><a name="[c5]"></a>_fflush</STRONG> (Thumb, 70 bytes, Stack size 16 bytes, stdio.o(.text))
<BR><BR>[Stack]<UL><LI>Max Depth = 440 + Unknown Stack Size
<LI>Call Chain = _fflush &rArr; _writebuf &rArr; _sys_write &rArr; serial_init &rArr;  pin_mode (Cycle)
</UL>
<BR>[Calls]<UL><LI><a href="#[de]">&gt;&gt;</a>&nbsp;&nbsp;&nbsp;_writebuf
</UL>
<BR>[Called By]<UL><LI><a href="#[e1]">&gt;&gt;</a>&nbsp;&nbsp;&nbsp;_deferredlazyseek
<LI><a href="#[c4]">&gt;&gt;</a>&nbsp;&nbsp;&nbsp;_do_fflush
<LI><a href="#[e7]">&gt;&gt;</a>&nbsp;&nbsp;&nbsp;_fclose_internal
</UL>

<P><STRONG><a name="[e1]"></a>_deferredlazyseek</STRONG> (Thumb, 60 bytes, Stack size 8 bytes, stdio.o(.text), UNUSED)
<BR><BR>[Calls]<UL><LI><a href="#[c5]">&gt;&gt;</a>&nbsp;&nbsp;&nbsp;_fflush
</UL>
<BR>[Called By]<UL><LI><a href="#[102]">&gt;&gt;</a>&nbsp;&nbsp;&nbsp;__flsbuf
</UL>

<P><STRONG><a name="[ac]"></a>_initio</STRONG> (Thumb, 210 bytes, Stack size 8 bytes, initio.o(.text))
<BR><BR>[Stack]<UL><LI>Max Depth = 504 + Unknown Stack Size
<LI>Call Chain = _initio &rArr; freopen &rArr; _fclose_internal &rArr; _fflush &rArr; _writebuf &rArr; _sys_write &rArr; serial_init &rArr;  pin_mode (Cycle)
</UL>
<BR>[Calls]<UL><LI><a href="#[e5]">&gt;&gt;</a>&nbsp;&nbsp;&nbsp;setvbuf
<LI><a href="#[e2]">&gt;&gt;</a>&nbsp;&nbsp;&nbsp;__aeabi_memclr4
<LI><a href="#[e4]">&gt;&gt;</a>&nbsp;&nbsp;&nbsp;__rt_SIGRTRED
<LI><a href="#[e3]">&gt;&gt;</a>&nbsp;&nbsp;&nbsp;freopen
</UL>
<BR>[Called By]<UL><LI><a href="#[ab]">&gt;&gt;</a>&nbsp;&nbsp;&nbsp;__rt_lib_init_stdio_2
</UL>

<P><STRONG><a name="[e6]"></a>_terminateio</STRONG> (Thumb, 56 bytes, Stack size 16 bytes, initio.o(.text), UNUSED)
<BR><BR>[Calls]<UL><LI><a href="#[d0]">&gt;&gt;</a>&nbsp;&nbsp;&nbsp;free
<LI><a href="#[e7]">&gt;&gt;</a>&nbsp;&nbsp;&nbsp;_fclose_internal
</UL>

<P><STRONG><a name="[ca]"></a>abort</STRONG> (Thumb, 22 bytes, Stack size 8 bytes, abort.o(.text))
<BR><BR>[Stack]<UL><LI>Max Depth = 48<LI>Call Chain = abort &rArr; __rt_SIGABRT &rArr; __rt_SIGABRT_inner &rArr; __default_signal_display &rArr; _ttywrch
</UL>
<BR>[Calls]<UL><LI><a href="#[e8]">&gt;&gt;</a>&nbsp;&nbsp;&nbsp;__rt_SIGABRT
<LI><a href="#[e9]">&gt;&gt;</a>&nbsp;&nbsp;&nbsp;_sys_exit
</UL>
<BR>[Called By]<UL><LI><a href="#[c8]">&gt;&gt;</a>&nbsp;&nbsp;&nbsp;__aeabi_assert
</UL>

<P><STRONG><a name="[cc]"></a>__aeabi_memcpy4</STRONG> (Thumb, 0 bytes, Stack size 8 bytes, rt_memcpy_w.o(.text), UNUSED)
<BR><BR>[Called By]<UL><LI><a href="#[cb]">&gt;&gt;</a>&nbsp;&nbsp;&nbsp;__rt_memmove_w
</UL>

<P><STRONG><a name="[171]"></a>__aeabi_memcpy8</STRONG> (Thumb, 0 bytes, Stack size 8 bytes, rt_memcpy_w.o(.text), UNUSED)

<P><STRONG><a name="[172]"></a>__rt_memcpy_w</STRONG> (Thumb, 100 bytes, Stack size 8 bytes, rt_memcpy_w.o(.text), UNUSED)

<P><STRONG><a name="[173]"></a>_memcpy_lastbytes_aligned</STRONG> (Thumb, 0 bytes, Stack size unknown bytes, rt_memcpy_w.o(.text), UNUSED)

<P><STRONG><a name="[104]"></a>_ttywrch</STRONG> (Thumb, 14 bytes, Stack size 8 bytes, sys_wrch.o(.text))
<BR><BR>[Stack]<UL><LI>Max Depth = 8<LI>Call Chain = _ttywrch
</UL>
<BR>[Called By]<UL><LI><a href="#[103]">&gt;&gt;</a>&nbsp;&nbsp;&nbsp;__default_signal_display
</UL>

<P><STRONG><a name="[e9]"></a>_sys_exit</STRONG> (Thumb, 8 bytes, Stack size 0 bytes, sys_exit.o(.text))
<BR><BR>[Called By]<UL><LI><a href="#[ca]">&gt;&gt;</a>&nbsp;&nbsp;&nbsp;abort
<LI><a href="#[ff]">&gt;&gt;</a>&nbsp;&nbsp;&nbsp;__sig_exit
</UL>

<P><STRONG><a name="[ce]"></a>__rt_heap_descriptor</STRONG> (Thumb, 8 bytes, Stack size 0 bytes, rt_heap_descriptor.o(.text))
<BR><BR>[Called By]<UL><LI><a href="#[d0]">&gt;&gt;</a>&nbsp;&nbsp;&nbsp;free
<LI><a href="#[cd]">&gt;&gt;</a>&nbsp;&nbsp;&nbsp;malloc
<LI><a href="#[a5]">&gt;&gt;</a>&nbsp;&nbsp;&nbsp;_init_alloc
</UL>

<P><STRONG><a name="[174]"></a>__use_no_heap</STRONG> (Thumb, 2 bytes, Stack size 0 bytes, hguard.o(.text), UNUSED)

<P><STRONG><a name="[175]"></a>__heap$guard</STRONG> (Thumb, 2 bytes, Stack size 0 bytes, hguard.o(.text), UNUSED)

<P><STRONG><a name="[b]"></a>_terminate_user_alloc</STRONG> (Thumb, 2 bytes, Stack size 0 bytes, init_alloc.o(.text), UNUSED)

<P><STRONG><a name="[a]"></a>_init_user_alloc</STRONG> (Thumb, 2 bytes, Stack size 0 bytes, init_alloc.o(.text), UNUSED)

<P><STRONG><a name="[cf]"></a>__Heap_Full</STRONG> (Thumb, 34 bytes, Stack size 16 bytes, init_alloc.o(.text), UNUSED)
<BR><BR>[Calls]<UL><LI><a href="#[ea]">&gt;&gt;</a>&nbsp;&nbsp;&nbsp;__rt_heap_expand
<LI><a href="#[eb]">&gt;&gt;</a>&nbsp;&nbsp;&nbsp;__Heap_ProvideMemory
</UL>
<BR>[Called By]<UL><LI><a href="#[cd]">&gt;&gt;</a>&nbsp;&nbsp;&nbsp;malloc
</UL>

<P><STRONG><a name="[ec]"></a>__Heap_Broken</STRONG> (Thumb, 6 bytes, Stack size 0 bytes, init_alloc.o(.text), UNUSED)
<BR><BR>[Calls]<UL><LI><a href="#[ed]">&gt;&gt;</a>&nbsp;&nbsp;&nbsp;__rt_SIGRTMEM
</UL>

<P><STRONG><a name="[a5]"></a>_init_alloc</STRONG> (Thumb, 94 bytes, Stack size 24 bytes, init_alloc.o(.text))
[...]
<LI><a href="#[129]">&gt;&gt;</a>&nbsp;&nbsp;&nbsp;mbed::FilePath::FilePath(const char*)
<LI><a href="#[12d]">&gt;&gt;</a>&nbsp;&nbsp;&nbsp;mbed::FilePath::fileName()
<LI><a href="#[128]">&gt;&gt;</a>&nbsp;&nbsp;&nbsp;mbed::FilePath::isFile()
<LI><a href="#[12c]">&gt;&gt;</a>&nbsp;&nbsp;&nbsp;mbed::FilePath::exists()
<LI><a href="#[127]">&gt;&gt;</a>&nbsp;&nbsp;&nbsp;mbed::FilePath::file()
<LI><a href="#[125]">&gt;&gt;</a>&nbsp;&nbsp;&nbsp;mbed::FilePath::fileSystem()
</UL>
<BR>[Called By]<UL><LI><a href="#[e3]">&gt;&gt;</a>&nbsp;&nbsp;&nbsp;freopen
</UL>

<P><STRONG><a name="[df]"></a>_sys_seek</STRONG> (Thumb, 36 bytes, Stack size 0 bytes, retarget.o(i._sys_seek))
<BR><BR>[Called By]<UL><LI><a href="#[de]">&gt;&gt;</a>&nbsp;&nbsp;&nbsp;_writebuf
</UL>

<P><STRONG><a name="[e0]"></a>_sys_write</STRONG> (Thumb, 84 bytes, Stack size 16 bytes, retarget.o(i._sys_write))
<BR><BR>[Stack]<UL><LI>Max Depth = 392 + Unknown Stack Size
<LI>Call Chain = _sys_write &rArr; serial_init &rArr;  pin_mode (Cycle)
</UL>
<BR>[Calls]<UL><LI><a href="#[12e]">&gt;&gt;</a>&nbsp;&nbsp;&nbsp;serial_putc
<LI><a href="#[12b]">&gt;&gt;</a>&nbsp;&nbsp;&nbsp;serial_init
</UL>
<BR>[Called By]<UL><LI><a href="#[de]">&gt;&gt;</a>&nbsp;&nbsp;&nbsp;_writebuf
</UL>

<P><STRONG><a name="[12f]"></a>error</STRONG> (Thumb, 20 bytes, Stack size 24 bytes, error.o(i.error))
<BR><BR>[Stack]<UL><LI>Max Depth = 312 + Unknown Stack Size
<LI>Call Chain = error &rArr; exit &rArr;  fflush (Cycle)
</UL>
<BR>[Calls]<UL><LI><a href="#[b4]">&gt;&gt;</a>&nbsp;&nbsp;&nbsp;vfprintf
<LI><a href="#[b3]">&gt;&gt;</a>&nbsp;&nbsp;&nbsp;exit
</UL>
<BR>[Called By]<UL><LI><a href="#[13d]">&gt;&gt;</a>&nbsp;&nbsp;&nbsp;pinmap_pinout
<LI><a href="#[13c]">&gt;&gt;</a>&nbsp;&nbsp;&nbsp;pinmap_peripheral
<LI><a href="#[13b]">&gt;&gt;</a>&nbsp;&nbsp;&nbsp;pinmap_merge
</UL>

<P><STRONG><a name="[b3]"></a>exit</STRONG> (Thumb, 24 bytes, Stack size 0 bytes, retarget.o(i.exit))
<BR><BR>[Stack]<UL><LI>Max Depth = 288 + Unknown Stack Size
 + In Cycle
<LI>Call Chain = exit &rArr;  fflush (Cycle)
</UL>
<BR>[Calls]<UL><LI><a href="#[c7]">&gt;&gt;</a>&nbsp;&nbsp;&nbsp;fflush
<LI><a href="#[130]">&gt;&gt;</a>&nbsp;&nbsp;&nbsp;mbed_die
</UL>
<BR>[Called By]<UL><LI><a href="#[12f]">&gt;&gt;</a>&nbsp;&nbsp;&nbsp;error
<LI><a href="#[b1]">&gt;&gt;</a>&nbsp;&nbsp;&nbsp;__rt_entry_main
</UL>

<P><STRONG><a name="[75]"></a>fputc</STRONG> (Thumb, 26 bytes, Stack size 0 bytes, fputc.o(i.fputc))
<BR><BR>[Stack]<UL><LI>Max Depth = 32<LI>Call Chain = fputc &rArr; __flsbuf_byte
</UL>
<BR>[Calls]<UL><LI><a href="#[131]">&gt;&gt;</a>&nbsp;&nbsp;&nbsp;__flsbuf_byte
</UL>
<BR>[Called By]<UL><LI><a href="#[106]">&gt;&gt;</a>&nbsp;&nbsp;&nbsp;fputs
</UL>
<BR>[Address Reference Count : 1]<UL><LI> _printf_char_file.o(.text)
</UL>
<P><STRONG><a name="[132]"></a>gpio_dir</STRONG> (Thumb, 90 bytes, Stack size 40 bytes, gpio_api.o(i.gpio_dir))
<BR><BR>[Stack]<UL><LI>Max Depth = 192 + Unknown Stack Size
<LI>Call Chain = gpio_dir &rArr; mbed_assert_internal &rArr;  mbed_die (Cycle)
</UL>
<BR>[Calls]<UL><LI><a href="#[118]">&gt;&gt;</a>&nbsp;&nbsp;&nbsp;GPIO_HAL_SetPinDir
<LI><a href="#[133]">&gt;&gt;</a>&nbsp;&nbsp;&nbsp;mbed_assert_internal
</UL>
<BR>[Called By]<UL><LI><a href="#[11a]">&gt;&gt;</a>&nbsp;&nbsp;&nbsp;gpio_init_in
<LI><a href="#[137]">&gt;&gt;</a>&nbsp;&nbsp;&nbsp;gpio_init_out
</UL>

<P><STRONG><a name="[134]"></a>gpio_init</STRONG> (Thumb, 90 bytes, Stack size 32 bytes, gpio_api.o(i.gpio_init))
<BR><BR>[Stack]<UL><LI>Max Depth = 32 + In Cycle
<LI>Call Chain = gpio_init &rArr;  __aeabi_assert (Cycle)
</UL>
<BR>[Calls]<UL><LI><a href="#[c8]">&gt;&gt;</a>&nbsp;&nbsp;&nbsp;__aeabi_assert
<LI><a href="#[135]">&gt;&gt;</a>&nbsp;&nbsp;&nbsp;SIM_HAL_EnablePortClock
</UL>
<BR>[Called By]<UL><LI><a href="#[11a]">&gt;&gt;</a>&nbsp;&nbsp;&nbsp;gpio_init_in
<LI><a href="#[137]">&gt;&gt;</a>&nbsp;&nbsp;&nbsp;gpio_init_out
</UL>

<P><STRONG><a name="[11a]"></a>gpio_init_in</STRONG> (Thumb, 38 bytes, Stack size 16 bytes, gpio.o(i.gpio_init_in))
<BR><BR>[Stack]<UL><LI>Max Depth = 552 + Unknown Stack Size
<LI>Call Chain = gpio_init_in &rArr; gpio_mode &rArr; pin_mode &rArr; __aeabi_assert &rArr; __assert_puts &rArr; fflush &rArr; _do_fflush &rArr; _fflush &rArr; _writebuf &rArr; _sys_write &rArr; serial_init &rArr;  pin_mode (Cycle)
</UL>
<BR>[Calls]<UL><LI><a href="#[136]">&gt;&gt;</a>&nbsp;&nbsp;&nbsp;gpio_mode
<LI><a href="#[134]">&gt;&gt;</a>&nbsp;&nbsp;&nbsp;gpio_init
<LI><a href="#[132]">&gt;&gt;</a>&nbsp;&nbsp;&nbsp;gpio_dir
</UL>
<BR>[Called By]<UL><LI><a href="#[11]">&gt;&gt;</a>&nbsp;&nbsp;&nbsp;NMI_Handler
</UL>

<P><STRONG><a name="[137]"></a>gpio_init_out</STRONG> (Thumb, 108 bytes, Stack size 48 bytes, gpio.o(i.gpio_init_out))
<BR><BR>[Stack]<UL><LI>Max Depth = 240 + Unknown Stack Size
 + In Cycle
<LI>Call Chain = gpio_init_out &rArr;  gpio_mode (Cycle)
</UL>
<BR>[Calls]<UL><LI><a href="#[136]">&gt;&gt;</a>&nbsp;&nbsp;&nbsp;gpio_mode
<LI><a href="#[134]">&gt;&gt;</a>&nbsp;&nbsp;&nbsp;gpio_init
<LI><a href="#[132]">&gt;&gt;</a>&nbsp;&nbsp;&nbsp;gpio_dir
<LI><a href="#[133]">&gt;&gt;</a>&nbsp;&nbsp;&nbsp;mbed_assert_internal
<LI><a href="#[119]">&gt;&gt;</a>&nbsp;&nbsp;&nbsp;GPIO_HAL_WritePinOutput
</UL>
<BR>[Called By]<UL><LI><a href="#[130]">&gt;&gt;</a>&nbsp;&nbsp;&nbsp;mbed_die
</UL>

<P><STRONG><a name="[136]"></a>gpio_mode</STRONG> (Thumb, 6 bytes, Stack size 0 bytes, gpio_api.o(i.gpio_mode))
<BR><BR>[Stack]<UL><LI>Max Depth = 536 + Unknown Stack Size
<LI>Call Chain = gpio_mode &rArr; pin_mode &rArr; __aeabi_assert &rArr; __assert_puts &rArr; fflush &rArr; _do_fflush &rArr; _fflush &rArr; _writebuf &rArr; _sys_write &rArr; serial_init &rArr;  pin_mode (Cycle)
</UL>
<BR>[Calls]<UL><LI><a href="#[138]">&gt;&gt;</a>&nbsp;&nbsp;&nbsp;pin_mode
</UL>
<BR>[Called By]<UL><LI><a href="#[11a]">&gt;&gt;</a>&nbsp;&nbsp;&nbsp;gpio_init_in
<LI><a href="#[137]">&gt;&gt;</a>&nbsp;&nbsp;&nbsp;gpio_init_out
</UL>

<P><STRONG><a name="[10e]"></a>$Super$$main</STRONG> (Thumb, 6 bytes, Stack size 0 bytes, main.o(i.main))
<BR><BR>[Stack]<UL><LI>Max Depth = 544 + Unknown Stack Size
<LI>Call Chain = $Super$$main &rArr; bootloader() &rArr; RCM_HAL_GetSrcStatusCmd &rArr; __aeabi_assert &rArr; __assert_puts &rArr; fflush &rArr; _do_fflush &rArr; _fflush &rArr; _writebuf &rArr; _sys_write &rArr; serial_init &rArr;  pin_mode (Cycle)
</UL>
<BR>[Calls]<UL><LI><a href="#[11e]">&gt;&gt;</a>&nbsp;&nbsp;&nbsp;bootloader()
</UL>
<BR>[Called By]<UL><LI><a href="#[b2]">&gt;&gt;</a>&nbsp;&nbsp;&nbsp;main
</UL>

<P><STRONG><a name="[133]"></a>mbed_assert_internal</STRONG> (Thumb, 24 bytes, Stack size 8 bytes, assert.o(i.mbed_assert_internal))
<BR><BR>[Stack]<UL><LI>Max Depth = 152 + Unknown Stack Size
 + In Cycle
<LI>Call Chain = mbed_assert_internal &rArr;  mbed_die (Cycle)
</UL>
<BR>[Calls]<UL><LI><a href="#[b6]">&gt;&gt;</a>&nbsp;&nbsp;&nbsp;__2fprintf
<LI><a href="#[130]">&gt;&gt;</a>&nbsp;&nbsp;&nbsp;mbed_die
</UL>
<BR>[Called By]<UL><LI><a href="#[13a]">&gt;&gt;</a>&nbsp;&nbsp;&nbsp;pin_function
<LI><a href="#[132]">&gt;&gt;</a>&nbsp;&nbsp;&nbsp;gpio_dir
<LI><a href="#[138]">&gt;&gt;</a>&nbsp;&nbsp;&nbsp;pin_mode
<LI><a href="#[12b]">&gt;&gt;</a>&nbsp;&nbsp;&nbsp;serial_init
<LI><a href="#[130]">&gt;&gt;</a>&nbsp;&nbsp;&nbsp;mbed_die
<LI><a href="#[137]">&gt;&gt;</a>&nbsp;&nbsp;&nbsp;gpio_init_out
</UL>

<P><STRONG><a name="[130]"></a>mbed_die</STRONG> (Thumb, 130 bytes, Stack size 48 bytes, board.o(i.mbed_die))
<BR><BR>[Stack]<UL><LI>Max Depth = 288 + Unknown Stack Size
<LI>Call Chain = mbed_die &rArr; gpio_init_out &rArr;  gpio_mode (Cycle)
</UL>
<BR>[Calls]<UL><LI><a href="#[139]">&gt;&gt;</a>&nbsp;&nbsp;&nbsp;wait_ms
<LI><a href="#[133]">&gt;&gt;</a>&nbsp;&nbsp;&nbsp;mbed_assert_internal
<LI><a href="#[137]">&gt;&gt;</a>&nbsp;&nbsp;&nbsp;gpio_init_out
<LI><a href="#[119]">&gt;&gt;</a>&nbsp;&nbsp;&nbsp;GPIO_HAL_WritePinOutput
</UL>
<BR>[Called By]<UL><LI><a href="#[b3]">&gt;&gt;</a>&nbsp;&nbsp;&nbsp;exit
<LI><a href="#[133]">&gt;&gt;</a>&nbsp;&nbsp;&nbsp;mbed_assert_internal
</UL>

<P><STRONG><a name="[10d]"></a>mbed_main</STRONG> (Thumb, 2 bytes, Stack size 0 bytes, retarget.o(i.mbed_main))
<BR><BR>[Called By]<UL><LI><a href="#[b2]">&gt;&gt;</a>&nbsp;&nbsp;&nbsp;main
</UL>

<P><STRONG><a name="[10c]"></a>mbed_sdk_init</STRONG> (Thumb, 2 bytes, Stack size 0 bytes, retarget.o(i.mbed_sdk_init))
<BR><BR>[Called By]<UL><LI><a href="#[b2]">&gt;&gt;</a>&nbsp;&nbsp;&nbsp;main
</UL>

<P><STRONG><a name="[13a]"></a>pin_function</STRONG> (Thumb, 84 bytes, Stack size 32 bytes, pinmap.o(i.pin_function))
<BR><BR>[Stack]<UL><LI>Max Depth = 184 + Unknown Stack Size
 + In Cycle
<LI>Call Chain = pin_function &rArr;  __aeabi_assert (Cycle)
</UL>
<BR>[Calls]<UL><LI><a href="#[c8]">&gt;&gt;</a>&nbsp;&nbsp;&nbsp;__aeabi_assert
<LI><a href="#[135]">&gt;&gt;</a>&nbsp;&nbsp;&nbsp;SIM_HAL_EnablePortClock
<LI><a href="#[133]">&gt;&gt;</a>&nbsp;&nbsp;&nbsp;mbed_assert_internal
</UL>
<BR>[Called By]<UL><LI><a href="#[13d]">&gt;&gt;</a>&nbsp;&nbsp;&nbsp;pinmap_pinout
</UL>

<P><STRONG><a name="[138]"></a>pin_mode</STRONG> (Thumb, 132 bytes, Stack size 40 bytes, pinmap.o(i.pin_mode))
<BR><BR>[Stack]<UL><LI>Max Depth = 536 + Unknown Stack Size
<LI>Call Chain = pin_mode &rArr; __aeabi_assert &rArr; __assert_puts &rArr; fflush &rArr; _do_fflush &rArr; _fflush &rArr; _writebuf &rArr; _sys_write &rArr; serial_init &rArr;  pin_mode (Cycle)
</UL>
<BR>[Calls]<UL><LI><a href="#[c8]">&gt;&gt;</a>&nbsp;&nbsp;&nbsp;__aeabi_assert
<LI><a href="#[133]">&gt;&gt;</a>&nbsp;&nbsp;&nbsp;mbed_assert_internal
</UL>
<BR>[Called By]<UL><LI><a href="#[136]">&gt;&gt;</a>&nbsp;&nbsp;&nbsp;gpio_mode
<LI><a href="#[13d]">&gt;&gt;</a>&nbsp;&nbsp;&nbsp;pinmap_pinout
<LI><a href="#[12b]">&gt;&gt;</a>&nbsp;&nbsp;&nbsp;serial_init
</UL>

<P><STRONG><a name="[13b]"></a>pinmap_merge</STRONG> (Thumb, 34 bytes, Stack size 8 bytes, pinmap_common.o(i.pinmap_merge))
<BR><BR>[Stack]<UL><LI>Max Depth = 320 + Unknown Stack Size
<LI>Call Chain = pinmap_merge &rArr; error &rArr; exit &rArr;  fflush (Cycle)
</UL>
<BR>[Calls]<UL><LI><a href="#[12f]">&gt;&gt;</a>&nbsp;&nbsp;&nbsp;error
</UL>
<BR>[Called By]<UL><LI><a href="#[12b]">&gt;&gt;</a>&nbsp;&nbsp;&nbsp;serial_init
</UL>

<P><STRONG><a name="[13c]"></a>pinmap_peripheral</STRONG> (Thumb, 54 bytes, Stack size 8 bytes, pinmap_common.o(i.pinmap_peripheral))
<BR><BR>[Stack]<UL><LI>Max Depth = 320 + Unknown Stack Size
<LI>Call Chain = pinmap_peripheral &rArr; error &rArr; exit &rArr;  fflush (Cycle)
</UL>
<BR>[Calls]<UL><LI><a href="#[12f]">&gt;&gt;</a>&nbsp;&nbsp;&nbsp;error
</UL>
<BR>[Called By]<UL><LI><a href="#[12b]">&gt;&gt;</a>&nbsp;&nbsp;&nbsp;serial_init
</UL>

<P><STRONG><a name="[13d]"></a>pinmap_pinout</STRONG> (Thumb, 60 bytes, Stack size 8 bytes, pinmap_common.o(i.pinmap_pinout))
<BR><BR>[Stack]<UL><LI>Max Depth = 320 + Unknown Stack Size
 + In Cycle
<LI>Call Chain = pinmap_pinout &rArr;  pin_mode (Cycle)
</UL>
<BR>[Calls]<UL><LI><a href="#[12f]">&gt;&gt;</a>&nbsp;&nbsp;&nbsp;error
<LI><a href="#[13a]">&gt;&gt;</a>&nbsp;&nbsp;&nbsp;pin_function
<LI><a href="#[138]">&gt;&gt;</a>&nbsp;&nbsp;&nbsp;pin_mode
</UL>
<BR>[Called By]<UL><LI><a href="#[12b]">&gt;&gt;</a>&nbsp;&nbsp;&nbsp;serial_init
</UL>

<P><STRONG><a name="[12b]"></a>serial_init</STRONG> (Thumb, 270 bytes, Stack size 56 bytes, serial_api.o(i.serial_init))
<BR><BR>[Stack]<UL><LI>Max Depth = 376 + Unknown Stack Size
 + In Cycle
<LI>Call Chain = serial_init &rArr;  pin_mode (Cycle)
</UL>
<BR>[Calls]<UL><LI><a href="#[13d]">&gt;&gt;</a>&nbsp;&nbsp;&nbsp;pinmap_pinout
<LI><a href="#[13c]">&gt;&gt;</a>&nbsp;&nbsp;&nbsp;pinmap_peripheral
<LI><a href="#[13b]">&gt;&gt;</a>&nbsp;&nbsp;&nbsp;pinmap_merge
<LI><a href="#[138]">&gt;&gt;</a>&nbsp;&nbsp;&nbsp;pin_mode
<LI><a href="#[140]">&gt;&gt;</a>&nbsp;&nbsp;&nbsp;UART_HAL_SetBaudRate
<LI><a href="#[13f]">&gt;&gt;</a>&nbsp;&nbsp;&nbsp;UART_HAL_Init
<LI><a href="#[13e]">&gt;&gt;</a>&nbsp;&nbsp;&nbsp;SIM_HAL_EnableUartClock
<LI><a href="#[117]">&gt;&gt;</a>&nbsp;&nbsp;&nbsp;CLOCK_SYS_GetUartFreq
<LI><a href="#[133]">&gt;&gt;</a>&nbsp;&nbsp;&nbsp;mbed_assert_internal
</UL>
<BR>[Called By]<UL><LI><a href="#[e0]">&gt;&gt;</a>&nbsp;&nbsp;&nbsp;_sys_write
<LI><a href="#[fc]">&gt;&gt;</a>&nbsp;&nbsp;&nbsp;_sys_open
</UL>

<P><STRONG><a name="[12e]"></a>serial_putc</STRONG> (Thumb, 110 bytes, Stack size 80 bytes, serial_api.o(i.serial_putc))
<BR><BR>[Stack]<UL><LI>Max Depth = 80<LI>Call Chain = serial_putc
</UL>
<BR>[Calls]<UL><LI><a href="#[143]">&gt;&gt;</a>&nbsp;&nbsp;&nbsp;UART_HAL_Putchar
<LI><a href="#[141]">&gt;&gt;</a>&nbsp;&nbsp;&nbsp;UART_HAL_GetStatusFlag
<LI><a href="#[142]">&gt;&gt;</a>&nbsp;&nbsp;&nbsp;UART_HAL_ClearStatusFlag
</UL>
<BR>[Called By]<UL><LI><a href="#[e0]">&gt;&gt;</a>&nbsp;&nbsp;&nbsp;_sys_write
</UL>

<P><STRONG><a name="[146]"></a>us_ticker_clear_interrupt</STRONG> (Thumb, 8 bytes, Stack size 0 bytes, us_ticker.o(i.us_ticker_clear_interrupt))
<BR><BR>[Called By]<UL><LI><a href="#[7a]">&gt;&gt;</a>&nbsp;&nbsp;&nbsp;us_ticker_irq_handler
</UL>

<P><STRONG><a name="[148]"></a>us_ticker_disable_interrupt</STRONG> (Thumb, 8 bytes, Stack size 0 bytes, us_ticker.o(i.us_ticker_disable_interrupt))
<BR><BR>[Called By]<UL><LI><a href="#[7a]">&gt;&gt;</a>&nbsp;&nbsp;&nbsp;us_ticker_irq_handler
</UL>

<P><STRONG><a name="[144]"></a>us_ticker_init</STRONG> (Thumb, 100 bytes, Stack size 16 bytes, us_ticker.o(i.us_ticker_init))
<BR><BR>[Stack]<UL><LI>Max Depth = 56<LI>Call Chain = us_ticker_init &rArr; CLOCK_SYS_GetFreq &rArr; CLOCK_SYS_GetSysClkFreq &rArr;  CLOCK_SYS_GetFreq (Cycle)
</UL>
<BR>[Calls]<UL><LI><a href="#[145]">&gt;&gt;</a>&nbsp;&nbsp;&nbsp;SIM_HAL_EnablePitClock
<LI><a href="#[112]">&gt;&gt;</a>&nbsp;&nbsp;&nbsp;CLOCK_SYS_GetFreq
<LI><a href="#[11b]">&gt;&gt;</a>&nbsp;&nbsp;&nbsp;NVIC_SetVector
</UL>
<BR>[Called By]<UL><LI><a href="#[149]">&gt;&gt;</a>&nbsp;&nbsp;&nbsp;us_ticker_set_interrupt
<LI><a href="#[147]">&gt;&gt;</a>&nbsp;&nbsp;&nbsp;us_ticker_read
</UL>

<P><STRONG><a name="[7a]"></a>us_ticker_irq_handler</STRONG> (Thumb, 60 bytes, Stack size 8 bytes, us_ticker_api.o(i.us_ticker_irq_handler))
<BR><BR>[Stack]<UL><LI>Max Depth = 72<LI>Call Chain = us_ticker_irq_handler &rArr; us_ticker_set_interrupt &rArr;  us_ticker_irq_handler (Cycle)
</UL>
<BR>[Calls]<UL><LI><a href="#[149]">&gt;&gt;</a>&nbsp;&nbsp;&nbsp;us_ticker_set_interrupt
<LI><a href="#[148]">&gt;&gt;</a>&nbsp;&nbsp;&nbsp;us_ticker_disable_interrupt
<LI><a href="#[146]">&gt;&gt;</a>&nbsp;&nbsp;&nbsp;us_ticker_clear_interrupt
<LI><a href="#[147]">&gt;&gt;</a>&nbsp;&nbsp;&nbsp;us_ticker_read
</UL>
<BR>[Called By]<UL><LI><a href="#[149]">&gt;&gt;</a>&nbsp;&nbsp;&nbsp;us_ticker_set_interrupt
</UL>
<BR>[Address Reference Count : 1]<UL><LI> us_ticker.o(i.us_ticker_init)
</UL>
<P><STRONG><a name="[147]"></a>us_ticker_read</STRONG> (Thumb, 22 bytes, Stack size 8 bytes, us_ticker.o(i.us_ticker_read))
<BR><BR>[Stack]<UL><LI>Max Depth = 64<LI>Call Chain = us_ticker_read &rArr; us_ticker_init &rArr; CLOCK_SYS_GetFreq &rArr; CLOCK_SYS_GetSysClkFreq &rArr;  CLOCK_SYS_GetFreq (Cycle)
</UL>
<BR>[Calls]<UL><LI><a href="#[144]">&gt;&gt;</a>&nbsp;&nbsp;&nbsp;us_ticker_init
</UL>
<BR>[Called By]<UL><LI><a href="#[7a]">&gt;&gt;</a>&nbsp;&nbsp;&nbsp;us_ticker_irq_handler
<LI><a href="#[139]">&gt;&gt;</a>&nbsp;&nbsp;&nbsp;wait_ms
</UL>

<P><STRONG><a name="[149]"></a>us_ticker_set_interrupt</STRONG> (Thumb, 64 bytes, Stack size 8 bytes, us_ticker.o(i.us_ticker_set_interrupt))
<BR><BR>[Stack]<UL><LI>Max Depth = 64 + In Cycle
<LI>Call Chain = us_ticker_set_interrupt &rArr;  us_ticker_irq_handler (Cycle)
</UL>
<BR>[Calls]<UL><LI><a href="#[7a]">&gt;&gt;</a>&nbsp;&nbsp;&nbsp;us_ticker_irq_handler
<LI><a href="#[144]">&gt;&gt;</a>&nbsp;&nbsp;&nbsp;us_ticker_init
</UL>
<BR>[Called By]<UL><LI><a href="#[7a]">&gt;&gt;</a>&nbsp;&nbsp;&nbsp;us_ticker_irq_handler
</UL>

<P><STRONG><a name="[139]"></a>wait_ms</STRONG> (Thumb, 28 bytes, Stack size 16 bytes, wait_api.o(i.wait_ms))
<BR><BR>[Stack]<UL><LI>Max Depth = 80<LI>Call Chain = wait_ms &rArr; us_ticker_read &rArr; us_ticker_init &rArr; CLOCK_SYS_GetFreq &rArr; CLOCK_SYS_GetSysClkFreq &rArr;  CLOCK_SYS_GetFreq (Cycle)
</UL>
<BR>[Calls]<UL><LI><a href="#[147]">&gt;&gt;</a>&nbsp;&nbsp;&nbsp;us_ticker_read
</UL>
<BR>[Called By]<UL><LI><a href="#[130]">&gt;&gt;</a>&nbsp;&nbsp;&nbsp;mbed_die
</UL>

<P><STRONG><a name="[aa]"></a>_get_lc_numeric</STRONG> (Thumb, 44 bytes, Stack size 8 bytes, lc_numeric_c.o(locale$$code))
<BR><BR>[Stack]<UL><LI>Max Depth = 8<LI>Call Chain = _get_lc_numeric
</UL>
<BR>[Calls]<UL><LI><a href="#[12a]">&gt;&gt;</a>&nbsp;&nbsp;&nbsp;strcmp
</UL>
<BR>[Called By]<UL><LI><a href="#[a9]">&gt;&gt;</a>&nbsp;&nbsp;&nbsp;__rt_lib_init_lc_numeric_2
</UL>

<P><STRONG><a name="[79]"></a>_get_lc_ctype</STRONG> (Thumb, 44 bytes, Stack size 8 bytes, lc_ctype_c.o(locale$$code))
<BR><BR>[Stack]<UL><LI>Max Depth = 8<LI>Call Chain = _get_lc_ctype
</UL>
<BR>[Calls]<UL><LI><a href="#[12a]">&gt;&gt;</a>&nbsp;&nbsp;&nbsp;strcmp
</UL>
<BR>[Called By]<UL><LI><a href="#[a8]">&gt;&gt;</a>&nbsp;&nbsp;&nbsp;__rt_lib_init_lc_ctype_2
</UL>
<BR>[Address Reference Count : 1]<UL><LI> rt_ctype_table.o(.text)
</UL>
<P><STRONG><a name="[a3]"></a>_fp_init</STRONG> (Thumb, 10 bytes, Stack size 0 bytes, fpinit.o(x$fpl$fpinit))
<BR><BR>[Called By]<UL><LI><a href="#[a2]">&gt;&gt;</a>&nbsp;&nbsp;&nbsp;__rt_lib_init_fp_1
</UL>

<P><STRONG><a name="[180]"></a>__fplib_config_fpu_vfp</STRONG> (Thumb, 0 bytes, Stack size unknown bytes, fpinit.o(x$fpl$fpinit), UNUSED)

<P><STRONG><a name="[181]"></a>__fplib_config_pureend_doubles</STRONG> (Thumb, 0 bytes, Stack size unknown bytes, fpinit.o(x$fpl$fpinit), UNUSED)

<P><STRONG><a name="[85]"></a>_printf_fp_dec</STRONG> (Thumb, 4 bytes, Stack size 0 bytes, printf1.o(x$fpl$printf1))
<BR><BR>[Stack]<UL><LI>Max Depth = 320<LI>Call Chain = _printf_fp_dec &rArr; _printf_fp_dec_real &rArr; _fp_digits &rArr; _btod_etento &rArr; _btod_emul &rArr; _e2e
</UL>
<BR>[Calls]<UL><LI><a href="#[f6]">&gt;&gt;</a>&nbsp;&nbsp;&nbsp;_printf_fp_dec_real
</UL>
<BR>[Called By]<UL><LI><a href="#[87]">&gt;&gt;</a>&nbsp;&nbsp;&nbsp;_printf_g
<LI><a href="#[86]">&gt;&gt;</a>&nbsp;&nbsp;&nbsp;_printf_e
<LI><a href="#[84]">&gt;&gt;</a>&nbsp;&nbsp;&nbsp;_printf_f
</UL>

<P><STRONG><a name="[89]"></a>_printf_fp_hex</STRONG> (Thumb, 4 bytes, Stack size 0 bytes, printf2.o(x$fpl$printf2))
<BR><BR>[Stack]<UL><LI>Max Depth = 112<LI>Call Chain = _printf_fp_hex &rArr; _printf_fp_hex_real &rArr; _printf_fp_infnan &rArr; _printf_post_padding
</UL>
<BR>[Calls]<UL><LI><a href="#[f9]">&gt;&gt;</a>&nbsp;&nbsp;&nbsp;_printf_fp_hex_real
</UL>
<BR>[Called By]<UL><LI><a href="#[88]">&gt;&gt;</a>&nbsp;&nbsp;&nbsp;_printf_a
</UL>
<P>
<H3>
Local Symbols
</H3>
<P><STRONG><a name="[70]"></a>DefaultISR</STRONG> (Thumb, 0 bytes, Stack size 0 bytes, startup_MK64F12.o(.text))
<BR>[Address Reference Count : 1]<UL><LI> startup_MK64F12.o(RESET)
</UL>
<P><STRONG><a name="[76]"></a>_scanf_char_input</STRONG> (Thumb, 12 bytes, Stack size 0 bytes, scanf_char.o(.text))
<BR>[Address Reference Count : 1]<UL><LI> scanf_char.o(.text)
</UL>
<P><STRONG><a name="[f1]"></a>_fp_digits</STRONG> (Thumb, 428 bytes, Stack size 96 bytes, _printf_fp_dec.o(.text))
<BR><BR>[Stack]<UL><LI>Max Depth = 216<LI>Call Chain = _fp_digits &rArr; _btod_etento &rArr; _btod_emul &rArr; _e2e
</UL>
<BR>[Calls]<UL><LI><a href="#[f5]">&gt;&gt;</a>&nbsp;&nbsp;&nbsp;_btod_emul
<LI><a href="#[f4]">&gt;&gt;</a>&nbsp;&nbsp;&nbsp;_btod_ediv
<LI><a href="#[f3]">&gt;&gt;</a>&nbsp;&nbsp;&nbsp;_btod_d2e
<LI><a href="#[f2]">&gt;&gt;</a>&nbsp;&nbsp;&nbsp;_btod_etento
<LI><a href="#[d6]">&gt;&gt;</a>&nbsp;&nbsp;&nbsp;_ll_udiv10
</UL>
<BR>[Called By]<UL><LI><a href="#[f6]">&gt;&gt;</a>&nbsp;&nbsp;&nbsp;_printf_fp_dec_real
</UL>

<P><STRONG><a name="[78]"></a>_printf_input_char</STRONG> (Thumb, 10 bytes, Stack size 0 bytes, _printf_char_common.o(.text))
<BR>[Address Reference Count : 1]<UL><LI> _printf_char_common.o(.text)
</UL><P>
<H3>
Undefined Global Symbols
</H3><HR></body></html>
