<html>
<body>
<pre>
<h1>µVision Build Log</h1>
<h2>Tool Versions:</h2>
IDE-Version: ¦ÌVision V5.16.0.0
Copyright (C) 2015 ARM Ltd and ARM Germany GmbH. All rights reserved.
License Information: ora ang, 123, LIC=DSNMM-XPZW5-IL1CB-2LCCL-EMB3N-M89AR
 
Tool Versions:
Toolchain:       MDK-ARM Professional  Version: 5.16.0.0
Toolchain Path:  F:\install\softwares\Keil_v5\ARM\ARMCC\Bin
C Compiler:      Armcc.exe V5.06 (build 20)
Assembler:       Armasm.exe V5.06 (build 20)
Linker/Locator:  ArmLink.exe V5.06 (build 20)
Library Manager: ArmAr.exe V5.06 (build 20)
Hex Converter:   FromElf.exe V5.06 (build 20)
CPU DLL:         SARMCM3.DLL V5.16.0.0
Dialog DLL:      DCM.DLL V1.13.2.0
Target DLL:      Segger\JL2CM3.dll V2.99.15.2
Dialog DLL:      TCM.DLL V1.14.5.0
 
<h2>Project:</h2>
I:\Shared Plugs\Bootloader_K64F_20180101\Bootloader_K64F_20160926.uvprojx
Project File Date:  01/15/2018

<h2>Output:</h2>
*** Using Compiler 'V5.06 (build 20)', folder: 'F:\install\softwares\Keil_v5\ARM\ARMCC\Bin'
Build target 'Bootloader_K64F_20160926'
compiling bootloader.cpp...
bootloader.cpp(199): warning:  #1-D: last line of file ends without a newline
  }
bootloader.cpp: 1 warning, 0 errors
linking...
Program Size: Code=19342 RO-data=4158 RW-data=52 ZI-data=472  
After Build - User command #1: fromelf --bin  -o .\build\uvision5\Bootloader_K64F_20160926.bin  .\build\uvision5\Bootloader_K64F_20160926.axf
".\build\uvision5\Bootloader_K64F_20160926.axf" - 0 Error(s), 1 Warning(s).

<h2>Collection of Component include folders:</h2>
  I:\Shared Plugs\Bootloader_K64F_20180101\RTE
  F:\install\softwares\Keil_v5\ARM\PACK\Keil\Kinetis_K60_DFP\1.4.0\Device\Include

<h2>Collection of Component Files used:</h2>
Build Time Elapsed:  00:00:10
</pre>
</body>
</html>
